[1] "using pine_env"
Le chargement a nécessité le package : Matrix

Attachement du package : ‘tidyr’

Les objets suivants sont masqués depuis ‘package:Matrix’:

    expand, pack, unpack

Le chargement a nécessité le package : foreach
Le chargement a nécessité le package : iterators
Le chargement a nécessité le package : parallel
Le chargement a nécessité le package : rngtools
This build of rgl does not include OpenGL functions.  Use
 rglwidget() to display results, e.g. via options(rgl.printRglwidget = TRUE).
Le chargement a nécessité le package : Rcpp
Le chargement a nécessité le package : RcppZiggurat
Le chargement a nécessité le package : RcppParallel

Attachement du package : ‘RcppParallel’

L'objet suivant est masqué depuis ‘package:Rcpp’:

    LdFlags


Rfast: 2.1.0
 ___ __ __ __ __    __ __ __ __ __ _             _               __ __ __ __ __     __ __ __ __ __ __   
|  __ __ __ __  |  |  __ __ __ __ _/            / \             |  __ __ __ __ /   /__ __ _   _ __ __\  
| |           | |  | |                         / _ \            | |                        / /          
| |           | |  | |                        / / \ \           | |                       / /          
| |           | |  | |                       / /   \ \          | |                      / /          
| |__ __ __ __| |  | |__ __ __ __           / /     \ \         | |__ __ __ __ _        / /__/\          
|    __ __ __ __|  |  __ __ __ __|         / /__ _ __\ \        |_ __ __ __ _   |      / ___  /           
|   \              | |                    / _ _ _ _ _ _ \                     | |      \/  / /       
| |\ \             | |                   / /           \ \                    | |         / /          
| | \ \            | |                  / /             \ \                   | |        / /          
| |  \ \           | |                 / /               \ \                  | |       / /          
| |   \ \__ __ _   | |                / /                 \ \     _ __ __ __ _| |      / /          
|_|    \__ __ __\  |_|               /_/                   \_\   /_ __ __ __ ___|      \/             team

Attachement du package : ‘Rfast’

Les objets suivants sont masqués depuis ‘package:robustbase’:

    colMedians, rowMedians

L'objet suivant est masqué depuis ‘package:data.table’:

    transpose

Le chargement a nécessité le package : lattice

Attachement du package : ‘plotly’

L'objet suivant est masqué depuis ‘package:ggplot2’:

    last_plot

L'objet suivant est masqué depuis ‘package:MASS’:

    select

L'objet suivant est masqué depuis ‘package:stats’:

    filter

L'objet suivant est masqué depuis ‘package:graphics’:

    layout


Attachement du package : ‘dplyr’

L'objet suivant est masqué depuis ‘package:Rfast’:

    nth

Les objets suivants sont masqués depuis ‘package:data.table’:

    between, first, last

L'objet suivant est masqué depuis ‘package:MASS’:

    select

Les objets suivants sont masqués depuis ‘package:stats’:

    filter, lag

Les objets suivants sont masqués depuis ‘package:base’:

    intersect, setdiff, setequal, union


Attachement du package : ‘kernlab’

L'objet suivant est masqué depuis ‘package:ggplot2’:

    alpha

Le chargement a nécessité le package : corpcor

Attachement du package : ‘corpcor’

L'objet suivant est masqué depuis ‘package:matrixcalc’:

    is.positive.definite

Loaded glmnet 4.1-8

Loaded mixOmics 6.25.1
Thank you for using mixOmics!
Tutorials: http://mixomics.org
Bookdown vignette: https://mixomicsteam.github.io/Bookdown
Questions, issues: Follow the prompts at http://mixomics.org/contact-us
Cite us:  citation('mixOmics')

[1] "kernel: linear"
[1] "trait: T5"
$opt_results
   whitening_method alpha_ prediction_method   mean_pa white_reg_combination
1           ZCA-cor   0.01                rf 0.2253167          ZCA-cor/0.01
10          ZCA-cor   0.10               svr 0.2285457           ZCA-cor/0.1
13          ZCA-cor   0.01             gblup 0.1944275          ZCA-cor/0.01
22          ZCA-cor   0.10              rkhs 0.2243095           ZCA-cor/0.1
28          ZCA-cor   0.10             lasso 0.2353980           ZCA-cor/0.1

$opt_alpha_
[1] 0.1

$opt_whitening_method
[1] "ZCA-cor"

[1] "Execution time for wiser computation of T5 with linear kernel : 10.8"
[1] "x_mat_tilde_mult_xi_test[1:10]: -5.69662372829072e-11, 6.68874226839034e-10, -5.42742313765221e-11, 2.27777012529184e-10, -1.84354155205457e-11"
[1] "mean of x_mat_tilde_mult_xi_test: -3.3201975678026e-11"
[1] "median of x_mat_tilde_mult_xi_test: -5.53833324687392e-12"
                RF_wiser SVR_wiser GBLUP_wiser RKHS_wiser LASSO_wiser
gp_scenario_1     0.0480    0.0770      0.0540     0.0390       0.280
gp_scenario_2     0.4900    0.5200      0.5400     0.5100       0.470
gp_scenario_3     0.4000    0.3500      0.2200     0.2800       0.320
gp_scenario_4     0.0900   -0.0092     -0.0220    -0.0038       0.440
gp_scenario_5     0.2300    0.3100      0.2000     0.2500       0.350
gp_scenario_6     0.2900    0.1200      0.2000     0.2700       0.420
gp_scenario_7     0.3900    0.4500      0.3700     0.4300       0.410
gp_scenario_8     0.2700    0.2300      0.2300     0.2100       0.260
gp_scenario_9     0.2600    0.4800      0.5100     0.4700       0.370
gp_scenario_10   -0.0460   -0.0230     -0.0028    -0.0270       0.270
gp_scenario_11    0.1100    0.1300      0.0100     0.0390       0.250
gp_scenario_12    0.5700    0.5100      0.4200     0.4700          NA
gp_scenario_13    0.0580   -0.0091     -0.0260     0.0550       0.350
gp_scenario_14    0.0350    0.1900      0.2200     0.1500       0.310
gp_scenario_15    0.1200    0.1600      0.1200     0.1300       0.360
gp_scenario_16    0.2400    0.4600      0.4200     0.5100       0.250
gp_scenario_17    0.2000    0.1900      0.1600     0.1800       0.410
gp_scenario_18    0.5000    0.5100      0.3600     0.4300       0.600
gp_scenario_19   -0.0390    0.0280      0.0430     0.0370       0.140
gp_scenario_20    0.1600    0.2000      0.2100     0.3100       0.340
gp_scenario_21    0.4600    0.4200      0.3000     0.3600       0.440
gp_scenario_22    0.3900    0.3700      0.2100     0.2700       0.490
gp_scenario_23    0.2600    0.3100      0.3200     0.3100       0.440
gp_scenario_24    0.3200    0.2800      0.2800     0.2800       0.270
gp_scenario_25    0.1000    0.2100      0.1500     0.1700       0.170
gp_scenario_26    0.3300    0.3900      0.3700     0.4500       0.380
gp_scenario_27    0.3700    0.3400      0.2400     0.2800       0.440
gp_scenario_28   -0.0082    0.2300      0.2100     0.1800       0.049
gp_scenario_29    0.4300    0.3800      0.3600     0.3500       0.390
gp_scenario_30    0.0450    0.0390      0.0380     0.0380       0.290
gp_scenario_31    0.4700    0.4700      0.5000     0.4200       0.440
gp_scenario_32    0.1300    0.1800      0.1900     0.1700       0.220
gp_scenario_33    0.2900    0.4200      0.3100     0.3100       0.350
gp_scenario_34   -0.1600   -0.0220      0.0300     0.0440       0.280
gp_scenario_35    0.4200    0.4400      0.3300     0.3500       0.280
gp_scenario_36    0.2100    0.2100      0.2100     0.2500       0.210
gp_scenario_37    0.3300    0.4400      0.3800     0.4500       0.550
gp_scenario_38    0.3700    0.4000      0.4000     0.3700       0.350
gp_scenario_39    0.0310    0.0430      0.0650     0.0190       0.110
gp_scenario_40    0.0290    0.1800      0.1500     0.1400       0.180
gp_scenario_41    0.0200    0.0014     -0.0290    -0.0070       0.220
gp_scenario_42    0.1200    0.2500      0.1200     0.1300       0.270
gp_scenario_43    0.0390   -0.0500     -0.0250    -0.0530       0.071
gp_scenario_44    0.5400    0.4900      0.5000     0.5100       0.480
gp_scenario_45    0.2900    0.4400      0.4600     0.4300       0.290
gp_scenario_46    0.2300    0.1600      0.1600     0.2600       0.240
gp_scenario_47    0.4500    0.6400      0.6000     0.5400       0.370
gp_scenario_48    0.3500    0.3800      0.2800     0.3400       0.370
gp_scenario_49   -0.0530    0.0200      0.0300    -0.0040       0.220
gp_scenario_50    0.1900    0.1600      0.1100     0.1200       0.370
gp_scenario_51    0.1600    0.4000      0.3900     0.4300       0.450
gp_scenario_52    0.2800    0.3500      0.3200     0.3300       0.210
gp_scenario_53    0.0940    0.2200      0.1400     0.1400       0.210
gp_scenario_54    0.3700    0.5000      0.5000     0.5000       0.400
gp_scenario_55    0.4400    0.5600      0.5500     0.5900       0.510
gp_scenario_56    0.3600    0.3800      0.2700     0.3700       0.500
gp_scenario_57    0.2700    0.3400      0.3000     0.3000       0.240
gp_scenario_58    0.5700    0.6000      0.6000     0.5600       0.500
gp_scenario_59    0.2700    0.2800      0.1500     0.2400       0.360
gp_scenario_60   -0.2200   -0.2300     -0.2000    -0.2100       0.110
gp_scenario_61    0.1800    0.2300      0.2400     0.2700       0.410
gp_scenario_62    0.5400    0.4900      0.5700     0.6500       0.410
gp_scenario_63   -0.0380    0.1500      0.0690     0.0430       0.330
gp_scenario_64   -0.0085    0.0790      0.0940     0.0630       0.074
gp_scenario_65    0.2100    0.2700      0.2600     0.2600       0.490
gp_scenario_66    0.4300    0.4700      0.4400     0.5100       0.540
gp_scenario_67   -0.0180    0.0860      0.1100     0.0670       0.300
gp_scenario_68    0.2000    0.1800      0.1900     0.2300       0.250
gp_scenario_69    0.2600    0.3500      0.3400     0.3400       0.300
gp_scenario_70    0.3600    0.4100      0.3900     0.3900       0.450
gp_scenario_71    0.0530    0.1400      0.1700     0.1200       0.110
gp_scenario_72    0.1200    0.1800      0.1800     0.1800       0.340
gp_scenario_73    0.3100    0.5600      0.4900     0.5600       0.350
gp_scenario_74    0.4200    0.2800      0.2700     0.3800       0.480
gp_scenario_75   -0.0960    0.1600      0.0064     0.0390       0.054
gp_scenario_76    0.3900    0.4900      0.4200     0.5800       0.470
gp_scenario_77    0.3700    0.4600      0.5100     0.3700       0.310
gp_scenario_78    0.6500    0.6000      0.5100     0.5100       0.530
gp_scenario_79   -0.0640   -0.0510     -0.0430    -0.0430       0.220
gp_scenario_80    0.1500    0.1200      0.0680     0.1200       0.480
gp_scenario_81    0.3700    0.3400      0.3700     0.5100       0.370
gp_scenario_82    0.3700    0.3100      0.2900     0.2900       0.330
gp_scenario_83    0.0490    0.2000      0.1300     0.1300       0.330
gp_scenario_84    0.1700    0.2300      0.2100     0.1900       0.170
gp_scenario_85    0.0880    0.1000      0.1100     0.1000       0.250
gp_scenario_86    0.3700    0.4200      0.4000     0.3900       0.180
gp_scenario_87    0.2400    0.3100      0.3000     0.2500       0.330
gp_scenario_88    0.5000    0.5100      0.4400     0.5100       0.400
gp_scenario_89   -0.0470    0.0860      0.1600     0.0860       0.400
gp_scenario_90    0.3100    0.2700      0.1700     0.1900       0.410
gp_scenario_91   -0.0650   -0.0350      0.0088    -0.0120       0.210
gp_scenario_92    0.4900    0.5100      0.4500     0.4700       0.490
gp_scenario_93    0.3800    0.3800      0.3200     0.3600       0.530
gp_scenario_94    0.3400    0.5400      0.5200     0.5100       0.220
gp_scenario_95    0.3700    0.5400      0.4400     0.5700       0.420
gp_scenario_96   -0.0840    0.0047      0.0560     0.0430       0.130
gp_scenario_97    0.3000    0.4200      0.3600     0.3300       0.290
gp_scenario_98    0.2100    0.2400      0.3600     0.4200       0.130
gp_scenario_99    0.1400    0.1500      0.1100     0.2100       0.500
gp_scenario_100   0.4700    0.5600      0.4900     0.5200       0.310
pa_median         0.2600    0.2800      0.2400     0.2800       0.340
pa_iqr            0.2800    0.2800      0.2700     0.3000       0.180
                RF_ls_means SVR_ls_means GBLUP_ls_means RKHS_ls_means
gp_scenario_1       0.01600      0.07300          0.060        0.0470
gp_scenario_2       0.41000      0.48000          0.460        0.4000
gp_scenario_3       0.10000      0.16000          0.054        0.1300
gp_scenario_4      -0.07100     -0.02700         -0.078       -0.0450
gp_scenario_5       0.00083      0.03400          0.028        0.0590
gp_scenario_6       0.09700      0.04700          0.089        0.0870
gp_scenario_7       0.30000      0.30000          0.170        0.2500
gp_scenario_8       0.22000      0.21000          0.160        0.1500
gp_scenario_9       0.25000      0.47000          0.460        0.4100
gp_scenario_10     -0.04600     -0.03600         -0.061       -0.0660
gp_scenario_11     -0.09200     -0.16000         -0.170       -0.1500
gp_scenario_12      0.28000      0.34000          0.300        0.3000
gp_scenario_13      0.35000      0.23000          0.160        0.3100
gp_scenario_14     -0.00017      0.15000          0.140        0.0440
gp_scenario_15      0.08700      0.11000          0.070        0.0880
gp_scenario_16      0.38000      0.47000          0.360        0.4600
gp_scenario_17      0.19000      0.17000          0.160        0.1300
gp_scenario_18      0.42000      0.37000          0.270        0.3600
gp_scenario_19     -0.01800      0.00032         -0.012       -0.0150
gp_scenario_20      0.08100      0.04100         -0.023        0.0840
gp_scenario_21      0.43000      0.50000          0.380        0.4800
gp_scenario_22      0.21000      0.07900          0.007        0.0950
gp_scenario_23      0.16000      0.20000          0.200        0.1700
gp_scenario_24      0.23000      0.20000          0.190        0.1600
gp_scenario_25      0.04200      0.12000          0.083        0.0850
gp_scenario_26      0.28000      0.30000          0.310        0.3700
gp_scenario_27      0.12000      0.09000          0.060        0.0890
gp_scenario_28      0.02000      0.13000          0.110        0.0470
gp_scenario_29      0.30000      0.39000          0.340        0.3200
gp_scenario_30      0.04500      0.08200          0.070        0.0790
gp_scenario_31      0.31000      0.36000          0.310        0.3100
gp_scenario_32      0.09600      0.18000          0.200        0.1700
gp_scenario_33      0.08900      0.14000          0.130        0.1300
gp_scenario_34     -0.07200     -0.00970         -0.018       -0.0280
gp_scenario_35      0.27000      0.12000          0.069        0.0680
gp_scenario_36      0.09600      0.16000          0.190        0.1200
gp_scenario_37      0.22000      0.46000          0.380        0.4300
gp_scenario_38      0.06900      0.11000          0.120        0.0670
gp_scenario_39      0.02000     -0.08600         -0.100       -0.1400
gp_scenario_40     -0.06900     -0.01600          0.012        0.0043
gp_scenario_41     -0.13000     -0.20000         -0.190       -0.1800
gp_scenario_42      0.05400     -0.05200         -0.090       -0.0680
gp_scenario_43     -0.03800     -0.04200         -0.024       -0.0570
gp_scenario_44      0.37000      0.40000          0.410        0.4000
gp_scenario_45      0.20000      0.34000          0.330        0.3100
gp_scenario_46      0.25000      0.17000          0.110        0.2600
gp_scenario_47      0.07100      0.39000          0.330        0.2900
gp_scenario_48      0.30000      0.23000          0.110        0.2000
gp_scenario_49      0.10000      0.11000          0.140        0.0830
gp_scenario_50      0.18000      0.12000          0.055        0.0600
gp_scenario_51      0.20000      0.29000          0.210        0.2700
gp_scenario_52      0.21000      0.30000          0.260        0.2600
gp_scenario_53     -0.04400      0.02500         -0.024       -0.0780
gp_scenario_54      0.23000      0.36000          0.360        0.3200
gp_scenario_55      0.25000      0.49000          0.480        0.5200
gp_scenario_56      0.09400      0.20000          0.085        0.2200
gp_scenario_57      0.37000      0.46000          0.380        0.3400
gp_scenario_58      0.25000      0.24000          0.190        0.2400
gp_scenario_59      0.02000     -0.04800         -0.091       -0.0300
gp_scenario_60     -0.23000     -0.11000         -0.110       -0.1400
gp_scenario_61      0.02200      0.06100          0.072        0.0920
gp_scenario_62      0.45000      0.49000          0.460        0.5000
gp_scenario_63      0.01400     -0.00310         -0.009       -0.0400
gp_scenario_64     -0.03600      0.09100          0.110        0.0680
gp_scenario_65      0.15000      0.17000          0.160        0.1600
gp_scenario_66      0.15000      0.35000          0.240        0.3300
gp_scenario_67      0.01000      0.02800          0.031        0.0058
gp_scenario_68      0.30000      0.37000          0.380        0.4100
gp_scenario_69     -0.01100      0.06600          0.040        0.0260
gp_scenario_70      0.42000      0.46000          0.430        0.3800
gp_scenario_71      0.03600      0.06200          0.066       -0.0056
gp_scenario_72      0.16000      0.14000          0.100        0.1400
gp_scenario_73      0.55000      0.54000          0.460        0.4600
gp_scenario_74      0.25000      0.24000          0.250        0.4000
gp_scenario_75      0.00640     -0.15000         -0.200       -0.1700
gp_scenario_76      0.41000      0.32000          0.380        0.4600
gp_scenario_77      0.24000      0.36000          0.430        0.2300
gp_scenario_78      0.21000      0.29000          0.260        0.2200
gp_scenario_79     -0.12000     -0.11000         -0.120       -0.1200
gp_scenario_80      0.27000      0.09000          0.047        0.1000
gp_scenario_81      0.38000      0.39000          0.430        0.5000
gp_scenario_82      0.26000      0.24000          0.170        0.2700
gp_scenario_83      0.00940     -0.08500         -0.055       -0.0530
gp_scenario_84      0.12000      0.15000          0.130        0.1200
gp_scenario_85     -0.15000     -0.03000         -0.022       -0.0480
gp_scenario_86      0.30000      0.23000          0.250        0.1900
gp_scenario_87      0.14000      0.13000          0.120        0.1000
gp_scenario_88      0.16000      0.15000          0.087        0.1400
gp_scenario_89     -0.11000      0.00980          0.060       -0.0630
gp_scenario_90      0.19000      0.17000          0.140        0.2100
gp_scenario_91     -0.00620      0.04100          0.062        0.0330
gp_scenario_92      0.24000      0.22000          0.200        0.2000
gp_scenario_93      0.22000      0.27000          0.220        0.2500
gp_scenario_94      0.39000      0.42000          0.400        0.3500
gp_scenario_95      0.42000      0.30000          0.240        0.3600
gp_scenario_96     -0.04600      0.02900          0.051        0.0190
gp_scenario_97      0.23000      0.20000          0.220        0.2000
gp_scenario_98      0.30000      0.28000          0.270        0.3200
gp_scenario_99      0.16000      0.09100          0.071        0.1900
gp_scenario_100     0.30000      0.39000          0.320        0.3000
pa_median           0.16000      0.16000          0.140        0.1500
pa_iqr              0.25000      0.25000          0.220        0.2600
                LASSO_ls_means
gp_scenario_1               NA
gp_scenario_2          -0.1800
gp_scenario_3          -0.0760
gp_scenario_4               NA
gp_scenario_5               NA
gp_scenario_6           0.1700
gp_scenario_7           0.2900
gp_scenario_8           0.0810
gp_scenario_9           0.2600
gp_scenario_10              NA
gp_scenario_11          0.0210
gp_scenario_12              NA
gp_scenario_13              NA
gp_scenario_14          0.2000
gp_scenario_15          0.2800
gp_scenario_16          0.2000
gp_scenario_17              NA
gp_scenario_18              NA
gp_scenario_19          0.1300
gp_scenario_20              NA
gp_scenario_21              NA
gp_scenario_22              NA
gp_scenario_23          0.2300
gp_scenario_24          0.2200
gp_scenario_25          0.0230
gp_scenario_26              NA
gp_scenario_27              NA
gp_scenario_28         -0.0120
gp_scenario_29         -0.0490
gp_scenario_30              NA
gp_scenario_31              NA
gp_scenario_32              NA
gp_scenario_33              NA
gp_scenario_34          0.1300
gp_scenario_35         -0.0099
gp_scenario_36          0.4000
gp_scenario_37              NA
gp_scenario_38          0.1400
gp_scenario_39          0.0680
gp_scenario_40              NA
gp_scenario_41         -0.2000
gp_scenario_42              NA
gp_scenario_43          0.0520
gp_scenario_44              NA
gp_scenario_45          0.2100
gp_scenario_46              NA
gp_scenario_47              NA
gp_scenario_48          0.0360
gp_scenario_49          0.2000
gp_scenario_50          0.3100
gp_scenario_51              NA
gp_scenario_52          0.0290
gp_scenario_53          0.0480
gp_scenario_54          0.2200
gp_scenario_55              NA
gp_scenario_56              NA
gp_scenario_57          0.1400
gp_scenario_58         -0.0210
gp_scenario_59         -0.0170
gp_scenario_60         -0.0370
gp_scenario_61          0.2200
gp_scenario_62              NA
gp_scenario_63         -0.0700
gp_scenario_64         -0.1300
gp_scenario_65          0.2300
gp_scenario_66          0.0510
gp_scenario_67              NA
gp_scenario_68          0.2600
gp_scenario_69          0.1100
gp_scenario_70              NA
gp_scenario_71         -0.0620
gp_scenario_72              NA
gp_scenario_73              NA
gp_scenario_74          0.0980
gp_scenario_75              NA
gp_scenario_76              NA
gp_scenario_77          0.2000
gp_scenario_78              NA
gp_scenario_79         -0.0430
gp_scenario_80         -0.0240
gp_scenario_81              NA
gp_scenario_82              NA
gp_scenario_83              NA
gp_scenario_84              NA
gp_scenario_85         -0.0024
gp_scenario_86          0.0520
gp_scenario_87          0.3800
gp_scenario_88              NA
gp_scenario_89              NA
gp_scenario_90              NA
gp_scenario_91          0.0660
gp_scenario_92          0.2100
gp_scenario_93          0.3300
gp_scenario_94         -0.1600
gp_scenario_95          0.2200
gp_scenario_96          0.0170
gp_scenario_97         -0.1100
gp_scenario_98          0.2600
gp_scenario_99          0.2500
gp_scenario_100        -0.0530
pa_median               0.0810
pa_iqr                  0.2300
                GBLUP_wiser GBLUP_ls_means
gp_scenario_1        0.7400        0.54000
gp_scenario_2        0.2100        0.00370
gp_scenario_3        0.4500        0.29000
gp_scenario_4        0.7300        0.43000
gp_scenario_5        0.5100        0.41000
gp_scenario_6        0.3900        0.32000
gp_scenario_7        0.3200        0.13000
gp_scenario_8        0.6400        0.42000
gp_scenario_9        0.2500        0.00200
gp_scenario_10       0.7300        0.57000
gp_scenario_11       0.6400        0.65000
gp_scenario_12       0.2700        0.01700
gp_scenario_13       0.5800        0.00700
gp_scenario_14       0.4600        0.25000
gp_scenario_15       0.7100        0.50000
gp_scenario_16       0.2800        0.00350
gp_scenario_17       0.4700        0.28000
gp_scenario_18       0.3700        0.08400
gp_scenario_19       0.9000        0.84000
gp_scenario_20       0.3200        0.21000
gp_scenario_21       0.4300        0.04000
gp_scenario_22       0.4800        0.37000
gp_scenario_23       0.6800        0.41000
gp_scenario_24       0.4200        0.32000
gp_scenario_25       0.4700        0.29000
gp_scenario_26       0.2200        0.00140
gp_scenario_27       0.5100        0.52000
gp_scenario_28       0.5300        0.43000
gp_scenario_29       0.4300        0.05500
gp_scenario_30       0.7200        0.45000
gp_scenario_31       0.3200        0.02600
gp_scenario_32       0.7100        0.36000
gp_scenario_33       0.4300        0.34000
gp_scenario_34       0.6400        0.45000
gp_scenario_35       0.4700        0.45000
gp_scenario_36       0.2600        0.00470
gp_scenario_37       0.3100        0.00440
gp_scenario_38       0.3900        0.35000
gp_scenario_39       0.5900        0.50000
gp_scenario_40       0.8200        0.68000
gp_scenario_41       0.7700        0.73000
gp_scenario_42       0.5200        0.50000
gp_scenario_43       0.7100        0.50000
gp_scenario_44       0.2800        0.00520
gp_scenario_45       0.2000        0.00079
gp_scenario_46       0.4500        0.03200
gp_scenario_47       0.2000        0.03500
gp_scenario_48       0.3800        0.21000
gp_scenario_49       0.7100        0.49000
gp_scenario_50       0.7200        0.50000
gp_scenario_51       0.4000        0.21000
gp_scenario_52       0.8400        0.56000
gp_scenario_53       0.4800        0.41000
gp_scenario_54       0.3000        0.02700
gp_scenario_55       0.0940        0.00160
gp_scenario_56       0.4100        0.22000
gp_scenario_57       0.4400        0.03300
gp_scenario_58       0.0160        0.00890
gp_scenario_59       0.5200        0.62000
gp_scenario_60       0.9300        0.75000
gp_scenario_61       0.5600        0.39000
gp_scenario_62       0.0150        0.00130
gp_scenario_63       0.6100        0.47000
gp_scenario_64       0.7000        0.48000
gp_scenario_65       0.4100        0.27000
gp_scenario_66       0.3200        0.12000
gp_scenario_67       0.6700        0.51000
gp_scenario_68       0.4700        0.00180
gp_scenario_69       0.5400        0.53000
gp_scenario_70       0.3200        0.00120
gp_scenario_71       0.5700        0.47000
gp_scenario_72       0.6900        0.48000
gp_scenario_73       0.2400        0.00280
gp_scenario_74       0.3700        0.00190
gp_scenario_75       0.6200        0.61000
gp_scenario_76       0.0036        0.00082
gp_scenario_77       0.3400        0.13000
gp_scenario_78       0.3100        0.25000
gp_scenario_79       0.9400        0.78000
gp_scenario_80       0.6500        0.43000
gp_scenario_81       0.2800        0.00120
gp_scenario_82       0.3600        0.00450
gp_scenario_83       0.4700        0.39000
gp_scenario_84       0.6400        0.36000
gp_scenario_85       0.6300        0.58000
gp_scenario_86       0.4700        0.27000
gp_scenario_87       0.4400        0.32000
gp_scenario_88       0.3000        0.25000
gp_scenario_89       0.5300        0.39000
gp_scenario_90       0.5700        0.30000
gp_scenario_91       0.7600        0.49000
gp_scenario_92       0.3900        0.28000
gp_scenario_93       0.5000        0.30000
gp_scenario_94       0.2500        0.01700
gp_scenario_95       0.2500        0.00350
gp_scenario_96       0.8700        0.69000
gp_scenario_97       0.4500        0.30000
gp_scenario_98       0.3300        0.02400
gp_scenario_99       0.4800        0.24000
gp_scenario_100      0.3200        0.05900
h2_median            0.4700        0.30000
h2_iqr               0.3200        0.44000
