[1] "using pine_env"
Le chargement a nécessité le package : Matrix

Attachement du package : ‘tidyr’

Les objets suivants sont masqués depuis ‘package:Matrix’:

    expand, pack, unpack

Le chargement a nécessité le package : foreach
Le chargement a nécessité le package : iterators
Le chargement a nécessité le package : parallel
Le chargement a nécessité le package : rngtools
This build of rgl does not include OpenGL functions.  Use
 rglwidget() to display results, e.g. via options(rgl.printRglwidget = TRUE).
Le chargement a nécessité le package : Rcpp
Le chargement a nécessité le package : RcppZiggurat
Le chargement a nécessité le package : RcppParallel

Attachement du package : ‘RcppParallel’

L'objet suivant est masqué depuis ‘package:Rcpp’:

    LdFlags


Rfast: 2.1.0
 ___ __ __ __ __    __ __ __ __ __ _             _               __ __ __ __ __     __ __ __ __ __ __   
|  __ __ __ __  |  |  __ __ __ __ _/            / \             |  __ __ __ __ /   /__ __ _   _ __ __\  
| |           | |  | |                         / _ \            | |                        / /          
| |           | |  | |                        / / \ \           | |                       / /          
| |           | |  | |                       / /   \ \          | |                      / /          
| |__ __ __ __| |  | |__ __ __ __           / /     \ \         | |__ __ __ __ _        / /__/\          
|    __ __ __ __|  |  __ __ __ __|         / /__ _ __\ \        |_ __ __ __ _   |      / ___  /           
|   \              | |                    / _ _ _ _ _ _ \                     | |      \/  / /       
| |\ \             | |                   / /           \ \                    | |         / /          
| | \ \            | |                  / /             \ \                   | |        / /          
| |  \ \           | |                 / /               \ \                  | |       / /          
| |   \ \__ __ _   | |                / /                 \ \     _ __ __ __ _| |      / /          
|_|    \__ __ __\  |_|               /_/                   \_\   /_ __ __ __ ___|      \/             team

Attachement du package : ‘Rfast’

Les objets suivants sont masqués depuis ‘package:robustbase’:

    colMedians, rowMedians

L'objet suivant est masqué depuis ‘package:data.table’:

    transpose

Le chargement a nécessité le package : lattice

Attachement du package : ‘plotly’

L'objet suivant est masqué depuis ‘package:ggplot2’:

    last_plot

L'objet suivant est masqué depuis ‘package:MASS’:

    select

L'objet suivant est masqué depuis ‘package:stats’:

    filter

L'objet suivant est masqué depuis ‘package:graphics’:

    layout


Attachement du package : ‘dplyr’

L'objet suivant est masqué depuis ‘package:Rfast’:

    nth

Les objets suivants sont masqués depuis ‘package:data.table’:

    between, first, last

L'objet suivant est masqué depuis ‘package:MASS’:

    select

Les objets suivants sont masqués depuis ‘package:stats’:

    filter, lag

Les objets suivants sont masqués depuis ‘package:base’:

    intersect, setdiff, setequal, union


Attachement du package : ‘kernlab’

L'objet suivant est masqué depuis ‘package:ggplot2’:

    alpha

Le chargement a nécessité le package : corpcor

Attachement du package : ‘corpcor’

L'objet suivant est masqué depuis ‘package:matrixcalc’:

    is.positive.definite

Loaded glmnet 4.1-8

Loaded mixOmics 6.25.1
Thank you for using mixOmics!
Tutorials: http://mixomics.org
Bookdown vignette: https://mixomicsteam.github.io/Bookdown
Questions, issues: Follow the prompts at http://mixomics.org/contact-us
Cite us:  citation('mixOmics')

[1] "kernel: linear"
[1] "trait: T4"
$opt_results
   whitening_method alpha_ prediction_method   mean_pa white_reg_combination
2           PCA-cor   0.01                rf 0.2266045          PCA-cor/0.01
8           PCA-cor   0.01               svr 0.2695919          PCA-cor/0.01
14          PCA-cor   0.01             gblup 0.2598736          PCA-cor/0.01
20          PCA-cor   0.01              rkhs 0.2704275          PCA-cor/0.01
26          PCA-cor   0.01             lasso 0.1853174          PCA-cor/0.01

$opt_alpha_
[1] 0.01

$opt_whitening_method
[1] "PCA-cor"

[1] "Execution time for wiser computation of T4 with linear kernel : 10.1"
[1] "x_mat_tilde_mult_xi_test[1:10]: 3.32512811445554e-09, 3.88436660614389e-09, -3.18805204457817e-10, 9.74497930653902e-09, -7.93766977443262e-10"
[1] "mean of x_mat_tilde_mult_xi_test: 2.20594285720468e-09"
[1] "median of x_mat_tilde_mult_xi_test: 1.29886097037024e-10"
                RF_wiser SVR_wiser GBLUP_wiser RKHS_wiser LASSO_wiser
gp_scenario_1      0.190     0.140       0.120      0.120       0.100
gp_scenario_2      0.280     0.350       0.310      0.340       0.200
gp_scenario_3      0.240     0.430       0.450      0.430       0.310
gp_scenario_4      0.300     0.260       0.230      0.260          NA
gp_scenario_5      0.340     0.360       0.340      0.370       0.190
gp_scenario_6      0.410     0.450       0.390      0.500       0.390
gp_scenario_7      0.240     0.180       0.130      0.150       0.140
gp_scenario_8      0.430     0.440       0.470      0.440       0.240
gp_scenario_9      0.470     0.420       0.410      0.390       0.230
gp_scenario_10     0.360     0.320       0.330      0.300       0.210
gp_scenario_11     0.350     0.400       0.400      0.420       0.210
gp_scenario_12     0.320     0.380       0.390      0.380       0.250
gp_scenario_13     0.510     0.460       0.440      0.520       0.320
gp_scenario_14     0.170     0.250       0.260      0.230       0.091
gp_scenario_15     0.280     0.250       0.210      0.210       0.290
gp_scenario_16     0.430     0.460       0.390      0.480       0.350
gp_scenario_17     0.230     0.280       0.270      0.260      -0.190
gp_scenario_18     0.590     0.590       0.570      0.540       0.420
gp_scenario_19     0.180     0.200       0.220      0.210       0.096
gp_scenario_20     0.190     0.110       0.034      0.082       0.120
gp_scenario_21     0.480     0.510       0.480      0.510       0.130
gp_scenario_22     0.160     0.210       0.230      0.230      -0.047
gp_scenario_23     0.260     0.360       0.350      0.360       0.062
gp_scenario_24     0.430     0.370       0.350      0.370       0.120
gp_scenario_25     0.330     0.360       0.320      0.330       0.380
gp_scenario_26     0.280     0.280       0.270      0.290       0.270
gp_scenario_27     0.230     0.220       0.210      0.220       0.180
gp_scenario_28     0.220     0.220       0.190      0.200       0.160
gp_scenario_29     0.550     0.480       0.480      0.470       0.210
gp_scenario_30     0.340     0.340       0.340      0.320       0.220
gp_scenario_31     0.290     0.320       0.380      0.300       0.290
gp_scenario_32     0.350     0.300       0.290      0.290       0.250
gp_scenario_33     0.370     0.330       0.340      0.340       0.160
gp_scenario_34     0.260     0.250       0.240      0.250       0.180
gp_scenario_35     0.370     0.370       0.320      0.350       0.200
gp_scenario_36     0.260     0.250       0.230      0.240      -0.096
gp_scenario_37     0.390     0.270       0.280      0.270       0.250
gp_scenario_38     0.310     0.420       0.480      0.420       0.360
gp_scenario_39     0.190     0.170       0.190      0.160       0.170
gp_scenario_40     0.140     0.190       0.210      0.200       0.069
gp_scenario_41     0.370     0.340       0.310      0.340       0.250
gp_scenario_42     0.090     0.077       0.095      0.088      -0.072
gp_scenario_43     0.180     0.180       0.200      0.180       0.079
gp_scenario_44     0.510     0.490       0.480      0.480       0.200
gp_scenario_45     0.310     0.450       0.470      0.420       0.140
gp_scenario_46     0.390     0.430       0.450      0.450          NA
gp_scenario_47     0.580     0.570       0.540      0.540       0.300
gp_scenario_48     0.310     0.380       0.370      0.360       0.220
gp_scenario_49     0.300     0.320       0.340      0.310       0.120
gp_scenario_50     0.230     0.220       0.210      0.210          NA
gp_scenario_51     0.500     0.390       0.340      0.380       0.260
gp_scenario_52     0.290     0.290       0.240      0.250       0.130
gp_scenario_53     0.320     0.420       0.410      0.410       0.086
gp_scenario_54     0.380     0.330       0.330      0.320       0.240
gp_scenario_55     0.360     0.290       0.320      0.290       0.200
gp_scenario_56     0.210     0.300       0.310      0.290       0.170
gp_scenario_57     0.430     0.380       0.390      0.360       0.360
gp_scenario_58     0.470     0.450       0.390      0.440       0.320
gp_scenario_59     0.270     0.400       0.400      0.420       0.200
gp_scenario_60     0.094     0.071       0.080      0.077      -0.017
gp_scenario_61     0.180     0.240       0.220      0.270       0.085
gp_scenario_62     0.450     0.400       0.350      0.420       0.220
gp_scenario_63     0.210     0.220       0.230      0.230       0.120
gp_scenario_64     0.390     0.370       0.360      0.340       0.450
gp_scenario_65     0.160     0.300       0.300      0.270       0.073
gp_scenario_66     0.330     0.380       0.380      0.370       0.260
gp_scenario_67     0.180     0.310       0.340      0.300       0.170
gp_scenario_68     0.430     0.370       0.360      0.370       0.180
gp_scenario_69     0.440     0.400       0.400      0.410       0.130
gp_scenario_70     0.200     0.300       0.290      0.310       0.240
gp_scenario_71     0.140     0.140       0.160      0.130       0.130
gp_scenario_72     0.350     0.360       0.330      0.340       0.330
gp_scenario_73     0.550     0.570       0.520      0.600       0.500
gp_scenario_74     0.460     0.440       0.460      0.450       0.410
gp_scenario_75     0.120     0.210       0.230      0.210       0.180
gp_scenario_76     0.180     0.290       0.290      0.330       0.170
gp_scenario_77     0.290     0.350       0.340      0.340          NA
gp_scenario_78     0.210     0.340       0.340      0.340       0.110
gp_scenario_79     0.260     0.310       0.330      0.330       0.220
gp_scenario_80     0.250     0.230       0.220      0.220       0.220
gp_scenario_81     0.390     0.380       0.380      0.410       0.160
gp_scenario_82     0.400     0.380       0.380      0.350       0.310
gp_scenario_83     0.280     0.280       0.270      0.290          NA
gp_scenario_84     0.350     0.410       0.410      0.390       0.250
gp_scenario_85     0.260     0.260       0.280      0.270       0.230
gp_scenario_86     0.170     0.150       0.180      0.170      -0.038
gp_scenario_87     0.450     0.530       0.520      0.480       0.450
gp_scenario_88     0.370     0.460       0.440      0.470       0.120
gp_scenario_89     0.450     0.440       0.440      0.420       0.310
gp_scenario_90     0.280     0.310       0.320      0.320       0.240
gp_scenario_91     0.250     0.260       0.280      0.270       0.170
gp_scenario_92     0.310     0.310       0.300      0.280       0.270
gp_scenario_93     0.370     0.430       0.430      0.420       0.200
gp_scenario_94     0.610     0.470       0.470      0.470       0.330
gp_scenario_95     0.520     0.420       0.400      0.470       0.380
gp_scenario_96     0.240     0.250       0.270      0.260       0.120
gp_scenario_97     0.380     0.430       0.470      0.440       0.370
gp_scenario_98     0.240     0.340       0.340      0.370       0.013
gp_scenario_99     0.150     0.059       0.037      0.051      -0.064
gp_scenario_100    0.380     0.400       0.400      0.390       0.130
pa_median          0.310     0.340       0.340      0.340       0.200
pa_iqr             0.160     0.150       0.150      0.160       0.140
                RF_ls_means SVR_ls_means GBLUP_ls_means RKHS_ls_means
gp_scenario_1         0.029      -0.0041         -0.041        -0.038
gp_scenario_2         0.360       0.4900          0.440         0.460
gp_scenario_3         0.260       0.3900          0.350         0.360
gp_scenario_4         0.180       0.1500          0.130         0.140
gp_scenario_5         0.087       0.2100          0.190         0.190
gp_scenario_6         0.300       0.3200          0.280         0.330
gp_scenario_7         0.014       0.0660          0.048         0.039
gp_scenario_8         0.440       0.4700          0.460         0.440
gp_scenario_9         0.340       0.3900          0.360         0.350
gp_scenario_10        0.140       0.0840          0.046         0.044
gp_scenario_11        0.059       0.1300          0.080         0.110
gp_scenario_12        0.160       0.2000          0.190         0.200
gp_scenario_13        0.230       0.2500          0.230         0.300
gp_scenario_14        0.520       0.6200          0.610         0.580
gp_scenario_15        0.150       0.1000          0.055         0.060
gp_scenario_16        0.330       0.4100          0.350         0.420
gp_scenario_17        0.130       0.1100          0.093         0.078
gp_scenario_18        0.240       0.3200          0.290         0.350
gp_scenario_19        0.210       0.2300          0.230         0.200
gp_scenario_20       -0.110       0.0910          0.087         0.081
gp_scenario_21        0.150       0.3900          0.330         0.270
gp_scenario_22        0.230       0.2700          0.230         0.300
gp_scenario_23        0.130       0.2700          0.240         0.270
gp_scenario_24        0.310       0.3000          0.270         0.280
gp_scenario_25        0.120       0.2500          0.240         0.210
gp_scenario_26        0.320       0.3400          0.350         0.390
gp_scenario_27        0.370       0.3800          0.320         0.370
gp_scenario_28        0.320       0.3500          0.360         0.310
gp_scenario_29        0.120       0.2900          0.230         0.320
gp_scenario_30        0.140       0.1600          0.130         0.120
gp_scenario_31        0.320       0.3800          0.390         0.330
gp_scenario_32        0.170       0.2100          0.210         0.200
gp_scenario_33        0.420       0.4300          0.400         0.430
gp_scenario_34        0.190       0.1900          0.160         0.190
gp_scenario_35        0.110       0.2000          0.150         0.160
gp_scenario_36        0.018       0.1500          0.170         0.044
gp_scenario_37        0.330       0.3900          0.350         0.390
gp_scenario_38        0.280       0.4000          0.360         0.360
gp_scenario_39        0.110       0.0740          0.046         0.044
gp_scenario_40        0.072       0.1900          0.220         0.210
gp_scenario_41        0.130       0.2000          0.190         0.240
gp_scenario_42       -0.011       0.1200          0.150         0.110
gp_scenario_43        0.058       0.0740          0.073         0.065
gp_scenario_44        0.500       0.5900          0.610         0.590
gp_scenario_45        0.210       0.4500          0.490         0.360
gp_scenario_46        0.180       0.2400          0.210         0.250
gp_scenario_47        0.380       0.5100          0.500         0.430
gp_scenario_48        0.180       0.2500          0.180         0.180
gp_scenario_49        0.140       0.1200          0.091         0.088
gp_scenario_50        0.190       0.1900          0.180         0.180
gp_scenario_51       -0.032       0.1600          0.110         0.120
gp_scenario_52        0.140       0.2700          0.240         0.250
gp_scenario_53        0.290       0.3500          0.300         0.310
gp_scenario_54        0.230       0.1900          0.200         0.170
gp_scenario_55        0.250       0.3800          0.410         0.340
gp_scenario_56        0.032       0.1300          0.110         0.110
gp_scenario_57        0.260       0.2700          0.250         0.220
gp_scenario_58        0.370       0.4900          0.450         0.450
gp_scenario_59        0.130       0.3500          0.390         0.390
gp_scenario_60        0.099       0.0660          0.061         0.052
gp_scenario_61        0.094       0.1400          0.110         0.140
gp_scenario_62        0.310       0.4500          0.410         0.500
gp_scenario_63        0.130       0.3000          0.280         0.280
gp_scenario_64        0.100       0.1900          0.170         0.150
gp_scenario_65        0.160       0.2900          0.270         0.260
gp_scenario_66        0.200       0.2200          0.180         0.180
gp_scenario_67        0.086       0.2000          0.190         0.200
gp_scenario_68        0.200       0.2300          0.230         0.220
gp_scenario_69        0.240       0.3500          0.310         0.380
gp_scenario_70        0.220       0.4200          0.410         0.410
gp_scenario_71        0.089       0.1200          0.110         0.096
gp_scenario_72        0.110       0.2400          0.250         0.220
gp_scenario_73        0.370       0.3900          0.380         0.370
gp_scenario_74        0.260       0.2500          0.190         0.280
gp_scenario_75        0.250       0.3900          0.350         0.340
gp_scenario_76        0.100       0.2900          0.280         0.340
gp_scenario_77        0.096       0.2400          0.260         0.210
gp_scenario_78        0.320       0.3300          0.330         0.350
gp_scenario_79        0.170       0.2200          0.200         0.200
gp_scenario_80       -0.035       0.0260         -0.026        -0.032
gp_scenario_81        0.280       0.2800          0.300         0.330
gp_scenario_82        0.270       0.3500          0.330         0.310
gp_scenario_83        0.039       0.2000          0.190         0.110
gp_scenario_84        0.017       0.1500          0.110         0.120
gp_scenario_85        0.330       0.2500          0.220         0.250
gp_scenario_86        0.210       0.3100          0.280         0.270
gp_scenario_87        0.200       0.3000          0.270         0.260
gp_scenario_88        0.400       0.4300          0.430         0.430
gp_scenario_89        0.250       0.2400          0.230         0.200
gp_scenario_90        0.350       0.4000          0.330         0.430
gp_scenario_91       -0.210      -0.0380         -0.012        -0.023
gp_scenario_92        0.170       0.2600          0.270         0.210
gp_scenario_93        0.250       0.3200          0.290         0.300
gp_scenario_94        0.350       0.4200          0.400         0.360
gp_scenario_95        0.240       0.4000          0.370         0.440
gp_scenario_96        0.170       0.2800          0.270         0.260
gp_scenario_97        0.340       0.4400          0.450         0.380
gp_scenario_98        0.120       0.1500          0.082         0.150
gp_scenario_99        0.054       0.1100          0.051         0.084
gp_scenario_100       0.420       0.4200          0.380         0.450
pa_median             0.190       0.2600          0.240         0.260
pa_iqr                0.180       0.1900          0.180         0.200
                LASSO_ls_means
gp_scenario_1           0.0300
gp_scenario_2           0.3000
gp_scenario_3               NA
gp_scenario_4           0.2100
gp_scenario_5           0.0210
gp_scenario_6               NA
gp_scenario_7           0.0071
gp_scenario_8           0.3600
gp_scenario_9           0.0610
gp_scenario_10          0.1500
gp_scenario_11          0.0390
gp_scenario_12          0.1300
gp_scenario_13          0.1500
gp_scenario_14              NA
gp_scenario_15          0.0940
gp_scenario_16          0.1700
gp_scenario_17          0.1900
gp_scenario_18          0.1300
gp_scenario_19          0.0500
gp_scenario_20          0.0700
gp_scenario_21          0.1100
gp_scenario_22          0.1100
gp_scenario_23          0.1800
gp_scenario_24          0.0830
gp_scenario_25          0.0550
gp_scenario_26          0.3500
gp_scenario_27          0.0830
gp_scenario_28              NA
gp_scenario_29          0.0073
gp_scenario_30         -0.1900
gp_scenario_31          0.3300
gp_scenario_32          0.1200
gp_scenario_33              NA
gp_scenario_34          0.2000
gp_scenario_35          0.0940
gp_scenario_36         -0.2100
gp_scenario_37          0.1400
gp_scenario_38          0.0710
gp_scenario_39         -0.0190
gp_scenario_40              NA
gp_scenario_41              NA
gp_scenario_42          0.0650
gp_scenario_43          0.0110
gp_scenario_44          0.0680
gp_scenario_45              NA
gp_scenario_46          0.0450
gp_scenario_47              NA
gp_scenario_48         -0.1000
gp_scenario_49              NA
gp_scenario_50          0.1800
gp_scenario_51         -0.0099
gp_scenario_52          0.0850
gp_scenario_53              NA
gp_scenario_54         -0.0580
gp_scenario_55          0.2400
gp_scenario_56          0.0660
gp_scenario_57              NA
gp_scenario_58          0.1100
gp_scenario_59              NA
gp_scenario_60          0.0860
gp_scenario_61         -0.0290
gp_scenario_62         -0.0470
gp_scenario_63              NA
gp_scenario_64          0.1400
gp_scenario_65          0.0860
gp_scenario_66          0.1400
gp_scenario_67              NA
gp_scenario_68          0.3300
gp_scenario_69          0.2800
gp_scenario_70          0.0320
gp_scenario_71         -0.0360
gp_scenario_72          0.1600
gp_scenario_73          0.1800
gp_scenario_74          0.0430
gp_scenario_75              NA
gp_scenario_76          0.0680
gp_scenario_77              NA
gp_scenario_78         -0.1800
gp_scenario_79          0.0590
gp_scenario_80              NA
gp_scenario_81         -0.0470
gp_scenario_82          0.1300
gp_scenario_83              NA
gp_scenario_84         -0.0290
gp_scenario_85          0.1600
gp_scenario_86         -0.0110
gp_scenario_87          0.1200
gp_scenario_88          0.2500
gp_scenario_89          0.1600
gp_scenario_90          0.1800
gp_scenario_91         -0.2000
gp_scenario_92              NA
gp_scenario_93          0.1400
gp_scenario_94          0.2600
gp_scenario_95          0.2800
gp_scenario_96              NA
gp_scenario_97          0.2800
gp_scenario_98          0.0370
gp_scenario_99         -0.0063
gp_scenario_100         0.3000
pa_median               0.0860
pa_iqr                  0.1300
                GBLUP_wiser GBLUP_ls_means
gp_scenario_1          0.81         0.8800
gp_scenario_2          0.63         0.2000
gp_scenario_3          0.49         0.4600
gp_scenario_4          0.73         0.6400
gp_scenario_5          0.61         0.5800
gp_scenario_6          0.55         0.4100
gp_scenario_7          0.77         0.7600
gp_scenario_8          0.56         0.2700
gp_scenario_9          0.54         0.3200
gp_scenario_10         0.69         0.8200
gp_scenario_11         0.53         0.6100
gp_scenario_12         0.65         0.6700
gp_scenario_13         0.49         0.4900
gp_scenario_14         0.64         0.0025
gp_scenario_15         0.81         0.8300
gp_scenario_16         0.57         0.3600
gp_scenario_17         0.60         0.6600
gp_scenario_18         0.41         0.4700
gp_scenario_19         0.84         0.6400
gp_scenario_20         0.75         0.6000
gp_scenario_21         0.50         0.4200
gp_scenario_22         0.73         0.4600
gp_scenario_23         0.73         0.7200
gp_scenario_24         0.63         0.6000
gp_scenario_25         0.63         0.5700
gp_scenario_26         0.58         0.4700
gp_scenario_27         0.71         0.4100
gp_scenario_28         0.82         0.5400
gp_scenario_29         0.50         0.5500
gp_scenario_30         0.66         0.6700
gp_scenario_31         0.56         0.4600
gp_scenario_32         0.68         0.8100
gp_scenario_33         0.68         0.2800
gp_scenario_34         0.65         0.6500
gp_scenario_35         0.70         0.5900
gp_scenario_36         0.56         0.4000
gp_scenario_37         0.65         0.3500
gp_scenario_38         0.51         0.4800
gp_scenario_39         0.72         0.6600
gp_scenario_40         0.77         0.7100
gp_scenario_41         0.68         0.5500
gp_scenario_42         0.84         0.6400
gp_scenario_43         0.72         0.8300
gp_scenario_44         0.51         0.0064
gp_scenario_45         0.45         0.1900
gp_scenario_46         0.54         0.5300
gp_scenario_47         0.47         0.0960
gp_scenario_48         0.59         0.5100
gp_scenario_49         0.69         0.7100
gp_scenario_50         0.80         0.7200
gp_scenario_51         0.57         0.7400
gp_scenario_52         0.90         0.6500
gp_scenario_53         0.57         0.4300
gp_scenario_54         0.56         0.6000
gp_scenario_55         0.62         0.3400
gp_scenario_56         0.60         0.6400
gp_scenario_57         0.52         0.5100
gp_scenario_58         0.52         0.0110
gp_scenario_59         0.63         0.4300
gp_scenario_60         0.89         0.7600
gp_scenario_61         0.70         0.6500
gp_scenario_62         0.54         0.3600
gp_scenario_63         0.78         0.5000
gp_scenario_64         0.63         0.7000
gp_scenario_65         0.64         0.5300
gp_scenario_66         0.65         0.6600
gp_scenario_67         0.65         0.6100
gp_scenario_68         0.62         0.4900
gp_scenario_69         0.66         0.5900
gp_scenario_70         0.55         0.3600
gp_scenario_71         0.72         0.6800
gp_scenario_72         0.82         0.6300
gp_scenario_73         0.25         0.4300
gp_scenario_74         0.50         0.5100
gp_scenario_75         0.70         0.4300
gp_scenario_76         0.71         0.4200
gp_scenario_77         0.58         0.5100
gp_scenario_78         0.55         0.3700
gp_scenario_79         0.75         0.8200
gp_scenario_80         0.68         0.6700
gp_scenario_81         0.64         0.5400
gp_scenario_82         0.63         0.4200
gp_scenario_83         0.60         0.4300
gp_scenario_84         0.54         0.7400
gp_scenario_85         0.68         0.6300
gp_scenario_86         0.84         0.5500
gp_scenario_87         0.52         0.5900
gp_scenario_88         0.46         0.4600
gp_scenario_89         0.58         0.5500
gp_scenario_90         0.63         0.4000
gp_scenario_91         0.74         0.8400
gp_scenario_92         0.67         0.5100
gp_scenario_93         0.56         0.4800
gp_scenario_94         0.53         0.3200
gp_scenario_95         0.54         0.3100
gp_scenario_96         0.78         0.7100
gp_scenario_97         0.56         0.4300
gp_scenario_98         0.51         0.5500
gp_scenario_99         0.79         0.6400
gp_scenario_100        0.62         0.3600
h2_median              0.63         0.5400
h2_iqr                 0.16         0.2200
