[1] "using pine_env"
Le chargement a nécessité le package : Matrix

Attachement du package : ‘tidyr’

Les objets suivants sont masqués depuis ‘package:Matrix’:

    expand, pack, unpack

Le chargement a nécessité le package : foreach
Le chargement a nécessité le package : iterators
Le chargement a nécessité le package : parallel
Le chargement a nécessité le package : rngtools
This build of rgl does not include OpenGL functions.  Use
 rglwidget() to display results, e.g. via options(rgl.printRglwidget = TRUE).
Le chargement a nécessité le package : Rcpp
Le chargement a nécessité le package : RcppZiggurat
Le chargement a nécessité le package : RcppParallel

Attachement du package : ‘RcppParallel’

L'objet suivant est masqué depuis ‘package:Rcpp’:

    LdFlags


Rfast: 2.1.0
 ___ __ __ __ __    __ __ __ __ __ _             _               __ __ __ __ __     __ __ __ __ __ __   
|  __ __ __ __  |  |  __ __ __ __ _/            / \             |  __ __ __ __ /   /__ __ _   _ __ __\  
| |           | |  | |                         / _ \            | |                        / /          
| |           | |  | |                        / / \ \           | |                       / /          
| |           | |  | |                       / /   \ \          | |                      / /          
| |__ __ __ __| |  | |__ __ __ __           / /     \ \         | |__ __ __ __ _        / /__/\          
|    __ __ __ __|  |  __ __ __ __|         / /__ _ __\ \        |_ __ __ __ _   |      / ___  /           
|   \              | |                    / _ _ _ _ _ _ \                     | |      \/  / /       
| |\ \             | |                   / /           \ \                    | |         / /          
| | \ \            | |                  / /             \ \                   | |        / /          
| |  \ \           | |                 / /               \ \                  | |       / /          
| |   \ \__ __ _   | |                / /                 \ \     _ __ __ __ _| |      / /          
|_|    \__ __ __\  |_|               /_/                   \_\   /_ __ __ __ ___|      \/             team

Attachement du package : ‘Rfast’

Les objets suivants sont masqués depuis ‘package:robustbase’:

    colMedians, rowMedians

L'objet suivant est masqué depuis ‘package:data.table’:

    transpose

Le chargement a nécessité le package : lattice

Attachement du package : ‘plotly’

L'objet suivant est masqué depuis ‘package:ggplot2’:

    last_plot

L'objet suivant est masqué depuis ‘package:MASS’:

    select

L'objet suivant est masqué depuis ‘package:stats’:

    filter

L'objet suivant est masqué depuis ‘package:graphics’:

    layout


Attachement du package : ‘dplyr’

L'objet suivant est masqué depuis ‘package:Rfast’:

    nth

Les objets suivants sont masqués depuis ‘package:data.table’:

    between, first, last

L'objet suivant est masqué depuis ‘package:MASS’:

    select

Les objets suivants sont masqués depuis ‘package:stats’:

    filter, lag

Les objets suivants sont masqués depuis ‘package:base’:

    intersect, setdiff, setequal, union


Attachement du package : ‘kernlab’

L'objet suivant est masqué depuis ‘package:ggplot2’:

    alpha

Le chargement a nécessité le package : corpcor

Attachement du package : ‘corpcor’

L'objet suivant est masqué depuis ‘package:matrixcalc’:

    is.positive.definite

Loaded glmnet 4.1-8

Loaded mixOmics 6.25.1
Thank you for using mixOmics!
Tutorials: http://mixomics.org
Bookdown vignette: https://mixomicsteam.github.io/Bookdown
Questions, issues: Follow the prompts at http://mixomics.org/contact-us
Cite us:  citation('mixOmics')

[1] "kernel: linear"
[1] "trait: T6"
Growing trees.. Progress: 100%. Estimated remaining time: 0 seconds.
$opt_results
   whitening_method alpha_ prediction_method    mean_pa white_reg_combination
1           ZCA-cor   0.01                rf 0.05124257          ZCA-cor/0.01
10          ZCA-cor   0.10               svr 0.13571138           ZCA-cor/0.1
16          ZCA-cor   0.10             gblup 0.10661606           ZCA-cor/0.1
22          ZCA-cor   0.10              rkhs 0.12490659           ZCA-cor/0.1
25          ZCA-cor   0.01             lasso 0.03528512          ZCA-cor/0.01

$opt_alpha_
[1] 0.1

$opt_whitening_method
[1] "ZCA-cor"

[1] "Execution time for wiser computation of T6 with linear kernel : 14"
[1] "x_mat_tilde_mult_xi_test[1:10]: 1.73630058247776e-10, 2.83164722572615e-10, -2.29077014518922e-11, 9.83999496467769e-11, -8.34908325201417e-12"
[1] "mean of x_mat_tilde_mult_xi_test: 1.15772666058174e-10"
[1] "median of x_mat_tilde_mult_xi_test: 1.18616227950952e-12"
                RF_wiser SVR_wiser GBLUP_wiser RKHS_wiser LASSO_wiser
gp_scenario_1     -0.140   0.04400       0.037     0.0190     0.04000
gp_scenario_2      0.340   0.38000       0.340     0.3400          NA
gp_scenario_3      0.220   0.18000       0.086     0.1700          NA
gp_scenario_4     -0.028  -0.01200       0.044     0.0710     0.32000
gp_scenario_5      0.130   0.04200       0.081     0.1200     0.20000
gp_scenario_6     -0.059  -0.05500      -0.003     0.0160     0.04300
gp_scenario_7      0.270   0.31000       0.290     0.3400          NA
gp_scenario_8      0.160   0.12000       0.160     0.1300     0.16000
gp_scenario_9      0.200   0.51000       0.490     0.4500     0.25000
gp_scenario_10    -0.270  -0.18000      -0.150    -0.1700    -0.18000
gp_scenario_11     0.071   0.10000       0.057     0.0760          NA
gp_scenario_12     0.190   0.37000       0.370     0.4100     0.42000
gp_scenario_13    -0.280  -0.23000      -0.190    -0.1000    -0.01600
gp_scenario_14     0.071   0.24000       0.270     0.1900          NA
gp_scenario_15    -0.098  -0.05200      -0.077    -0.0760    -0.00055
gp_scenario_16     0.350   0.38000       0.330     0.3700     0.16000
gp_scenario_17     0.160   0.15000       0.170     0.1500          NA
gp_scenario_18     0.300   0.37000       0.330     0.4500          NA
gp_scenario_19    -0.082  -0.00980      -0.045    -0.0480    -0.03600
gp_scenario_20    -0.150  -0.09600      -0.034    -0.0130    -0.02000
gp_scenario_21     0.200   0.22000       0.250     0.1900          NA
gp_scenario_22     0.100   0.16000       0.160     0.2300          NA
gp_scenario_23     0.280   0.31000       0.320     0.3200     0.30000
gp_scenario_24     0.150   0.20000       0.150     0.1500     0.08100
gp_scenario_25     0.077   0.13000       0.061     0.1200     0.05200
gp_scenario_26     0.210   0.20000       0.250     0.3500     0.19000
gp_scenario_27     0.130   0.26000       0.270     0.2900     0.25000
gp_scenario_28     0.200   0.28000       0.310     0.2400     0.14000
gp_scenario_29     0.390   0.39000       0.460     0.4600          NA
gp_scenario_30    -0.120  -0.08000      -0.110    -0.1000    -0.03300
gp_scenario_31     0.290   0.35000       0.370     0.3200     0.26000
gp_scenario_32     0.014   0.16000       0.140     0.1200    -0.22000
gp_scenario_33     0.140   0.25000       0.270     0.2600     0.07700
gp_scenario_34    -0.068   0.11000       0.170     0.2500     0.39000
gp_scenario_35     0.210   0.17000       0.130     0.2600     0.26000
gp_scenario_36    -0.011  -0.10000      -0.011     0.0160     0.21000
gp_scenario_37     0.190   0.38000       0.330     0.3900     0.05400
gp_scenario_38     0.180   0.19000       0.180     0.1400     0.08100
gp_scenario_39     0.230   0.28000       0.230     0.2900     0.11000
gp_scenario_40    -0.015   0.20000       0.210     0.1800          NA
gp_scenario_41    -0.070  -0.01300      -0.010     0.0670     0.09800
gp_scenario_42     0.100   0.24000       0.230     0.2400     0.04700
gp_scenario_43    -0.140  -0.07000      -0.058    -0.0800    -0.11000
gp_scenario_44     0.310   0.36000       0.370     0.4300     0.26000
gp_scenario_45     0.057   0.23000       0.260     0.2300     0.21000
gp_scenario_46     0.032   0.00026       0.018     0.1900     0.29000
gp_scenario_47     0.330   0.38000       0.430     0.3300     0.34000
gp_scenario_48     0.250   0.35000       0.330     0.3300     0.08700
gp_scenario_49    -0.120  -0.02500      -0.021    -0.0380          NA
gp_scenario_50     0.046   0.23000       0.200     0.2300     0.04200
gp_scenario_51     0.072   0.26000       0.290     0.3300     0.16000
gp_scenario_52     0.210   0.28000       0.310     0.3000     0.39000
gp_scenario_53     0.160   0.25000       0.220     0.1800    -0.00890
gp_scenario_54     0.250   0.37000       0.330     0.3400          NA
gp_scenario_55     0.180   0.26000       0.250     0.3900     0.21000
gp_scenario_56     0.043   0.16000       0.110     0.2300    -0.01400
gp_scenario_57     0.180   0.21000       0.230     0.2700     0.13000
gp_scenario_58     0.170   0.27000       0.280     0.2100     0.02800
gp_scenario_59     0.085   0.12000       0.140     0.2500     0.19000
gp_scenario_60    -0.240  -0.12000      -0.110    -0.1300    -0.06000
gp_scenario_61     0.072   0.14000       0.160     0.2000     0.13000
gp_scenario_62     0.330   0.40000       0.500     0.5400     0.32000
gp_scenario_63    -0.033   0.10000       0.140     0.1000          NA
gp_scenario_64    -0.120   0.06300       0.039     0.0120    -0.02800
gp_scenario_65    -0.037   0.06300       0.063     0.0610          NA
gp_scenario_66     0.260   0.35000       0.340     0.4000          NA
gp_scenario_67    -0.180  -0.04000      -0.032    -0.0560    -0.10000
gp_scenario_68     0.190   0.11000       0.130     0.2000     0.37000
gp_scenario_69     0.150   0.33000       0.250     0.3100          NA
gp_scenario_70     0.320   0.32000       0.370     0.4200     0.33000
gp_scenario_71     0.024   0.09300       0.096     0.1000     0.23000
gp_scenario_72    -0.025   0.09800       0.049     0.0580     0.00910
gp_scenario_73     0.340   0.39000       0.340     0.4800     0.43000
gp_scenario_74     0.110   0.25000       0.370     0.4700     0.23000
gp_scenario_75     0.098   0.11000       0.079     0.0680     0.07900
gp_scenario_76     0.250   0.20000       0.290     0.3600     0.39000
gp_scenario_77     0.260   0.35000       0.320     0.2800          NA
gp_scenario_78     0.370   0.43000       0.450     0.4500     0.45000
gp_scenario_79    -0.170  -0.09800      -0.110    -0.1100    -0.06800
gp_scenario_80    -0.013   0.02200       0.069     0.1700          NA
gp_scenario_81     0.360   0.36000       0.470     0.5200     0.58000
gp_scenario_82     0.130   0.17000       0.160     0.2300     0.24000
gp_scenario_83    -0.150  -0.11000      -0.130    -0.0950    -0.02600
gp_scenario_84    -0.140   0.04600       0.036     0.0270    -0.30000
gp_scenario_85     0.033   0.12000       0.071     0.0990     0.03300
gp_scenario_86     0.210   0.30000       0.340     0.2800     0.24000
gp_scenario_87     0.330   0.27000       0.260     0.2500     0.34000
gp_scenario_88     0.400   0.42000       0.430     0.4000          NA
gp_scenario_89    -0.021   0.28000       0.360     0.3200     0.16000
gp_scenario_90    -0.048   0.11000       0.120     0.1300     0.00430
gp_scenario_91    -0.190  -0.00600       0.023    -0.0240    -0.16000
gp_scenario_92     0.370   0.42000       0.430     0.3700     0.17000
gp_scenario_93     0.390   0.39000       0.400     0.4500          NA
gp_scenario_94     0.045   0.20000       0.220     0.2200          NA
gp_scenario_95     0.310   0.32000       0.370     0.4500     0.41000
gp_scenario_96    -0.160   0.04700       0.066     0.0098     0.08100
gp_scenario_97     0.180   0.24000       0.260     0.2100          NA
gp_scenario_98    -0.120   0.11000       0.190     0.3100     0.22000
gp_scenario_99    -0.085  -0.03300      -0.008     0.1000     0.20000
gp_scenario_100    0.400   0.40000       0.430     0.3600          NA
pa_median          0.130   0.20000       0.200     0.2300     0.15000
pa_iqr             0.260   0.25000       0.270     0.2400     0.23000
                RF_ls_means SVR_ls_means GBLUP_ls_means RKHS_ls_means
gp_scenario_1       -0.0092      0.05500         0.0620        0.0530
gp_scenario_2        0.2500      0.41000         0.4100        0.3900
gp_scenario_3        0.0440      0.03600        -0.0032        0.0880
gp_scenario_4       -0.1700     -0.00470         0.0230       -0.0430
gp_scenario_5        0.0140     -0.07500        -0.0710       -0.0690
gp_scenario_6       -0.1100     -0.10000        -0.0280       -0.1200
gp_scenario_7        0.1400      0.22000         0.1800        0.2200
gp_scenario_8        0.0890      0.13000         0.1200        0.0990
gp_scenario_9        0.2700      0.43000         0.4400        0.4500
gp_scenario_10      -0.1500     -0.08800        -0.0540       -0.0950
gp_scenario_11      -0.0470     -0.09500        -0.1100       -0.0870
gp_scenario_12       0.0980      0.29000         0.3100        0.3200
gp_scenario_13      -0.2200     -0.06000        -0.0720        0.0620
gp_scenario_14       0.1600      0.28000         0.2600        0.2000
gp_scenario_15      -0.0460     -0.09600        -0.1200       -0.1100
gp_scenario_16       0.3200      0.38000         0.3000        0.3500
gp_scenario_17      -0.0110      0.09900         0.1200        0.0680
gp_scenario_18       0.3400      0.39000         0.4100        0.4900
gp_scenario_19      -0.0950     -0.01300        -0.0130       -0.0110
gp_scenario_20      -0.0990     -0.05800        -0.0620       -0.0400
gp_scenario_21       0.1200      0.14000         0.1400        0.1200
gp_scenario_22       0.0058      0.14000         0.1300        0.1600
gp_scenario_23       0.2100      0.26000         0.2700        0.2400
gp_scenario_24       0.2500      0.18000         0.1900        0.1500
gp_scenario_25      -0.1200     -0.00590        -0.0530        0.0140
gp_scenario_26       0.1700      0.23000         0.3100        0.3700
gp_scenario_27       0.1000      0.20000         0.2300        0.2300
gp_scenario_28       0.1700      0.19000         0.2100        0.1200
gp_scenario_29       0.2600      0.38000         0.3800        0.3500
gp_scenario_30      -0.1700     -0.12000        -0.1400       -0.1200
gp_scenario_31       0.1200      0.28000         0.2700        0.2900
gp_scenario_32      -0.0980      0.05200         0.0770        0.0450
gp_scenario_33       0.0670      0.16000         0.1700        0.1700
gp_scenario_34       0.0170      0.17000         0.1800        0.2000
gp_scenario_35       0.0300      0.00430        -0.0110        0.0710
gp_scenario_36       0.0590      0.08900         0.1300        0.0600
gp_scenario_37       0.2000      0.31000         0.2600        0.3200
gp_scenario_38      -0.0290     -0.02000        -0.0190       -0.0460
gp_scenario_39       0.1800      0.14000         0.1200        0.1600
gp_scenario_40       0.0420      0.15000         0.2000        0.1400
gp_scenario_41      -0.1200     -0.08700        -0.0670       -0.0220
gp_scenario_42       0.0550      0.05400         0.0300        0.0810
gp_scenario_43      -0.0620     -0.01600         0.0076       -0.0370
gp_scenario_44       0.2200      0.29000         0.3100        0.3100
gp_scenario_45       0.1200      0.23000         0.2300        0.2300
gp_scenario_46      -0.0500      0.02500         0.0077        0.1600
gp_scenario_47       0.2000      0.18000         0.1800        0.1300
gp_scenario_48       0.2100      0.37000         0.3500        0.3600
gp_scenario_49      -0.0410      0.09900         0.1400        0.0830
gp_scenario_50       0.1700      0.25000         0.2700        0.2700
gp_scenario_51       0.0570      0.26000         0.2400        0.2600
gp_scenario_52       0.0600      0.23000         0.2600        0.2300
gp_scenario_53      -0.0520      0.00220        -0.0100       -0.0410
gp_scenario_54       0.1400      0.28000         0.2600        0.2100
gp_scenario_55       0.0550      0.18000         0.2100        0.3000
gp_scenario_56       0.0240      0.02300        -0.0100        0.1100
gp_scenario_57      -0.0480      0.19000         0.1900        0.2100
gp_scenario_58       0.0820      0.10000         0.0990        0.0750
gp_scenario_59      -0.0680      0.04400         0.0510        0.1600
gp_scenario_60      -0.1100     -0.02200         0.0021       -0.0400
gp_scenario_61      -0.1000      0.02600         0.0740        0.0610
gp_scenario_62       0.3200      0.42000         0.4500        0.4700
gp_scenario_63      -0.0520      0.08700         0.1100        0.0460
gp_scenario_64      -0.0330      0.02000         0.0260        0.0200
gp_scenario_65      -0.0690      0.09000         0.1000        0.0930
gp_scenario_66       0.3200      0.37000         0.4000        0.4500
gp_scenario_67      -0.1100     -0.09200        -0.0600       -0.0880
gp_scenario_68       0.1300      0.12000         0.1200        0.2000
gp_scenario_69       0.0043      0.15000         0.1200        0.1500
gp_scenario_70       0.2200      0.29000         0.2800        0.2800
gp_scenario_71       0.0500      0.07300         0.0790        0.0730
gp_scenario_72      -0.0520      0.05800         0.0270        0.0690
gp_scenario_73       0.2800      0.30000         0.2900        0.4000
gp_scenario_74      -0.0072      0.22000         0.3000        0.3800
gp_scenario_75      -0.0570      0.04800         0.0540        0.0021
gp_scenario_76       0.1500      0.18000         0.2500        0.2800
gp_scenario_77       0.2500      0.25000         0.2700        0.2500
gp_scenario_78       0.2000      0.25000         0.2800        0.2500
gp_scenario_79      -0.2000     -0.12000        -0.1200       -0.1200
gp_scenario_80       0.0230      0.05800         0.0510        0.0810
gp_scenario_81       0.0990      0.28000         0.3500        0.3800
gp_scenario_82       0.1400      0.17000         0.1800        0.2700
gp_scenario_83      -0.2500     -0.18000        -0.1800       -0.1500
gp_scenario_84      -0.1600     -0.05300        -0.0350       -0.0480
gp_scenario_85      -0.0540     -0.02500        -0.0150       -0.0130
gp_scenario_86       0.1700      0.18000         0.2200        0.1300
gp_scenario_87       0.0570      0.12000         0.1100        0.1000
gp_scenario_88       0.0360      0.18000         0.2000        0.1700
gp_scenario_89       0.0880      0.28000         0.3400        0.2600
gp_scenario_90      -0.0230      0.08200         0.0710        0.0990
gp_scenario_91      -0.1400      0.00064         0.0580        0.0140
gp_scenario_92       0.2100      0.27000         0.2700        0.2100
gp_scenario_93       0.1900      0.33000         0.3300        0.3200
gp_scenario_94       0.0600      0.20000         0.2400        0.2000
gp_scenario_95       0.2000      0.22000         0.2700        0.3500
gp_scenario_96      -0.1000      0.01000         0.0600       -0.0170
gp_scenario_97       0.1700      0.13000         0.1400        0.1400
gp_scenario_98       0.0340      0.19000         0.1900        0.3000
gp_scenario_99      -0.1200     -0.01100         0.0280        0.0840
gp_scenario_100      0.3400      0.47000         0.4800        0.4100
pa_median            0.0530      0.14000         0.1400        0.1400
pa_iqr               0.2200      0.23000         0.2400        0.2200
                LASSO_ls_means
gp_scenario_1          0.09000
gp_scenario_2               NA
gp_scenario_3               NA
gp_scenario_4               NA
gp_scenario_5          0.25000
gp_scenario_6          0.08000
gp_scenario_7          0.07500
gp_scenario_8         -0.04900
gp_scenario_9               NA
gp_scenario_10        -0.21000
gp_scenario_11        -0.04500
gp_scenario_12              NA
gp_scenario_13         0.05700
gp_scenario_14              NA
gp_scenario_15        -0.07900
gp_scenario_16              NA
gp_scenario_17              NA
gp_scenario_18         0.09300
gp_scenario_19        -0.02700
gp_scenario_20         0.07700
gp_scenario_21         0.12000
gp_scenario_22        -0.06100
gp_scenario_23              NA
gp_scenario_24              NA
gp_scenario_25              NA
gp_scenario_26              NA
gp_scenario_27              NA
gp_scenario_28              NA
gp_scenario_29              NA
gp_scenario_30        -0.15000
gp_scenario_31              NA
gp_scenario_32              NA
gp_scenario_33              NA
gp_scenario_34         0.36000
gp_scenario_35         0.00025
gp_scenario_36              NA
gp_scenario_37              NA
gp_scenario_38        -0.01300
gp_scenario_39        -0.04300
gp_scenario_40         0.19000
gp_scenario_41              NA
gp_scenario_42         0.02300
gp_scenario_43         0.01000
gp_scenario_44              NA
gp_scenario_45              NA
gp_scenario_46              NA
gp_scenario_47              NA
gp_scenario_48         0.07600
gp_scenario_49        -0.17000
gp_scenario_50              NA
gp_scenario_51              NA
gp_scenario_52         0.21000
gp_scenario_53              NA
gp_scenario_54         0.00210
gp_scenario_55              NA
gp_scenario_56              NA
gp_scenario_57         0.04800
gp_scenario_58              NA
gp_scenario_59         0.01900
gp_scenario_60        -0.13000
gp_scenario_61         0.16000
gp_scenario_62         0.23000
gp_scenario_63              NA
gp_scenario_64         0.09200
gp_scenario_65        -0.02100
gp_scenario_66              NA
gp_scenario_67              NA
gp_scenario_68         0.12000
gp_scenario_69              NA
gp_scenario_70         0.16000
gp_scenario_71              NA
gp_scenario_72         0.01400
gp_scenario_73              NA
gp_scenario_74         0.12000
gp_scenario_75         0.01400
gp_scenario_76              NA
gp_scenario_77              NA
gp_scenario_78         0.02000
gp_scenario_79        -0.17000
gp_scenario_80         0.15000
gp_scenario_81              NA
gp_scenario_82         0.19000
gp_scenario_83         0.04000
gp_scenario_84        -0.12000
gp_scenario_85              NA
gp_scenario_86         0.12000
gp_scenario_87              NA
gp_scenario_88              NA
gp_scenario_89         0.08900
gp_scenario_90         0.03400
gp_scenario_91        -0.23000
gp_scenario_92              NA
gp_scenario_93              NA
gp_scenario_94         0.02700
gp_scenario_95         0.23000
gp_scenario_96        -0.11000
gp_scenario_97        -0.08100
gp_scenario_98              NA
gp_scenario_99         0.13000
gp_scenario_100             NA
pa_median              0.03400
pa_iqr                 0.16000
                GBLUP_wiser GBLUP_ls_means
gp_scenario_1       0.72000        0.50000
gp_scenario_2       0.04200        0.00120
gp_scenario_3       0.24000        0.06300
gp_scenario_4       0.30000        0.01900
gp_scenario_5       0.42000        0.41000
gp_scenario_6       0.33000        0.32000
gp_scenario_7       0.06400        0.01000
gp_scenario_8       0.37000        0.20000
gp_scenario_9       0.00630        0.00094
gp_scenario_10      0.75000        0.54000
gp_scenario_11      0.43000        0.49000
gp_scenario_12      0.01100        0.00130
gp_scenario_13      0.42000        0.00910
gp_scenario_14      0.14000        0.00090
gp_scenario_15      0.79000        0.61000
gp_scenario_16      0.07900        0.00230
gp_scenario_17      0.25000        0.20000
gp_scenario_18      0.03800        0.00088
gp_scenario_19      0.83000        0.63000
gp_scenario_20      0.43000        0.38000
gp_scenario_21      0.29000        0.21000
gp_scenario_22      0.26000        0.05200
gp_scenario_23      0.05000        0.00096
gp_scenario_24      0.32000        0.19000
gp_scenario_25      0.35000        0.27000
gp_scenario_26      0.00400        0.00048
gp_scenario_27      0.24000        0.00530
gp_scenario_28      0.27000        0.24000
gp_scenario_29      0.02000        0.00240
gp_scenario_30      0.79000        0.67000
gp_scenario_31      0.05700        0.00290
gp_scenario_32      0.69000        0.50000
gp_scenario_33      0.29000        0.15000
gp_scenario_34      0.04000        0.00110
gp_scenario_35      0.32000        0.31000
gp_scenario_36      0.33000        0.00610
gp_scenario_37      0.05100        0.00350
gp_scenario_38      0.34000        0.39000
gp_scenario_39      0.23000        0.02300
gp_scenario_40      0.58000        0.33000
gp_scenario_41      0.40000        0.29000
gp_scenario_42      0.26000        0.29000
gp_scenario_43      0.71000        0.43000
gp_scenario_44      0.00270        0.00180
gp_scenario_45      0.25000        0.00400
gp_scenario_46      0.24000        0.04700
gp_scenario_47      0.16000        0.14000
gp_scenario_48      0.05200        0.00130
gp_scenario_49      0.69000        0.38000
gp_scenario_50      0.36000        0.02200
gp_scenario_51      0.22000        0.00390
gp_scenario_52      0.52000        0.05600
gp_scenario_53      0.28000        0.30000
gp_scenario_54      0.23000        0.02300
gp_scenario_55      0.02700        0.00270
gp_scenario_56      0.29000        0.22000
gp_scenario_57      0.28000        0.06300
gp_scenario_58      0.08900        0.09100
gp_scenario_59      0.04800        0.00290
gp_scenario_60      0.74000        0.48000
gp_scenario_61      0.27000        0.26000
gp_scenario_62      0.00140        0.00055
gp_scenario_63      0.35000        0.22000
gp_scenario_64      0.63000        0.45000
gp_scenario_65      0.36000        0.21000
gp_scenario_66      0.01200        0.00052
gp_scenario_67      0.68000        0.53000
gp_scenario_68      0.28000        0.00430
gp_scenario_69      0.29000        0.22000
gp_scenario_70      0.01100        0.00390
gp_scenario_71      0.36000        0.28000
gp_scenario_72      0.69000        0.43000
gp_scenario_73      0.02400        0.00160
gp_scenario_74      0.00150        0.00076
gp_scenario_75      0.38000        0.29000
gp_scenario_76      0.00085        0.00069
gp_scenario_77      0.11000        0.00210
gp_scenario_78      0.01600        0.01300
gp_scenario_79      0.88000        0.68000
gp_scenario_80      0.43000        0.33000
gp_scenario_81      0.00052        0.00058
gp_scenario_82      0.08300        0.00077
gp_scenario_83      0.41000        0.37000
gp_scenario_84      0.74000        0.50000
gp_scenario_85      0.39000        0.34000
gp_scenario_86      0.35000        0.18000
gp_scenario_87      0.23000        0.20000
gp_scenario_88      0.02000        0.02200
gp_scenario_89      0.25000        0.00350
gp_scenario_90      0.43000        0.27000
gp_scenario_91      0.67000        0.47000
gp_scenario_92      0.09700        0.01200
gp_scenario_93      0.11000        0.00860
gp_scenario_94      0.27000        0.00950
gp_scenario_95      0.00500        0.00140
gp_scenario_96      0.66000        0.49000
gp_scenario_97      0.30000        0.23000
gp_scenario_98      0.21000        0.00280
gp_scenario_99      0.35000        0.12000
gp_scenario_100     0.06400        0.00097
h2_median           0.28000        0.07700
h2_iqr              0.34000        0.31000
