[1] "using pine_env"
Le chargement a nécessité le package : Matrix

Attachement du package : ‘tidyr’

Les objets suivants sont masqués depuis ‘package:Matrix’:

    expand, pack, unpack

Le chargement a nécessité le package : foreach
Le chargement a nécessité le package : iterators
Le chargement a nécessité le package : parallel
Le chargement a nécessité le package : rngtools
This build of rgl does not include OpenGL functions.  Use
 rglwidget() to display results, e.g. via options(rgl.printRglwidget = TRUE).
Le chargement a nécessité le package : Rcpp
Le chargement a nécessité le package : RcppZiggurat
Le chargement a nécessité le package : RcppParallel

Attachement du package : ‘RcppParallel’

L'objet suivant est masqué depuis ‘package:Rcpp’:

    LdFlags


Rfast: 2.1.0
 ___ __ __ __ __    __ __ __ __ __ _             _               __ __ __ __ __     __ __ __ __ __ __   
|  __ __ __ __  |  |  __ __ __ __ _/            / \             |  __ __ __ __ /   /__ __ _   _ __ __\  
| |           | |  | |                         / _ \            | |                        / /          
| |           | |  | |                        / / \ \           | |                       / /          
| |           | |  | |                       / /   \ \          | |                      / /          
| |__ __ __ __| |  | |__ __ __ __           / /     \ \         | |__ __ __ __ _        / /__/\          
|    __ __ __ __|  |  __ __ __ __|         / /__ _ __\ \        |_ __ __ __ _   |      / ___  /           
|   \              | |                    / _ _ _ _ _ _ \                     | |      \/  / /       
| |\ \             | |                   / /           \ \                    | |         / /          
| | \ \            | |                  / /             \ \                   | |        / /          
| |  \ \           | |                 / /               \ \                  | |       / /          
| |   \ \__ __ _   | |                / /                 \ \     _ __ __ __ _| |      / /          
|_|    \__ __ __\  |_|               /_/                   \_\   /_ __ __ __ ___|      \/             team

Attachement du package : ‘Rfast’

Les objets suivants sont masqués depuis ‘package:robustbase’:

    colMedians, rowMedians

L'objet suivant est masqué depuis ‘package:data.table’:

    transpose

Le chargement a nécessité le package : lattice

Attachement du package : ‘plotly’

L'objet suivant est masqué depuis ‘package:ggplot2’:

    last_plot

L'objet suivant est masqué depuis ‘package:MASS’:

    select

L'objet suivant est masqué depuis ‘package:stats’:

    filter

L'objet suivant est masqué depuis ‘package:graphics’:

    layout


Attachement du package : ‘dplyr’

L'objet suivant est masqué depuis ‘package:Rfast’:

    nth

Les objets suivants sont masqués depuis ‘package:data.table’:

    between, first, last

L'objet suivant est masqué depuis ‘package:MASS’:

    select

Les objets suivants sont masqués depuis ‘package:stats’:

    filter, lag

Les objets suivants sont masqués depuis ‘package:base’:

    intersect, setdiff, setequal, union


Attachement du package : ‘kernlab’

L'objet suivant est masqué depuis ‘package:ggplot2’:

    alpha

Le chargement a nécessité le package : corpcor

Attachement du package : ‘corpcor’

L'objet suivant est masqué depuis ‘package:matrixcalc’:

    is.positive.definite

Loaded glmnet 4.1-8

Loaded mixOmics 6.25.1
Thank you for using mixOmics!
Tutorials: http://mixomics.org
Bookdown vignette: https://mixomicsteam.github.io/Bookdown
Questions, issues: Follow the prompts at http://mixomics.org/contact-us
Cite us:  citation('mixOmics')

[1] "kernel: linear"
[1] "trait: D"
                RF_wiser SVR_wiser GBLUP_wiser RKHS_wiser LASSO_wiser
gp_scenario_1       0.64      0.72        0.70       0.70        0.52
gp_scenario_2       0.57      0.67        0.66       0.66        0.26
gp_scenario_3       0.58      0.59        0.58       0.58        0.48
gp_scenario_4       0.57      0.69        0.71       0.70        0.34
gp_scenario_5       0.59      0.66        0.66       0.66        0.55
gp_scenario_6       0.63      0.68        0.67       0.67        0.39
gp_scenario_7       0.60      0.62        0.60       0.60        0.47
gp_scenario_8       0.49      0.67        0.65       0.65        0.48
gp_scenario_9       0.60      0.68        0.63       0.63        0.30
gp_scenario_10      0.62      0.65        0.67       0.67        0.58
gp_scenario_11      0.65      0.74        0.74       0.74        0.50
gp_scenario_12      0.58      0.61        0.59       0.59        0.50
gp_scenario_13      0.65      0.72        0.72       0.72        0.67
gp_scenario_14      0.55      0.59        0.57       0.57        0.42
gp_scenario_15      0.72      0.77        0.74       0.74        0.56
gp_scenario_16      0.66      0.74        0.72       0.72        0.54
gp_scenario_17      0.52      0.62        0.63       0.63        0.51
gp_scenario_18      0.70      0.73        0.70       0.70        0.52
gp_scenario_19      0.45      0.54        0.56       0.56        0.25
gp_scenario_20      0.66      0.68        0.66       0.66        0.55
gp_scenario_21      0.38      0.51        0.53       0.53        0.37
gp_scenario_22      0.64      0.68        0.66       0.66        0.54
gp_scenario_23      0.59      0.72        0.69       0.69        0.55
gp_scenario_24      0.62      0.66        0.65       0.65        0.35
gp_scenario_25      0.70      0.70        0.66       0.67        0.39
gp_scenario_26      0.60      0.65        0.65       0.65        0.43
gp_scenario_27      0.61      0.66        0.66       0.66        0.39
gp_scenario_28      0.65      0.74        0.74       0.74        0.51
gp_scenario_29      0.62      0.70        0.67       0.67        0.57
gp_scenario_30      0.52      0.58        0.56       0.56        0.30
gp_scenario_31      0.56      0.72        0.74       0.74        0.41
gp_scenario_32      0.58      0.57        0.56       0.56        0.57
gp_scenario_33      0.62      0.65        0.62       0.63        0.37
gp_scenario_34      0.53      0.60        0.60       0.60        0.39
gp_scenario_35      0.70      0.80        0.78       0.78        0.67
gp_scenario_36      0.50      0.54        0.47       0.48        0.31
gp_scenario_37      0.60      0.66        0.67       0.67        0.32
gp_scenario_38      0.62      0.72        0.72       0.72        0.60
gp_scenario_39      0.62      0.74        0.74       0.74        0.61
gp_scenario_40      0.65      0.63        0.63       0.63        0.51
gp_scenario_41      0.53      0.53        0.54       0.54        0.50
gp_scenario_42      0.69      0.72        0.70       0.70        0.53
gp_scenario_43      0.65      0.72        0.72       0.72        0.39
gp_scenario_44      0.49      0.63        0.62       0.62        0.38
gp_scenario_45      0.47      0.50        0.43       0.44        0.33
gp_scenario_46      0.51      0.61        0.61       0.61        0.41
gp_scenario_47      0.56      0.66        0.66       0.66        0.39
gp_scenario_48      0.65      0.69        0.70       0.70        0.57
gp_scenario_49      0.60      0.67        0.67       0.67        0.53
gp_scenario_50      0.52      0.67        0.67       0.67        0.46
gp_scenario_51      0.44      0.61        0.58       0.59        0.40
gp_scenario_52      0.70      0.79        0.77       0.77        0.50
gp_scenario_53      0.60      0.65        0.65       0.65        0.50
gp_scenario_54      0.54      0.60        0.59       0.59        0.29
gp_scenario_55      0.39      0.44        0.43       0.43        0.22
gp_scenario_56      0.50      0.57        0.57       0.57        0.23
gp_scenario_57      0.46      0.58        0.56       0.56        0.34
gp_scenario_58      0.61      0.64        0.63       0.64        0.52
gp_scenario_59      0.61      0.66        0.64       0.64        0.35
gp_scenario_60      0.67      0.76        0.74       0.75        0.53
gp_scenario_61      0.54      0.56        0.55       0.55        0.45
gp_scenario_62      0.56      0.59        0.56       0.57        0.50
gp_scenario_63      0.74      0.78        0.75       0.76        0.58
gp_scenario_64      0.59      0.61        0.60       0.60        0.55
gp_scenario_65      0.67      0.76        0.74       0.74        0.56
gp_scenario_66      0.63      0.73        0.71       0.72        0.42
gp_scenario_67      0.54      0.63        0.63       0.63        0.55
gp_scenario_68      0.51      0.59        0.56       0.56        0.37
gp_scenario_69      0.68      0.77        0.76       0.76        0.41
gp_scenario_70      0.64      0.68        0.65       0.65        0.56
gp_scenario_71      0.56      0.67        0.62       0.63        0.43
gp_scenario_72      0.56      0.65        0.62       0.62        0.41
gp_scenario_73      0.49      0.64        0.65       0.65        0.35
gp_scenario_74      0.57      0.66        0.66       0.66        0.48
gp_scenario_75      0.78      0.78        0.78       0.78        0.62
gp_scenario_76      0.44      0.62        0.60       0.60        0.43
gp_scenario_77      0.62      0.68        0.69       0.69        0.48
gp_scenario_78      0.73      0.75        0.74       0.75        0.54
gp_scenario_79      0.60      0.68        0.66       0.67        0.58
gp_scenario_80      0.63      0.72        0.70       0.70        0.61
gp_scenario_81      0.61      0.74        0.72       0.72        0.46
gp_scenario_82      0.65      0.72        0.70       0.70        0.45
gp_scenario_83      0.39      0.51        0.53       0.53        0.32
gp_scenario_84      0.61      0.65        0.64       0.64        0.49
gp_scenario_85      0.58      0.73        0.72       0.72        0.48
gp_scenario_86      0.70      0.68        0.66       0.66        0.38
gp_scenario_87      0.66      0.72        0.67       0.67        0.58
gp_scenario_88      0.51      0.61        0.62       0.62        0.45
gp_scenario_89      0.58      0.65        0.62       0.63        0.63
gp_scenario_90      0.65      0.72        0.73       0.73        0.31
gp_scenario_91      0.48      0.61        0.58       0.59        0.52
gp_scenario_92      0.69      0.75        0.73       0.73        0.50
gp_scenario_93      0.51      0.66        0.65       0.65        0.45
gp_scenario_94      0.66      0.65        0.65       0.65        0.51
gp_scenario_95      0.50      0.69        0.70       0.70        0.37
gp_scenario_96      0.60      0.70        0.72       0.72        0.53
gp_scenario_97      0.53      0.57        0.56       0.56        0.48
gp_scenario_98      0.51      0.59        0.56       0.56        0.33
gp_scenario_99      0.64      0.79        0.79       0.79        0.64
gp_scenario_100     0.43      0.51        0.45       0.45        0.26
pa_median           0.60      0.66        0.66       0.66        0.48
pa_iqr              0.12      0.11        0.10       0.10        0.15
                RF_ls_means SVR_ls_means GBLUP_ls_means RKHS_ls_means
gp_scenario_1        0.0860       0.1300        0.12000       0.13000
gp_scenario_2       -0.1000       0.1000        0.11000       0.12000
gp_scenario_3        0.1100       0.0450        0.02300       0.11000
gp_scenario_4        0.2000       0.2700        0.30000       0.24000
gp_scenario_5        0.0110      -0.0270       -0.02000      -0.04100
gp_scenario_6        0.1200       0.1500        0.16000       0.14000
gp_scenario_7       -0.0390      -0.0770       -0.07900      -0.07500
gp_scenario_8        0.0690       0.1100        0.16000       0.18000
gp_scenario_9        0.1300       0.1100        0.12000       0.17000
gp_scenario_10      -0.1600      -0.0420       -0.02200      -0.06900
gp_scenario_11       0.0360       0.0200        0.00930       0.01200
gp_scenario_12       0.1200       0.1600        0.17000       0.20000
gp_scenario_13       0.2200       0.1800        0.18000       0.17000
gp_scenario_14       0.4000       0.3600        0.37000       0.37000
gp_scenario_15       0.0290      -0.0750       -0.07700      -0.08500
gp_scenario_16      -0.0340       0.0300        0.00780       0.03400
gp_scenario_17       0.0910       0.1800        0.17000       0.16000
gp_scenario_18       0.3400       0.3800        0.40000       0.42000
gp_scenario_19       0.0620       0.0510        0.06800       0.02800
gp_scenario_20      -0.2000      -0.1300       -0.07100      -0.15000
gp_scenario_21       0.0720       0.1400        0.16000       0.13000
gp_scenario_22       0.2400       0.1900        0.20000       0.20000
gp_scenario_23       0.1700       0.1400        0.14000       0.14000
gp_scenario_24       0.0580       0.0350        0.04500       0.05500
gp_scenario_25      -0.0790      -0.0390       -0.07100       0.03500
gp_scenario_26       0.2700       0.3900        0.39000       0.34000
gp_scenario_27      -0.1200      -0.0880       -0.10000      -0.08400
gp_scenario_28       0.1600       0.2000        0.24000       0.16000
gp_scenario_29       0.2200       0.2100        0.20000       0.24000
gp_scenario_30      -0.0470      -0.0440       -0.06900       0.00210
gp_scenario_31       0.1800       0.1800        0.18000       0.20000
gp_scenario_32       0.0830       0.0870        0.08000       0.13000
gp_scenario_33       0.1500       0.1700        0.20000       0.23000
gp_scenario_34       0.2100       0.2500        0.26000       0.29000
gp_scenario_35      -0.0860      -0.1100       -0.09200      -0.13000
gp_scenario_36       0.2600       0.2000        0.23000       0.31000
gp_scenario_37       0.1000       0.1300        0.11000       0.13000
gp_scenario_38      -0.0094       0.0026        0.01200       0.01500
gp_scenario_39      -0.0490       0.1100        0.12000       0.13000
gp_scenario_40       0.0260       0.1500        0.21000       0.11000
gp_scenario_41       0.0680       0.0460        0.06700       0.06300
gp_scenario_42       0.1500       0.1500        0.14000       0.15000
gp_scenario_43      -0.0590      -0.0670       -0.09900      -0.03900
gp_scenario_44       0.0740       0.1100        0.13000       0.10000
gp_scenario_45       0.0700       0.1400        0.19000       0.25000
gp_scenario_46      -0.0910      -0.0260       -0.02900      -0.02000
gp_scenario_47      -0.0690       0.0110        0.01700       0.03000
gp_scenario_48       0.2000       0.0031        0.00580       0.05000
gp_scenario_49       0.2100       0.2100        0.21000       0.20000
gp_scenario_50       0.0013       0.0820        0.11000       0.09900
gp_scenario_51       0.1200       0.1400        0.15000       0.23000
gp_scenario_52       0.0830      -0.0340        0.02900      -0.13000
gp_scenario_53       0.0720       0.0520        0.04500       0.09400
gp_scenario_54      -0.0750      -0.1700       -0.18000      -0.18000
gp_scenario_55      -0.0930      -0.1700       -0.15000      -0.20000
gp_scenario_56      -0.4800      -0.3600       -0.32000      -0.36000
gp_scenario_57      -0.0390       0.1000        0.13000       0.06700
gp_scenario_58      -0.0310      -0.0260       -0.02300       0.03500
gp_scenario_59       0.2400       0.2400        0.27000       0.28000
gp_scenario_60       0.3400       0.2900        0.32000       0.25000
gp_scenario_61      -0.2000      -0.2600       -0.27000      -0.26000
gp_scenario_62       0.1200       0.1700        0.17000       0.13000
gp_scenario_63       0.0840       0.1200        0.12000       0.12000
gp_scenario_64      -0.0660       0.0130        0.03100       0.07500
gp_scenario_65      -0.1500       0.0140        0.01600       0.04300
gp_scenario_66       0.1300       0.1500        0.15000       0.18000
gp_scenario_67      -0.0920      -0.0680       -0.01500      -0.10000
gp_scenario_68       0.1200       0.1400        0.15000       0.17000
gp_scenario_69       0.2200       0.3200        0.34000       0.34000
gp_scenario_70      -0.0540      -0.1500       -0.18000      -0.06200
gp_scenario_71       0.2700       0.1700        0.19000       0.26000
gp_scenario_72       0.1500       0.1900        0.19000       0.18000
gp_scenario_73       0.0200       0.0450        0.06200       0.07700
gp_scenario_74       0.0510      -0.0013       -0.02600       0.03400
gp_scenario_75      -0.0340       0.0590        0.08300       0.01600
gp_scenario_76       0.0750       0.1200        0.13000       0.09000
gp_scenario_77       0.0400       0.0640        0.07100       0.03600
gp_scenario_78      -0.1200      -0.1100       -0.09700      -0.00098
gp_scenario_79       0.1600       0.0570        0.04900       0.09800
gp_scenario_80      -0.1600      -0.0160       -0.00590      -0.03300
gp_scenario_81       0.1000       0.0620        0.04700       0.05200
gp_scenario_82       0.0450       0.1100        0.09500       0.13000
gp_scenario_83      -0.1200       0.0220        0.04800      -0.00340
gp_scenario_84      -0.1600      -0.0450       -0.06000       0.01600
gp_scenario_85       0.1200       0.0610        0.12000       0.08200
gp_scenario_86      -0.0240      -0.0630       -0.09000      -0.06400
gp_scenario_87       0.0350      -0.0360       -0.08700       0.02400
gp_scenario_88       0.1500       0.0340        0.06800       0.04100
gp_scenario_89       0.2600       0.2100        0.30000       0.33000
gp_scenario_90       0.1400       0.2000        0.23000       0.21000
gp_scenario_91       0.1100      -0.0220       -0.03600       0.07900
gp_scenario_92       0.0430      -0.0200       -0.02000      -0.04600
gp_scenario_93      -0.0110      -0.0380        0.00073      -0.11000
gp_scenario_94      -0.0260       0.1400        0.14000       0.10000
gp_scenario_95       0.0690       0.0890        0.11000       0.06000
gp_scenario_96      -0.0220      -0.0310       -0.02800       0.00590
gp_scenario_97       0.0980       0.1300        0.13000       0.20000
gp_scenario_98      -0.0270       0.0590        0.04100       0.11000
gp_scenario_99      -0.2300      -0.1200       -0.08800      -0.11000
gp_scenario_100      0.1600       0.1600        0.19000       0.20000
pa_median            0.0690       0.0630        0.08200       0.09200
pa_iqr               0.1800       0.1800        0.19000       0.16000
                LASSO_ls_means RF_blups SVR_blups GBLUP_blups RKHS_blups
gp_scenario_1           -0.075   0.1100    0.1500      0.1200    1.1e-01
gp_scenario_2           -0.150  -0.2000   -0.1600     -0.1100   -1.6e-01
gp_scenario_3            0.024   0.1600    0.2000      0.1500    2.1e-01
gp_scenario_4            0.090   0.3000    0.2900      0.2900    2.2e-01
gp_scenario_5               NA   0.0920    0.1100      0.1100    7.6e-02
gp_scenario_6            0.016  -0.0290    0.0850      0.1200    6.2e-02
gp_scenario_7            0.150  -0.0960   -0.1600     -0.1600   -1.7e-01
gp_scenario_8               NA   0.1500    0.2800      0.2400    2.6e-01
gp_scenario_9           -0.047   0.1800    0.2600      0.2500    2.6e-01
gp_scenario_10           0.040  -0.1400   -0.0410      0.0110   -2.6e-02
gp_scenario_11           0.220   0.2300    0.3000      0.3000    2.6e-01
gp_scenario_12              NA   0.1500    0.2500      0.2500    2.4e-01
gp_scenario_13              NA   0.1500    0.1600      0.1300    1.3e-01
gp_scenario_14           0.170   0.0430    0.1500      0.1800    1.2e-01
gp_scenario_15           0.059  -0.1100    0.0014     -0.0063    8.5e-03
gp_scenario_16          -0.240   0.1800    0.1900      0.1400    1.2e-01
gp_scenario_17              NA  -0.0580    0.0650      0.1100    4.3e-02
gp_scenario_18           0.110   0.3800    0.4200      0.4500    4.8e-01
gp_scenario_19              NA  -0.0880    0.0220      0.0260    3.9e-02
gp_scenario_20          -0.260  -0.2000   -0.0730     -0.0220   -1.2e-01
gp_scenario_21           0.031   0.0790    0.1100      0.1200    1.1e-01
gp_scenario_22              NA   0.2300    0.2300      0.2600    2.9e-01
gp_scenario_23              NA   0.1600    0.1700      0.1900    1.0e-01
gp_scenario_24           0.060   0.1600    0.1600      0.1900    1.5e-01
gp_scenario_25           0.130   0.0690    0.1400      0.0660    8.0e-02
gp_scenario_26              NA   0.2200    0.2800      0.2800    2.3e-01
gp_scenario_27          -0.150  -0.0130   -0.1100     -0.1600   -1.5e-01
gp_scenario_28              NA   0.2200    0.2600      0.2700    1.8e-01
gp_scenario_29              NA   0.1700    0.2600      0.3100    3.4e-01
gp_scenario_30           0.140  -0.0690   -0.0300     -0.0250   -8.1e-05
gp_scenario_31           0.120   0.1000    0.2700      0.2900    3.1e-01
gp_scenario_32              NA  -0.0057    0.0600      0.0320    6.4e-02
gp_scenario_33           0.099   0.1600    0.1600      0.1700    1.9e-01
gp_scenario_34              NA   0.2700    0.4100      0.3300    3.0e-01
gp_scenario_35           0.065  -0.0100    0.0870      0.0690    3.4e-02
gp_scenario_36           0.170   0.0360   -0.0064     -0.1100   -3.5e-02
gp_scenario_37           0.140   0.1100    0.1100      0.1100    1.2e-01
gp_scenario_38              NA   0.0490    0.1400      0.1300    9.2e-02
gp_scenario_39              NA   0.1400    0.1200      0.2100    2.2e-01
gp_scenario_40          -0.044  -0.1300    0.0180      0.1100    1.9e-03
gp_scenario_41           0.180   0.0400    0.0250      0.0430    2.4e-02
gp_scenario_42           0.140   0.2000    0.2100      0.1700    2.1e-01
gp_scenario_43              NA  -0.0340   -0.0180     -0.0490   -2.9e-02
gp_scenario_44           0.190  -0.0230    0.0250      0.0610   -3.3e-03
gp_scenario_45          -0.170   0.0660   -0.0560     -0.0470    6.2e-03
gp_scenario_46           0.140  -0.0073    0.0910      0.0990    6.6e-02
gp_scenario_47          -0.036   0.1000    0.1300      0.0510    6.5e-02
gp_scenario_48              NA   0.0110   -0.0580     -0.1100   -6.4e-02
gp_scenario_49              NA   0.1000    0.2200      0.2600    1.6e-01
gp_scenario_50          -0.270  -0.0110    0.0290      0.0810    5.1e-02
gp_scenario_51          -0.230   0.1600    0.2500      0.2300    2.8e-01
gp_scenario_52              NA  -0.0190    0.0730      0.1100   -3.6e-02
gp_scenario_53           0.046   0.0510    0.1200      0.1100    1.0e-01
gp_scenario_54           0.120   0.0720    0.0210      0.0170    1.6e-02
gp_scenario_55              NA  -0.1500   -0.1700     -0.1700   -2.2e-01
gp_scenario_56          -0.320  -0.2800   -0.2000     -0.1100   -1.9e-01
gp_scenario_57              NA   0.2600    0.2700      0.2100    1.9e-01
gp_scenario_58              NA  -0.0640   -0.0017      0.0018   -3.0e-02
gp_scenario_59          -0.120   0.3300    0.3900      0.3500    3.0e-01
gp_scenario_60              NA   0.2400    0.2700      0.3600    3.4e-01
gp_scenario_61          -0.440  -0.3300   -0.2700     -0.2600   -2.6e-01
gp_scenario_62              NA   0.2300    0.2800      0.2400    2.1e-01
gp_scenario_63              NA   0.2000    0.2200      0.2000    2.1e-01
gp_scenario_64              NA   0.0870    0.1300      0.1500    1.7e-01
gp_scenario_65          -0.190  -0.1800   -0.0750     -0.0430   -8.9e-02
gp_scenario_66           0.017  -0.0088    0.1200      0.1300    1.4e-01
gp_scenario_67           0.130  -0.0160   -0.0036      0.0250   -6.7e-02
gp_scenario_68              NA   0.1900    0.2500      0.2200    2.5e-01
gp_scenario_69              NA   0.3500    0.4400      0.4300    4.3e-01
gp_scenario_70           0.076   0.0510    0.0170     -0.0200    5.0e-03
gp_scenario_71              NA   0.0710    0.0500      0.0730    7.3e-02
gp_scenario_72           0.027   0.0410    0.1600      0.1300    8.1e-02
gp_scenario_73              NA   0.1400    0.1800      0.2200    2.2e-01
gp_scenario_74              NA   0.0470    0.0780      0.0170    1.3e-02
gp_scenario_75           0.160  -0.0220    0.1300      0.1200    4.7e-02
gp_scenario_76           0.075  -0.0370    0.0600      0.1100    4.7e-02
gp_scenario_77              NA   0.0970    0.1800      0.2000    1.7e-01
gp_scenario_78              NA   0.0670    0.0140      0.0039    5.6e-02
gp_scenario_79              NA   0.1100    0.0860      0.0790    1.3e-01
gp_scenario_80              NA  -0.1200    0.0450      0.0320    8.2e-03
gp_scenario_81              NA   0.1300    0.2700      0.2400    2.0e-01
gp_scenario_82              NA   0.1800    0.1900      0.0980    1.4e-01
gp_scenario_83          -0.120  -0.0910    0.0260      0.0390    8.8e-03
gp_scenario_84              NA  -0.0900   -0.0750     -0.0680   -2.7e-02
gp_scenario_85           0.290   0.1300    0.1700      0.1900    1.4e-01
gp_scenario_86              NA  -0.0069   -0.0390     -0.0390   -7.1e-02
gp_scenario_87              NA   0.1700    0.0920      0.0170    1.2e-01
gp_scenario_88              NA   0.2200    0.2100      0.2400    2.3e-01
gp_scenario_89           0.077   0.2100    0.2600      0.2700    3.2e-01
gp_scenario_90           0.140   0.0360    0.0480      0.0550    2.5e-02
gp_scenario_91              NA   0.1200    0.0250      0.0550    1.4e-01
gp_scenario_92          -0.120   0.1300    0.1600      0.1300    1.5e-01
gp_scenario_93              NA  -0.0300    0.0660      0.0550   -1.9e-02
gp_scenario_94          -0.081   0.0340    0.0700      0.1000    8.2e-03
gp_scenario_95              NA   0.1100    0.1800      0.1600    1.4e-01
gp_scenario_96           0.130  -0.0720   -0.0310     -0.0031   -1.5e-02
gp_scenario_97              NA   0.1500    0.2700      0.2700    2.9e-01
gp_scenario_98          -0.130   0.1100    0.1500      0.1900    2.3e-01
gp_scenario_99              NA  -0.2200   -0.0500     -0.0350   -8.1e-02
gp_scenario_100         -0.038   0.0930    0.1400      0.0980    9.8e-02
pa_median                0.052   0.0760    0.1200      0.1100    9.9e-02
pa_iqr                   0.240   0.1800    0.1900      0.1900    2.0e-01
                LASSO_blups
gp_scenario_1        0.0370
gp_scenario_2            NA
gp_scenario_3        0.2500
gp_scenario_4            NA
gp_scenario_5            NA
gp_scenario_6       -0.0830
gp_scenario_7            NA
gp_scenario_8        0.0670
gp_scenario_9        0.0420
gp_scenario_10           NA
gp_scenario_11           NA
gp_scenario_12           NA
gp_scenario_13           NA
gp_scenario_14      -0.0250
gp_scenario_15      -0.1200
gp_scenario_16           NA
gp_scenario_17      -0.1100
gp_scenario_18           NA
gp_scenario_19           NA
gp_scenario_20       0.0270
gp_scenario_21       0.1300
gp_scenario_22           NA
gp_scenario_23           NA
gp_scenario_24           NA
gp_scenario_25       0.1400
gp_scenario_26           NA
gp_scenario_27           NA
gp_scenario_28       0.0350
gp_scenario_29       0.0460
gp_scenario_30       0.1100
gp_scenario_31       0.0500
gp_scenario_32           NA
gp_scenario_33           NA
gp_scenario_34       0.1700
gp_scenario_35      -0.1400
gp_scenario_36      -0.1500
gp_scenario_37           NA
gp_scenario_38           NA
gp_scenario_39           NA
gp_scenario_40      -0.2400
gp_scenario_41       0.0500
gp_scenario_42       0.2100
gp_scenario_43       0.0120
gp_scenario_44           NA
gp_scenario_45      -0.1300
gp_scenario_46      -0.0620
gp_scenario_47           NA
gp_scenario_48           NA
gp_scenario_49       0.0670
gp_scenario_50           NA
gp_scenario_51       0.1700
gp_scenario_52      -0.0017
gp_scenario_53           NA
gp_scenario_54           NA
gp_scenario_55      -0.1200
gp_scenario_56           NA
gp_scenario_57       0.2700
gp_scenario_58           NA
gp_scenario_59       0.1400
gp_scenario_60           NA
gp_scenario_61      -0.4100
gp_scenario_62       0.0540
gp_scenario_63       0.0490
gp_scenario_64           NA
gp_scenario_65      -0.1400
gp_scenario_66       0.1000
gp_scenario_67           NA
gp_scenario_68           NA
gp_scenario_69       0.0260
gp_scenario_70       0.0910
gp_scenario_71           NA
gp_scenario_72       0.0510
gp_scenario_73           NA
gp_scenario_74       0.0800
gp_scenario_75           NA
gp_scenario_76           NA
gp_scenario_77      -0.0450
gp_scenario_78           NA
gp_scenario_79           NA
gp_scenario_80       0.0240
gp_scenario_81      -0.0480
gp_scenario_82           NA
gp_scenario_83      -0.0360
gp_scenario_84      -0.0970
gp_scenario_85           NA
gp_scenario_86      -0.1000
gp_scenario_87           NA
gp_scenario_88           NA
gp_scenario_89       0.1500
gp_scenario_90           NA
gp_scenario_91           NA
gp_scenario_92           NA
gp_scenario_93       0.1500
gp_scenario_94           NA
gp_scenario_95      -0.0420
gp_scenario_96           NA
gp_scenario_97      -0.0800
gp_scenario_98           NA
gp_scenario_99      -0.0340
gp_scenario_100      0.0360
pa_median            0.0350
pa_iqr               0.1600
                GBLUP_wiser GBLUP_ls_means GBLUP_blups
gp_scenario_1          0.95        0.00130     0.00190
gp_scenario_2          0.94        0.00740     0.36000
gp_scenario_3          0.97        0.07800     0.00180
gp_scenario_4          0.92        0.00059     0.00067
gp_scenario_5          0.94        0.41000     0.00630
gp_scenario_6          0.91        0.00260     0.01700
gp_scenario_7          0.97        0.40000     0.53000
gp_scenario_8          0.95        0.00048     0.00061
gp_scenario_9          0.95        0.00120     0.00084
gp_scenario_10         0.95        0.17000     0.00600
gp_scenario_11         0.89        0.26000     0.00078
gp_scenario_12         0.96        0.00170     0.00130
gp_scenario_13         0.92        0.00180     0.00130
gp_scenario_14         0.97        0.00026     0.07100
gp_scenario_15         0.95        0.38000     0.12000
gp_scenario_16         0.93        0.06700     0.00360
gp_scenario_17         0.94        0.00300     0.00530
gp_scenario_18         0.94        0.00037     0.00030
gp_scenario_19         0.97        0.01100     0.12000
gp_scenario_20         0.96        0.39000     0.41000
gp_scenario_21         0.96        0.00230     0.00240
gp_scenario_22         0.95        0.00089     0.00056
gp_scenario_23         0.95        0.00100     0.00300
gp_scenario_24         0.95        0.21000     0.00590
gp_scenario_25         0.94        0.29000     0.09600
gp_scenario_26         0.96        0.00046     0.00076
gp_scenario_27         0.94        0.44000     0.37000
gp_scenario_28         0.93        0.00230     0.00200
gp_scenario_29         0.94        0.00110     0.00069
gp_scenario_30         0.96        0.04900     0.15000
gp_scenario_31         0.90        0.00280     0.00110
gp_scenario_32         0.97        0.00290     0.00410
gp_scenario_33         0.96        0.00068     0.00210
gp_scenario_34         0.94        0.00065     0.00092
gp_scenario_35         0.91        0.39000     0.16000
gp_scenario_36         0.96        0.00063     0.00160
gp_scenario_37         0.93        0.01200     0.00800
gp_scenario_38         0.94        0.32000     0.04000
gp_scenario_39         0.94        0.00200     0.00130
gp_scenario_40         0.96        0.00770     0.24000
gp_scenario_41         0.95        0.00270     0.00780
gp_scenario_42         0.92        0.01100     0.00100
gp_scenario_43         0.95        0.36000     0.26000
gp_scenario_44         0.93        0.00170     0.00350
gp_scenario_45         0.95        0.00190     0.01300
gp_scenario_46         0.96        0.36000     0.08500
gp_scenario_47         0.94        0.01700     0.00390
gp_scenario_48         0.92        0.00330     0.00700
gp_scenario_49         0.94        0.00160     0.00150
gp_scenario_50         0.95        0.00100     0.00480
gp_scenario_51         0.96        0.00130     0.00059
gp_scenario_52         0.89        0.00140     0.00180
gp_scenario_53         0.96        0.00840     0.26000
gp_scenario_54         0.95        0.32000     0.00670
gp_scenario_55         0.97        0.31000     0.37000
gp_scenario_56         0.95        0.51000     0.44000
gp_scenario_57         0.95        0.00710     0.00110
gp_scenario_58         0.96        0.10000     0.20000
gp_scenario_59         0.95        0.00040     0.00053
gp_scenario_60         0.93        0.00050     0.00077
gp_scenario_61         0.96        0.50000     0.54000
gp_scenario_62         0.97        0.00120     0.00067
gp_scenario_63         0.92        0.00320     0.00079
gp_scenario_64         0.97        0.00280     0.00094
gp_scenario_65         0.92        0.01100     0.37000
gp_scenario_66         0.92        0.00120     0.00300
gp_scenario_67         0.94        0.34000     0.33000
gp_scenario_68         0.97        0.00140     0.00130
gp_scenario_69         0.93        0.00049     0.00052
gp_scenario_70         0.95        0.16000     0.01200
gp_scenario_71         0.97        0.00099     0.02300
gp_scenario_72         0.95        0.00180     0.00340
gp_scenario_73         0.93        0.00370     0.00093
gp_scenario_74         0.95        0.02000     0.00630
gp_scenario_75         0.90        0.05300     0.01500
gp_scenario_76         0.96        0.00750     0.00660
gp_scenario_77         0.91        0.00860     0.00150
gp_scenario_78         0.94        0.00330     0.00450
gp_scenario_79         0.96        0.04700     0.00700
gp_scenario_80         0.93        0.24000     0.01100
gp_scenario_81         0.93        0.29000     0.00430
gp_scenario_82         0.95        0.00130     0.00097
gp_scenario_83         0.97        0.18000     0.24000
gp_scenario_84         0.95        0.12000     0.16000
gp_scenario_85         0.91        0.00088     0.00140
gp_scenario_86         0.94        0.29000     0.37000
gp_scenario_87         0.96        0.23000     0.00230
gp_scenario_88         0.97        0.30000     0.00150
gp_scenario_89         0.95        0.00033     0.00067
gp_scenario_90         0.92        0.00091     0.04200
gp_scenario_91         0.96        0.00880     0.00160
gp_scenario_92         0.94        0.25000     0.00530
gp_scenario_93         0.96        0.00330     0.13000
gp_scenario_94         0.91        0.00210     0.01500
gp_scenario_95         0.95        0.00420     0.00098
gp_scenario_96         0.92        0.12000     0.22000
gp_scenario_97         0.98        0.00130     0.00078
gp_scenario_98         0.96        0.00200     0.00092
gp_scenario_99         0.90        0.37000     0.28000
gp_scenario_100        0.95        0.00082     0.00280
h2_median              0.95        0.00350     0.00420
h2_iqr                 0.03        0.17000     0.07300
