[1] "using pine_env"
Le chargement a nécessité le package : Matrix

Attachement du package : ‘tidyr’

Les objets suivants sont masqués depuis ‘package:Matrix’:

    expand, pack, unpack

Le chargement a nécessité le package : foreach
Le chargement a nécessité le package : iterators
Le chargement a nécessité le package : parallel
Le chargement a nécessité le package : rngtools
This build of rgl does not include OpenGL functions.  Use
 rglwidget() to display results, e.g. via options(rgl.printRglwidget = TRUE).
Le chargement a nécessité le package : Rcpp
Le chargement a nécessité le package : zigg
Le chargement a nécessité le package : RcppParallel

Attachement du package : ‘RcppParallel’

L'objet suivant est masqué depuis ‘package:Rcpp’:

    LdFlags


Rfast: 2.1.5.1
 ___ __ __ __ __    __ __ __ __ __ _             _               __ __ __ __ __     __ __ __ __ __ __   
|  __ __ __ __  |  |  __ __ __ __ _/            / \             |  __ __ __ __ /   /__ __ _   _ __ __\  
| |           | |  | |                         / _ \            | |                        / /          
| |           | |  | |                        / / \ \           | |                       / /          
| |           | |  | |                       / /   \ \          | |                      / /          
| |__ __ __ __| |  | |__ __ __ __           / /     \ \         | |__ __ __ __ _        / /__/\          
|    __ __ __ __|  |  __ __ __ __|         / /__ _ __\ \        |_ __ __ __ _   |      / ___  /           
|   \              | |                    / _ _ _ _ _ _ \                     | |      \/  / /       
| |\ \             | |                   / /           \ \                    | |         / /          
| | \ \            | |                  / /             \ \                   | |        / /          
| |  \ \           | |                 / /               \ \                  | |       / /          
| |   \ \__ __ _   | |                / /                 \ \     _ __ __ __ _| |      / /          
|_|    \__ __ __\  |_|               /_/                   \_\   /_ __ __ __ ___|      \/             team

Attachement du package : ‘Rfast’

Les objets suivants sont masqués depuis ‘package:robustbase’:

    colMedians, rowMedians

L'objet suivant est masqué depuis ‘package:data.table’:

    transpose

Le chargement a nécessité le package : lattice

Attachement du package : ‘plotly’

L'objet suivant est masqué depuis ‘package:ggplot2’:

    last_plot

L'objet suivant est masqué depuis ‘package:MASS’:

    select

L'objet suivant est masqué depuis ‘package:stats’:

    filter

L'objet suivant est masqué depuis ‘package:graphics’:

    layout


Attachement du package : ‘dplyr’

L'objet suivant est masqué depuis ‘package:Rfast’:

    nth

Les objets suivants sont masqués depuis ‘package:data.table’:

    between, first, last

L'objet suivant est masqué depuis ‘package:MASS’:

    select

Les objets suivants sont masqués depuis ‘package:stats’:

    filter, lag

Les objets suivants sont masqués depuis ‘package:base’:

    intersect, setdiff, setequal, union


Attachement du package : ‘kernlab’

L'objet suivant est masqué depuis ‘package:ggplot2’:

    alpha

Le chargement a nécessité le package : corpcor

Attachement du package : ‘corpcor’

L'objet suivant est masqué depuis ‘package:matrixcalc’:

    is.positive.definite

Loaded glmnet 4.1-8

Loaded mixOmics 6.31.5
Thank you for using mixOmics!
Tutorials: http://mixomics.org
Bookdown vignette: https://mixomicsteam.github.io/Bookdown
Questions, issues: Follow the prompts at http://mixomics.org/contact-us
Cite us:  citation('mixOmics')

[1] "kernel: linear"
[1] "trait: T5"
                RF_wiser SVR_wiser GBLUP_wiser RKHS_wiser LASSO_wiser
gp_scenario_1    0.08900    0.1200      0.0940     0.0840       0.170
gp_scenario_2    0.49000    0.5100      0.5200     0.5000       0.530
gp_scenario_3    0.33000    0.3200      0.2400     0.2800       0.310
gp_scenario_4    0.10000    0.0260      0.0450     0.0680       0.420
gp_scenario_5    0.24000    0.2700      0.2400     0.3000       0.310
gp_scenario_6    0.33000    0.1500      0.2100     0.2900       0.560
gp_scenario_7    0.38000    0.4500      0.4000     0.4600       0.430
gp_scenario_8    0.24000    0.2600      0.2600     0.2400       0.240
gp_scenario_9    0.27000    0.4700      0.5000     0.4600       0.380
gp_scenario_10  -0.01800   -0.0061      0.0093    -0.0033       0.270
gp_scenario_11   0.17000    0.1500      0.0920     0.1300       0.300
gp_scenario_12   0.52000    0.5200      0.4600     0.5100       0.450
gp_scenario_13  -0.04300   -0.0200     -0.0270     0.0350       0.290
gp_scenario_14   0.01500    0.2000      0.2400     0.1700       0.330
gp_scenario_15   0.09000    0.2100      0.1600     0.1700       0.250
gp_scenario_16   0.31000    0.4600      0.4300     0.5100       0.340
gp_scenario_17   0.23000    0.1800      0.1700     0.1900       0.350
gp_scenario_18   0.50000    0.5100      0.4100     0.4900       0.620
gp_scenario_19   0.02900    0.0760      0.0880     0.0830       0.160
gp_scenario_20   0.29000    0.2200      0.2500     0.3400       0.470
gp_scenario_21   0.38000    0.4200      0.3500     0.3900       0.410
gp_scenario_22   0.30000    0.3400      0.2400     0.3100       0.510
gp_scenario_23   0.35000    0.3700      0.3900     0.3800       0.490
gp_scenario_24   0.28000    0.2400      0.2500     0.2500       0.240
gp_scenario_25   0.09900    0.2000      0.1500     0.1800       0.200
gp_scenario_26   0.45000    0.3700      0.4000     0.4800       0.410
gp_scenario_27   0.41000    0.3300      0.3000     0.3400       0.490
gp_scenario_28   0.10000    0.2800      0.2700     0.2500       0.120
gp_scenario_29   0.37000    0.3900      0.4100     0.4000       0.420
gp_scenario_30   0.00180    0.0750      0.0690     0.0690       0.280
gp_scenario_31   0.47000    0.4700      0.5000     0.4300       0.490
gp_scenario_32   0.11000    0.1900      0.2000     0.1900       0.160
gp_scenario_33   0.24000    0.4000      0.3500     0.3600       0.350
gp_scenario_34  -0.05100    0.0340      0.1200     0.1500       0.350
gp_scenario_35   0.42000    0.4200      0.3800     0.4100       0.410
gp_scenario_36   0.25000    0.2200      0.2400     0.3200       0.240
gp_scenario_37   0.31000    0.4100      0.3500     0.4200       0.490
gp_scenario_38   0.30000    0.3800      0.3800     0.3500       0.300
gp_scenario_39   0.07600    0.1100      0.1400     0.0980       0.140
gp_scenario_40  -0.00250    0.2000      0.2000     0.1900       0.250
gp_scenario_41   0.01700    0.0510      0.0420     0.0720       0.270
gp_scenario_42   0.11000    0.2600      0.2300     0.2400       0.410
gp_scenario_43  -0.03100   -0.0320     -0.0088    -0.0220       0.075
gp_scenario_44   0.53000    0.4900      0.5000     0.5100       0.510
gp_scenario_45   0.24000    0.4000      0.4200     0.3900       0.400
gp_scenario_46   0.26000    0.1900      0.2000     0.2800       0.390
gp_scenario_47   0.48000    0.6400      0.6300     0.5900       0.430
gp_scenario_48   0.35000    0.3500      0.2900     0.3400       0.350
gp_scenario_49  -0.03100    0.0600      0.0630     0.0390       0.180
gp_scenario_50   0.16000    0.1700      0.1400     0.1600       0.240
gp_scenario_51   0.11000    0.3400      0.3500     0.3900       0.450
gp_scenario_52   0.35000    0.4100      0.4000     0.4000       0.240
gp_scenario_53   0.09900    0.2000      0.1300     0.1400       0.130
gp_scenario_54   0.36000    0.5000      0.5000     0.5000       0.370
gp_scenario_55   0.44000    0.5800      0.5800     0.6100       0.460
gp_scenario_56   0.37000    0.3700      0.2900     0.3700       0.400
gp_scenario_57   0.22000    0.3500      0.3700     0.3600       0.250
gp_scenario_58   0.54000    0.5900      0.6000     0.5700       0.560
gp_scenario_59   0.33000    0.2700      0.2300     0.3300       0.440
gp_scenario_60  -0.18000   -0.1700     -0.1500    -0.1500      -0.033
gp_scenario_61   0.21000    0.3000      0.3300     0.3800       0.510
gp_scenario_62   0.54000    0.4700      0.5900     0.6700       0.470
gp_scenario_63   0.01000    0.0920      0.1100     0.0710       0.290
gp_scenario_64  -0.00320    0.1000      0.1000     0.0850       0.083
gp_scenario_65   0.17000    0.2100      0.2000     0.2000       0.490
gp_scenario_66   0.47000    0.4400      0.4100     0.4900       0.540
gp_scenario_67  -0.00031    0.0960      0.1200     0.0900       0.280
gp_scenario_68   0.22000    0.2000      0.2400     0.2800       0.220
gp_scenario_69   0.33000    0.4100      0.4100     0.4000       0.410
gp_scenario_70   0.35000    0.3800      0.4000     0.4000       0.370
gp_scenario_71   0.10000    0.1700      0.2100     0.1600       0.100
gp_scenario_72   0.16000    0.2100      0.1900     0.1900       0.320
gp_scenario_73   0.40000    0.5500      0.5100     0.5900       0.450
gp_scenario_74   0.41000    0.2800      0.3000     0.3900       0.460
gp_scenario_75  -0.11000    0.1300      0.0680     0.1100       0.077
gp_scenario_76   0.45000    0.4800      0.4000     0.6000       0.450
gp_scenario_77   0.34000    0.4400      0.5100     0.3800       0.240
gp_scenario_78   0.53000    0.5800      0.5400     0.5500       0.500
gp_scenario_79   0.03900    0.0120      0.0190     0.0180       0.240
gp_scenario_80   0.13000    0.1100      0.1100     0.1700       0.480
gp_scenario_81   0.37000    0.3300      0.4000     0.5100       0.430
gp_scenario_82   0.42000    0.2900      0.2900     0.2900       0.310
gp_scenario_83   0.05600    0.2000      0.1900     0.1900       0.290
gp_scenario_84   0.19000    0.2400      0.2300     0.2200       0.130
gp_scenario_85   0.15000    0.1600      0.1700     0.1600       0.240
gp_scenario_86   0.37000    0.4200      0.4300     0.4200       0.140
gp_scenario_87   0.23000    0.3300      0.3300     0.3000       0.350
gp_scenario_88   0.49000    0.5000      0.4400     0.5100       0.420
gp_scenario_89  -0.03500    0.1200      0.2000     0.1300       0.310
gp_scenario_90   0.30000    0.2400      0.2100     0.2200       0.400
gp_scenario_91  -0.02800   -0.0160      0.0190     0.0080       0.190
gp_scenario_92   0.51000    0.5200      0.4800     0.4900       0.470
gp_scenario_93   0.42000    0.4100      0.3700     0.4000       0.530
gp_scenario_94   0.34000    0.5300      0.5300     0.5400       0.270
gp_scenario_95   0.50000    0.5400      0.4800     0.6000       0.540
gp_scenario_96  -0.04100    0.0570      0.1100     0.0910       0.120
gp_scenario_97   0.26000    0.4100      0.4100     0.3800       0.270
gp_scenario_98   0.14000    0.2200      0.3900     0.4400       0.120
gp_scenario_99   0.25000    0.1500      0.1400     0.2200       0.520
gp_scenario_100  0.42000    0.5500      0.5200     0.5400       0.440
pa_median        0.26000    0.2800      0.2600     0.3200       0.350
pa_iqr           0.27000    0.2500      0.2500     0.2600       0.210
                RF_ls_means SVR_ls_means GBLUP_ls_means RKHS_ls_means
gp_scenario_1       0.04200       0.0730          0.060        0.0470
gp_scenario_2       0.41000       0.4800          0.460        0.4000
gp_scenario_3       0.10000       0.1600          0.054        0.1300
gp_scenario_4      -0.11000      -0.0270         -0.078       -0.0450
gp_scenario_5       0.01800       0.0350          0.028        0.0590
gp_scenario_6       0.07200       0.0470          0.089        0.0870
gp_scenario_7       0.31000       0.3000          0.170        0.2500
gp_scenario_8       0.16000       0.2100          0.160        0.1500
gp_scenario_9       0.36000       0.4700          0.460        0.4100
gp_scenario_10     -0.07800      -0.0360         -0.061       -0.0660
gp_scenario_11     -0.13000      -0.1600         -0.170       -0.1500
gp_scenario_12      0.26000       0.3300          0.300        0.3000
gp_scenario_13      0.27000       0.2300          0.160        0.3100
gp_scenario_14      0.02300       0.1500          0.140        0.0440
gp_scenario_15      0.13000       0.1100          0.070        0.0880
gp_scenario_16      0.38000       0.4700          0.360        0.4600
gp_scenario_17      0.16000       0.1700          0.160        0.1300
gp_scenario_18      0.39000       0.3700          0.270        0.3600
gp_scenario_19     -0.01900       0.0002         -0.012       -0.0150
gp_scenario_20      0.10000       0.0410         -0.023        0.0840
gp_scenario_21      0.42000       0.5000          0.380        0.4800
gp_scenario_22      0.26000       0.0790          0.007        0.0950
gp_scenario_23      0.20000       0.2000          0.200        0.1700
gp_scenario_24      0.23000       0.2000          0.190        0.1600
gp_scenario_25      0.06300       0.1200          0.083        0.0850
gp_scenario_26      0.27000       0.3000          0.310        0.3700
gp_scenario_27      0.15000       0.0900          0.060        0.0890
gp_scenario_28      0.01400       0.1300          0.110        0.0470
gp_scenario_29      0.34000       0.3900          0.340        0.3200
gp_scenario_30      0.08100       0.0820          0.070        0.0790
gp_scenario_31      0.31000       0.3600          0.310        0.3100
gp_scenario_32      0.11000       0.1800          0.200        0.1700
gp_scenario_33      0.16000       0.1400          0.130        0.1300
gp_scenario_34      0.01400      -0.0092         -0.018       -0.0280
gp_scenario_35      0.26000       0.1200          0.069        0.0680
gp_scenario_36      0.11000       0.1600          0.190        0.1200
gp_scenario_37      0.17000       0.4600          0.380        0.4300
gp_scenario_38      0.11000       0.1100          0.120        0.0670
gp_scenario_39     -0.03200      -0.0860         -0.100       -0.1400
gp_scenario_40     -0.09300      -0.0150          0.012        0.0043
gp_scenario_41     -0.14000      -0.2000         -0.190       -0.1800
gp_scenario_42     -0.00670      -0.0530         -0.090       -0.0680
gp_scenario_43     -0.02900      -0.0430         -0.024       -0.0570
gp_scenario_44      0.35000       0.4000          0.410        0.4000
gp_scenario_45      0.17000       0.3400          0.330        0.3100
gp_scenario_46      0.25000       0.1700          0.110        0.2600
gp_scenario_47      0.18000       0.3900          0.330        0.2900
gp_scenario_48      0.29000       0.2300          0.110        0.2000
gp_scenario_49      0.05600       0.1100          0.140        0.0830
gp_scenario_50      0.18000       0.1200          0.055        0.0600
gp_scenario_51      0.28000       0.2900          0.210        0.2700
gp_scenario_52      0.29000       0.3000          0.260        0.2600
gp_scenario_53     -0.06800       0.0250         -0.024       -0.0780
gp_scenario_54      0.27000       0.3600          0.360        0.3200
gp_scenario_55      0.19000       0.4900          0.480        0.5200
gp_scenario_56      0.04000       0.2000          0.085        0.2200
gp_scenario_57      0.40000       0.4600          0.380        0.3400
gp_scenario_58      0.26000       0.2400          0.190        0.2400
gp_scenario_59      0.12000      -0.0480         -0.091       -0.0300
gp_scenario_60     -0.24000      -0.1200         -0.110       -0.1400
gp_scenario_61      0.05000       0.0610          0.072        0.0920
gp_scenario_62      0.46000       0.4900          0.460        0.5000
gp_scenario_63      0.00077      -0.0035         -0.009       -0.0400
gp_scenario_64      0.00330       0.0910          0.110        0.0680
gp_scenario_65      0.14000       0.1700          0.160        0.1600
gp_scenario_66      0.17000       0.3500          0.240        0.3300
gp_scenario_67      0.05900       0.0280          0.031        0.0058
gp_scenario_68      0.27000       0.3700          0.380        0.4100
gp_scenario_69     -0.00230       0.0660          0.040        0.0260
gp_scenario_70      0.41000       0.4600          0.430        0.3800
gp_scenario_71      0.00780       0.0620          0.066       -0.0056
gp_scenario_72      0.18000       0.1400          0.100        0.1400
gp_scenario_73      0.47000       0.5400          0.460        0.4600
gp_scenario_74      0.26000       0.2500          0.250        0.4000
gp_scenario_75      0.00360      -0.1500         -0.200       -0.1700
gp_scenario_76      0.42000       0.3200          0.380        0.4600
gp_scenario_77      0.24000       0.3500          0.430        0.2300
gp_scenario_78      0.26000       0.2900          0.260        0.2200
gp_scenario_79     -0.09500      -0.1100         -0.120       -0.1200
gp_scenario_80      0.23000       0.0920          0.047        0.1000
gp_scenario_81      0.34000       0.3900          0.430        0.5000
gp_scenario_82      0.26000       0.2400          0.170        0.2700
gp_scenario_83     -0.02300      -0.0850         -0.055       -0.0530
gp_scenario_84      0.07300       0.1500          0.130        0.1200
gp_scenario_85     -0.14000      -0.0300         -0.022       -0.0480
gp_scenario_86      0.33000       0.2300          0.250        0.1900
gp_scenario_87      0.15000       0.1200          0.120        0.1000
gp_scenario_88      0.11000       0.1500          0.087        0.1400
gp_scenario_89     -0.11000       0.0092          0.060       -0.0630
gp_scenario_90      0.26000       0.1700          0.140        0.2100
gp_scenario_91     -0.02800       0.0410          0.062        0.0330
gp_scenario_92      0.22000       0.2300          0.200        0.2000
gp_scenario_93      0.24000       0.2700          0.220        0.2500
gp_scenario_94      0.35000       0.4200          0.400        0.3500
gp_scenario_95      0.38000       0.3000          0.240        0.3600
gp_scenario_96     -0.03400       0.0290          0.051        0.0190
gp_scenario_97      0.25000       0.2000          0.220        0.2000
gp_scenario_98      0.23000       0.2700          0.270        0.3200
gp_scenario_99      0.21000       0.0920          0.071        0.1900
gp_scenario_100     0.33000       0.3900          0.320        0.3000
pa_median           0.17000       0.1600          0.140        0.1500
pa_iqr              0.25000       0.2500          0.220        0.2600
                LASSO_ls_means RF_blups SVR_blups GBLUP_blups RKHS_blups
gp_scenario_1               NA  -0.0029    0.0210      0.0180     0.0110
gp_scenario_2               NA   0.4500    0.5500      0.5600     0.5300
gp_scenario_3           -0.076   0.3600    0.3400      0.2400     0.2900
gp_scenario_4            0.180   0.0900    0.0250      0.0310     0.0310
gp_scenario_5               NA   0.1400    0.1800      0.1400     0.1700
gp_scenario_6            0.170   0.2100    0.1100      0.1600     0.1800
gp_scenario_7               NA   0.1900    0.3300      0.2800     0.3100
gp_scenario_8            0.058   0.3400    0.3000      0.3000     0.2800
gp_scenario_9            0.250   0.2600    0.4600      0.4800     0.4500
gp_scenario_10              NA  -0.0250   -0.0200     -0.0090    -0.0240
gp_scenario_11           0.021   0.0890    0.1000      0.0340     0.0480
gp_scenario_12              NA   0.4000    0.4000      0.3800     0.4100
gp_scenario_13              NA   0.0800    0.0480      0.0530     0.1400
gp_scenario_14           0.230   0.2100    0.3100      0.3300     0.2500
gp_scenario_15           0.270   0.1400    0.1600      0.1200     0.1300
gp_scenario_16           0.200   0.2700    0.5300      0.4700     0.5400
gp_scenario_17              NA   0.3800    0.2100      0.2300     0.2100
gp_scenario_18              NA   0.5200    0.4800      0.4200     0.4700
gp_scenario_19           0.160   0.0440    0.0930      0.0950     0.0860
gp_scenario_20              NA   0.0880    0.0940      0.1400     0.1800
gp_scenario_21              NA   0.3800    0.4200      0.3200     0.3800
gp_scenario_22           0.064   0.3200    0.2900      0.1900     0.2400
gp_scenario_23           0.230   0.3700    0.3200      0.3500     0.3300
gp_scenario_24           0.270   0.3200    0.3300      0.3800     0.3200
gp_scenario_25              NA   0.0980    0.2200      0.1800     0.1700
gp_scenario_26              NA   0.3500    0.3400      0.3600     0.4300
gp_scenario_27              NA   0.3400    0.3500      0.3000     0.3400
gp_scenario_28          -0.012   0.0580    0.2400      0.2600     0.2000
gp_scenario_29          -0.011   0.1900    0.3900      0.4100     0.3700
gp_scenario_30           0.250   0.0740    0.0690      0.0500     0.0560
gp_scenario_31              NA   0.4300    0.4300      0.4400     0.3900
gp_scenario_32              NA   0.0620    0.1800      0.1900     0.1700
gp_scenario_33           0.053   0.2700    0.3900      0.3400     0.3200
gp_scenario_34           0.110   0.0310    0.0290      0.0700     0.0810
gp_scenario_35              NA   0.4100    0.3300      0.2800     0.3000
gp_scenario_36           0.400   0.0830    0.1400      0.2300     0.2000
gp_scenario_37          -0.053   0.3700    0.5200      0.4900     0.5200
gp_scenario_38          -0.008   0.2500    0.2700      0.3000     0.2500
gp_scenario_39           0.090   0.0440   -0.0190     -0.0072    -0.0480
gp_scenario_40              NA  -0.0230    0.1800      0.1800     0.1700
gp_scenario_41          -0.200   0.0260   -0.0750     -0.0420    -0.0290
gp_scenario_42              NA   0.0230    0.1400      0.0730     0.0900
gp_scenario_43           0.071  -0.0320   -0.0420      0.0110    -0.0280
gp_scenario_44              NA   0.5300    0.5700      0.6300     0.5500
gp_scenario_45           0.160   0.3100    0.3900      0.4400     0.4000
gp_scenario_46              NA   0.2200    0.2200      0.2100     0.3100
gp_scenario_47              NA   0.3200    0.5100      0.4800     0.4600
gp_scenario_48           0.043   0.2700    0.3500      0.2800     0.3300
gp_scenario_49           0.180   0.0380    0.0710      0.1100     0.0640
gp_scenario_50           0.220   0.2500    0.2000      0.2100     0.2000
gp_scenario_51              NA   0.2300    0.3700      0.3800     0.3900
gp_scenario_52           0.022   0.2400    0.3400      0.3100     0.3200
gp_scenario_53           0.042   0.0400    0.1600      0.1200     0.0870
gp_scenario_54           0.240   0.3200    0.4200      0.4700     0.4300
gp_scenario_55              NA   0.3900    0.4500      0.4900     0.5100
gp_scenario_56              NA   0.2300    0.2900      0.2500     0.3300
gp_scenario_57           0.150   0.2900    0.4100      0.3800     0.3600
gp_scenario_58          -0.021   0.3700    0.4800      0.4600     0.4500
gp_scenario_59          -0.058   0.1000    0.1200      0.1000     0.1500
gp_scenario_60          -0.028  -0.1400   -0.0580     -0.0390    -0.0540
gp_scenario_61           0.220   0.2200    0.1800      0.2300     0.2500
gp_scenario_62              NA   0.4200    0.4700      0.5500     0.5900
gp_scenario_63          -0.180   0.1200    0.1900      0.1500     0.1200
gp_scenario_64          -0.290  -0.0095    0.1300      0.1400     0.1100
gp_scenario_65              NA   0.2400    0.2600      0.3000     0.2600
gp_scenario_66           0.051   0.3900    0.4500      0.4500     0.4800
gp_scenario_67              NA   0.0390    0.0870      0.1000     0.0700
gp_scenario_68           0.270   0.1800    0.2200      0.2700     0.3100
gp_scenario_69           0.099   0.2000    0.2300      0.2200     0.2100
gp_scenario_70              NA   0.3500    0.4700      0.4700     0.4300
gp_scenario_71          -0.062   0.1700    0.1600      0.1900     0.1300
gp_scenario_72           0.150   0.0960    0.1300      0.1200     0.1300
gp_scenario_73              NA   0.5700    0.6200      0.5800     0.6200
gp_scenario_74              NA   0.2800    0.2200      0.2500     0.3600
gp_scenario_75              NA   0.0760    0.1200      0.0440     0.0660
gp_scenario_76              NA   0.3500    0.3400      0.3500     0.4600
gp_scenario_77           0.200   0.2300    0.4100      0.4800     0.3500
gp_scenario_78              NA   0.2900    0.4400      0.4400     0.3900
gp_scenario_79          -0.077  -0.0690   -0.0190     -0.0048    -0.0092
gp_scenario_80          -0.024   0.1400    0.0280      0.0160     0.0460
gp_scenario_81              NA   0.3100    0.3100      0.3800     0.4400
gp_scenario_82              NA   0.3600    0.3300      0.3100     0.3300
gp_scenario_83           0.160   0.0400    0.1100      0.0990     0.0740
gp_scenario_84          -0.120   0.0790    0.2000      0.1800     0.1700
gp_scenario_85          -0.031   0.0430    0.1000      0.1200     0.1100
gp_scenario_86           0.053   0.3400    0.3700      0.3800     0.3500
gp_scenario_87           0.330   0.1600    0.2600      0.2400     0.2200
gp_scenario_88              NA   0.4100    0.3900      0.3400     0.4100
gp_scenario_89           0.160   0.0690    0.1200      0.2100     0.1100
gp_scenario_90              NA   0.2900    0.2900      0.2600     0.2700
gp_scenario_91           0.070  -0.0430   -0.0068      0.0310     0.0160
gp_scenario_92              NA   0.3600    0.3800      0.3800     0.3700
gp_scenario_93              NA   0.2600    0.3200      0.2900     0.3100
gp_scenario_94              NA   0.4500    0.5300      0.5600     0.5000
gp_scenario_95           0.220   0.3800    0.4000      0.3500     0.4700
gp_scenario_96           0.017   0.0210    0.1200      0.1500     0.1300
gp_scenario_97          -0.055   0.1800    0.3300      0.3300     0.3100
gp_scenario_98           0.180   0.3000    0.1900      0.3500     0.4000
gp_scenario_99           0.280   0.2400    0.1300      0.1500     0.2100
gp_scenario_100             NA   0.4900    0.5300      0.4600     0.4900
pa_median                0.080   0.2300    0.2600      0.2600     0.2800
pa_iqr                   0.210   0.2600    0.2600      0.2400     0.2600
                LASSO_blups RF_blups_pca SVR_blups_pca GBLUP_blups_pca
gp_scenario_1        0.2900      -0.0940       -0.1800         -0.1800
gp_scenario_2        0.2800       0.3100        0.4400          0.4400
gp_scenario_3        0.2700       0.2500        0.2100          0.0910
gp_scenario_4        0.2300      -0.2200       -0.2000         -0.2300
gp_scenario_5        0.0084       0.0200        0.0820          0.0180
gp_scenario_6        0.3100      -0.0860       -0.1500         -0.1400
gp_scenario_7        0.2300       0.1400        0.2100          0.1600
gp_scenario_8        0.2700       0.1200        0.1600          0.1600
gp_scenario_9        0.3000       0.2200        0.3900          0.3700
gp_scenario_10           NA      -0.1100       -0.2000         -0.1400
gp_scenario_11       0.3100      -0.0690       -0.0640         -0.1300
gp_scenario_12       0.1100       0.2700        0.3000          0.2700
gp_scenario_13       0.2700      -0.0430       -0.0850         -0.1500
gp_scenario_14       0.2400       0.1100        0.1900          0.1400
gp_scenario_15       0.2400      -0.0750       -0.1100         -0.1300
gp_scenario_16       0.1500       0.3300        0.4400          0.4200
gp_scenario_17           NA       0.3700        0.2400          0.2400
gp_scenario_18           NA       0.3100        0.3400          0.2500
gp_scenario_19       0.0820      -0.2000       -0.1700         -0.1300
gp_scenario_20       0.3000      -0.1000       -0.0500         -0.1100
gp_scenario_21           NA       0.3000        0.3300          0.2600
gp_scenario_22       0.2100       0.1300        0.1700          0.0780
gp_scenario_23       0.2700       0.1100        0.1300          0.1600
gp_scenario_24       0.2900       0.1400        0.2200          0.2300
gp_scenario_25       0.0450      -0.0098        0.1100          0.0300
gp_scenario_26       0.3900       0.2100        0.2000          0.1500
gp_scenario_27       0.1600       0.2000        0.2100          0.1300
gp_scenario_28       0.0670       0.0120        0.1400          0.1700
gp_scenario_29       0.2200       0.0740        0.2600          0.2500
gp_scenario_30       0.2500      -0.2300       -0.2100         -0.2000
gp_scenario_31       0.4200       0.3800        0.3700          0.3400
gp_scenario_32      -0.1200      -0.1600       -0.0980         -0.0350
gp_scenario_33       0.1400       0.0320        0.2400          0.1900
gp_scenario_34       0.2300       0.0410        0.0440          0.0081
gp_scenario_35           NA       0.1800        0.1400          0.0540
gp_scenario_36       0.3000      -0.1700        0.0440         -0.0130
gp_scenario_37       0.2000       0.0820        0.2900          0.2800
gp_scenario_38       0.1000       0.0510        0.1800          0.2100
gp_scenario_39       0.1400      -0.0480       -0.1200         -0.1100
gp_scenario_40           NA      -0.1300       -0.0150          0.0170
gp_scenario_41       0.1300      -0.2500       -0.2300         -0.2600
gp_scenario_42       0.0900      -0.0180        0.0410         -0.0500
gp_scenario_43       0.0087      -0.1600       -0.1400         -0.0540
gp_scenario_44       0.2100       0.2500        0.3800          0.3800
gp_scenario_45           NA       0.1500        0.2700          0.2700
gp_scenario_46       0.3500       0.0700        0.1000          0.0170
gp_scenario_47       0.2000       0.3600        0.4500          0.4000
gp_scenario_48       0.3000       0.2300        0.2400          0.2100
gp_scenario_49       0.2000      -0.2400       -0.1500         -0.0500
gp_scenario_50       0.4100       0.1500        0.0410          0.0270
gp_scenario_51       0.3200       0.0250        0.1900          0.2000
gp_scenario_52       0.1200       0.1500        0.1700          0.1200
gp_scenario_53       0.0420       0.0350        0.1100          0.0360
gp_scenario_54       0.2800       0.1600        0.2600          0.2800
gp_scenario_55       0.1100       0.3300        0.3100          0.3200
gp_scenario_56       0.0450       0.1900        0.1500          0.0900
gp_scenario_57       0.3100       0.2000        0.3300          0.2400
gp_scenario_58       0.3900       0.3100        0.3500          0.3300
gp_scenario_59       0.1500      -0.1600       -0.0900         -0.1700
gp_scenario_60       0.0180      -0.3600       -0.2900         -0.2100
gp_scenario_61       0.3100      -0.0810        0.0230         -0.0024
gp_scenario_62       0.2700       0.4000        0.4400          0.4200
gp_scenario_63       0.3200       0.0076        0.1100          0.0620
gp_scenario_64       0.0190      -0.0370        0.0220          0.0730
gp_scenario_65       0.2500       0.1400        0.1600          0.1900
gp_scenario_66       0.1700       0.1900        0.2600          0.2300
gp_scenario_67       0.0910      -0.0100       -0.0300          0.0330
gp_scenario_68       0.2000      -0.0330        0.0650          0.0300
gp_scenario_69       0.2600       0.1400        0.1900          0.1800
gp_scenario_70           NA       0.1800        0.3400          0.3100
gp_scenario_71       0.2000       0.0850        0.1200          0.1500
gp_scenario_72       0.2000      -0.0630       -0.1100         -0.0860
gp_scenario_73       0.3000       0.5200        0.4900          0.3800
gp_scenario_74       0.1900      -0.1100       -0.0700         -0.0600
gp_scenario_75       0.2600       0.0290        0.0750         -0.0140
gp_scenario_76       0.3300       0.0520        0.1700          0.1200
gp_scenario_77       0.2700       0.1400        0.3700          0.3400
gp_scenario_78       0.0600       0.3000        0.2900          0.2600
gp_scenario_79       0.0110      -0.3000       -0.3200         -0.2700
gp_scenario_80       0.2400      -0.1300       -0.2100         -0.2700
gp_scenario_81       0.2900      -0.0140        0.1400          0.0910
gp_scenario_82       0.3400       0.2700        0.2100          0.1800
gp_scenario_83       0.1700      -0.1400        0.0450          0.0530
gp_scenario_84           NA      -0.0810        0.0130          0.0420
gp_scenario_85       0.1300      -0.0100        0.0067          0.0330
gp_scenario_86       0.1000       0.2300        0.2400          0.2000
gp_scenario_87       0.1000       0.0920        0.1900          0.1500
gp_scenario_88       0.2500       0.2700        0.1600          0.1400
gp_scenario_89       0.3800       0.0570        0.0340          0.1100
gp_scenario_90       0.4100       0.1700        0.1100          0.0560
gp_scenario_91       0.0170      -0.2400       -0.2400         -0.1600
gp_scenario_92       0.4000       0.2500        0.1900          0.1800
gp_scenario_93       0.3600       0.1400        0.1800          0.1500
gp_scenario_94       0.0750       0.3000        0.4700          0.4000
gp_scenario_95       0.2400       0.1100        0.3200          0.2200
gp_scenario_96       0.0540      -0.0760       -0.0057          0.0790
gp_scenario_97       0.2200       0.0430        0.2000          0.1900
gp_scenario_98       0.3100       0.2400        0.1000          0.1100
gp_scenario_99       0.3300      -0.1600       -0.0670         -0.1100
gp_scenario_100      0.4200       0.4100        0.4600          0.4000
pa_median            0.2300       0.0780        0.1500          0.1200
pa_iqr               0.1800       0.2700        0.2500          0.2400
                RKHS_blups_pca LASSO_blups_pca
gp_scenario_1          -0.2100         0.17000
gp_scenario_2           0.4000        -0.07800
gp_scenario_3           0.0690         0.28000
gp_scenario_4          -0.2700        -0.08100
gp_scenario_5           0.0410         0.12000
gp_scenario_6          -0.1900        -0.02100
gp_scenario_7           0.1300         0.04800
gp_scenario_8           0.0850         0.33000
gp_scenario_9           0.3300         0.17000
gp_scenario_10         -0.2200              NA
gp_scenario_11         -0.1400         0.05600
gp_scenario_12          0.2300         0.30000
gp_scenario_13         -0.1300         0.17000
gp_scenario_14          0.0310         0.30000
gp_scenario_15         -0.1400         0.18000
gp_scenario_16          0.4300        -0.05100
gp_scenario_17          0.2100              NA
gp_scenario_18          0.2100              NA
gp_scenario_19         -0.1700         0.01500
gp_scenario_20         -0.1300         0.20000
gp_scenario_21          0.2600         0.31000
gp_scenario_22          0.0920         0.18000
gp_scenario_23          0.1100         0.28000
gp_scenario_24          0.1100         0.22000
gp_scenario_25         -0.0290         0.14000
gp_scenario_26          0.1100         0.22000
gp_scenario_27          0.1500        -0.00940
gp_scenario_28          0.0300         0.01300
gp_scenario_29          0.1500         0.08100
gp_scenario_30         -0.2200              NA
gp_scenario_31          0.2800              NA
gp_scenario_32         -0.0970         0.01200
gp_scenario_33          0.1200         0.15000
gp_scenario_34         -0.0560         0.16000
gp_scenario_35          0.0013         0.24000
gp_scenario_36         -0.1500         0.03800
gp_scenario_37          0.2600              NA
gp_scenario_38          0.0960         0.13000
gp_scenario_39         -0.1700         0.00840
gp_scenario_40         -0.0270         0.00087
gp_scenario_41         -0.2800        -0.06700
gp_scenario_42         -0.0920              NA
gp_scenario_43         -0.1800         0.05100
gp_scenario_44          0.2700         0.24000
gp_scenario_45          0.1900         0.24000
gp_scenario_46          0.0210         0.23000
gp_scenario_47          0.3600              NA
gp_scenario_48          0.2300         0.20000
gp_scenario_49         -0.1900         0.08000
gp_scenario_50         -0.0210         0.15000
gp_scenario_51          0.1300         0.18000
gp_scenario_52          0.1300         0.06500
gp_scenario_53         -0.0190         0.18000
gp_scenario_54          0.1600         0.19000
gp_scenario_55          0.2800              NA
gp_scenario_56          0.1200              NA
gp_scenario_57          0.1800         0.28000
gp_scenario_58          0.2800              NA
gp_scenario_59         -0.1500              NA
gp_scenario_60         -0.2800        -0.00690
gp_scenario_61         -0.0290         0.34000
gp_scenario_62          0.3700         0.32000
gp_scenario_63          0.0053              NA
gp_scenario_64         -0.0190              NA
gp_scenario_65          0.0830         0.41000
gp_scenario_66          0.1800         0.07000
gp_scenario_67         -0.0730         0.26000
gp_scenario_68         -0.0430         0.06200
gp_scenario_69          0.1600         0.27000
gp_scenario_70          0.2500         0.04000
gp_scenario_71          0.0370         0.12000
gp_scenario_72         -0.1100         0.15000
gp_scenario_73          0.3500         0.06900
gp_scenario_74         -0.1200         0.17000
gp_scenario_75         -0.0140         0.15000
gp_scenario_76          0.0780         0.29000
gp_scenario_77          0.2500         0.26000
gp_scenario_78          0.1300              NA
gp_scenario_79         -0.3000        -0.15000
gp_scenario_80         -0.2900         0.30000
gp_scenario_81         -0.0150         0.26000
gp_scenario_82          0.1300         0.26000
gp_scenario_83         -0.0530         0.01900
gp_scenario_84         -0.0760        -0.11000
gp_scenario_85         -0.0072         0.15000
gp_scenario_86          0.1300         0.15000
gp_scenario_87          0.0990         0.12000
gp_scenario_88          0.1600              NA
gp_scenario_89         -0.0620         0.28000
gp_scenario_90          0.0150              NA
gp_scenario_91         -0.2500        -0.04000
gp_scenario_92          0.1200         0.32000
gp_scenario_93          0.1200         0.24000
gp_scenario_94          0.3000         0.27000
gp_scenario_95          0.2100         0.01600
gp_scenario_96         -0.0250         0.21000
gp_scenario_97          0.1100         0.12000
gp_scenario_98          0.0420         0.06400
gp_scenario_99         -0.1400         0.19000
gp_scenario_100         0.3800         0.30000
pa_median               0.0560         0.16000
pa_iqr                  0.2400         0.20000
                GBLUP_wiser GBLUP_ls_means GBLUP_blups GBLUP_blups_pca
gp_scenario_1         0.800        0.54000       0.800         0.55000
gp_scenario_2         0.320        0.00370       0.130         0.00024
gp_scenario_3         0.520        0.29000       0.420         0.00078
gp_scenario_4         0.750        0.43000       0.620         0.56000
gp_scenario_5         0.550        0.41000       0.590         0.00220
gp_scenario_6         0.490        0.32000       0.500         0.36000
gp_scenario_7         0.390        0.13000       0.400         0.00070
gp_scenario_8         0.650        0.42000       0.520         0.00320
gp_scenario_9         0.340        0.00200       0.220         0.00025
gp_scenario_10        0.810        0.57000       0.760         0.47000
gp_scenario_11        0.620        0.65000       0.630         0.25000
gp_scenario_12        0.340        0.01700       0.320         0.00041
gp_scenario_13        0.690        0.00700       0.540         0.19000
gp_scenario_14        0.510        0.25000       0.360         0.00054
gp_scenario_15        0.780        0.50000       0.720         0.36000
gp_scenario_16        0.380        0.00350       0.240         0.00028
gp_scenario_17        0.530        0.28000       0.480         0.00060
gp_scenario_18        0.420        0.08400       0.350         0.00067
gp_scenario_19        0.910        0.84000       0.840         0.65000
gp_scenario_20        0.390        0.21000       0.490         0.18000
gp_scenario_21        0.480        0.04000       0.420         0.00066
gp_scenario_22        0.520        0.37000       0.500         0.00120
gp_scenario_23        0.680        0.41000       0.610         0.08500
gp_scenario_24        0.500        0.32000       0.420         0.00110
gp_scenario_25        0.540        0.29000       0.460         0.00100
gp_scenario_26        0.310        0.00140       0.170         0.00056
gp_scenario_27        0.530        0.52000       0.450         0.00094
gp_scenario_28        0.550        0.43000       0.550         0.00680
gp_scenario_29        0.470        0.05500       0.400         0.00081
gp_scenario_30        0.800        0.45000       0.750         0.39000
gp_scenario_31        0.390        0.02600       0.340         0.00035
gp_scenario_32        0.800        0.36000       0.710         0.39000
gp_scenario_33        0.460        0.34000       0.380         0.00092
gp_scenario_34        0.640        0.45000       0.640         0.03400
gp_scenario_35        0.530        0.45000       0.530         0.01600
gp_scenario_36        0.310        0.00470       0.230         0.00075
gp_scenario_37        0.420        0.00440       0.220         0.00046
gp_scenario_38        0.480        0.35000       0.470         0.00100
gp_scenario_39        0.600        0.50000       0.640         0.28000
gp_scenario_40        0.850        0.68000       0.780         0.52000
gp_scenario_41        0.780        0.73000       0.790         0.68000
gp_scenario_42        0.490        0.50000       0.550         0.00610
gp_scenario_43        0.810        0.50000       0.720         0.29000
gp_scenario_44        0.370        0.00520       0.180         0.00056
gp_scenario_45        0.350        0.00079       0.170         0.00030
gp_scenario_46        0.530        0.03200       0.450         0.00220
gp_scenario_47        0.260        0.03500       0.220         0.00021
gp_scenario_48        0.460        0.21000       0.400         0.00055
gp_scenario_49        0.780        0.49000       0.710         0.38000
gp_scenario_50        0.730        0.50000       0.620         0.41000
gp_scenario_51        0.500        0.21000       0.390         0.00100
gp_scenario_52        0.830        0.56000       0.790         0.50000
gp_scenario_53        0.550        0.41000       0.530         0.00140
gp_scenario_54        0.390        0.02700       0.330         0.00059
gp_scenario_55        0.250        0.00160       0.270         0.00051
gp_scenario_56        0.490        0.22000       0.420         0.00086
gp_scenario_57        0.480        0.03300       0.400         0.00073
gp_scenario_58        0.200        0.00890       0.170         0.00024
gp_scenario_59        0.520        0.62000       0.660         0.48000
gp_scenario_60        0.930        0.75000       0.850         0.69000
gp_scenario_61        0.530        0.39000       0.580         0.23000
gp_scenario_62        0.200        0.00130       0.130         0.00041
gp_scenario_63        0.620        0.47000       0.530         0.00250
gp_scenario_64        0.780        0.48000       0.700         0.03000
gp_scenario_65        0.500        0.27000       0.440         0.00091
gp_scenario_66        0.430        0.12000       0.310         0.00078
gp_scenario_67        0.750        0.51000       0.700         0.23000
gp_scenario_68        0.510        0.00180       0.450         0.00600
gp_scenario_69        0.550        0.53000       0.620         0.00230
gp_scenario_70        0.410        0.00120       0.200         0.00037
gp_scenario_71        0.590        0.47000       0.600         0.06100
gp_scenario_72        0.770        0.48000       0.750         0.09800
gp_scenario_73        0.320        0.00280       0.040         0.00038
gp_scenario_74        0.460        0.00190       0.350         0.01700
gp_scenario_75        0.630        0.61000       0.610         0.00550
gp_scenario_76        0.084        0.00082       0.038         0.00051
gp_scenario_77        0.410        0.13000       0.310         0.00028
gp_scenario_78        0.370        0.25000       0.370         0.00110
gp_scenario_79        0.940        0.78000       0.880         0.70000
gp_scenario_80        0.670        0.43000       0.650         0.43000
gp_scenario_81        0.380        0.00120       0.290         0.00290
gp_scenario_82        0.450        0.00450       0.280         0.00050
gp_scenario_83        0.510        0.39000       0.480         0.00110
gp_scenario_84        0.730        0.36000       0.640         0.00240
gp_scenario_85        0.630        0.58000       0.700         0.27000
gp_scenario_86        0.540        0.27000       0.460         0.00160
gp_scenario_87        0.480        0.32000       0.480         0.00083
gp_scenario_88        0.390        0.25000       0.350         0.00071
gp_scenario_89        0.570        0.39000       0.500         0.00370
gp_scenario_90        0.600        0.30000       0.530         0.00500
gp_scenario_91        0.830        0.49000       0.750         0.48000
gp_scenario_92        0.450        0.28000       0.420         0.00110
gp_scenario_93        0.530        0.30000       0.520         0.00280
gp_scenario_94        0.320        0.01700       0.220         0.00034
gp_scenario_95        0.340        0.00350       0.320         0.00047
gp_scenario_96        0.870        0.69000       0.800         0.47000
gp_scenario_97        0.480        0.30000       0.480         0.00110
gp_scenario_98        0.410        0.02400       0.330         0.00086
gp_scenario_99        0.550        0.24000       0.510         0.30000
gp_scenario_100       0.390        0.05900       0.330         0.00036
h2_median             0.520        0.30000       0.480         0.00150
h2_iqr                0.230        0.44000       0.280         0.23000
