[1] "using pine_env"
Le chargement a nécessité le package : Matrix

Attachement du package : ‘tidyr’

Les objets suivants sont masqués depuis ‘package:Matrix’:

    expand, pack, unpack

Le chargement a nécessité le package : foreach
Le chargement a nécessité le package : iterators
Le chargement a nécessité le package : parallel
Le chargement a nécessité le package : rngtools
This build of rgl does not include OpenGL functions.  Use
 rglwidget() to display results, e.g. via options(rgl.printRglwidget = TRUE).
Le chargement a nécessité le package : Rcpp
Le chargement a nécessité le package : zigg
Le chargement a nécessité le package : RcppParallel

Attachement du package : ‘RcppParallel’

L'objet suivant est masqué depuis ‘package:Rcpp’:

    LdFlags


Rfast: 2.1.5.1
 ___ __ __ __ __    __ __ __ __ __ _             _               __ __ __ __ __     __ __ __ __ __ __   
|  __ __ __ __  |  |  __ __ __ __ _/            / \             |  __ __ __ __ /   /__ __ _   _ __ __\  
| |           | |  | |                         / _ \            | |                        / /          
| |           | |  | |                        / / \ \           | |                       / /          
| |           | |  | |                       / /   \ \          | |                      / /          
| |__ __ __ __| |  | |__ __ __ __           / /     \ \         | |__ __ __ __ _        / /__/\          
|    __ __ __ __|  |  __ __ __ __|         / /__ _ __\ \        |_ __ __ __ _   |      / ___  /           
|   \              | |                    / _ _ _ _ _ _ \                     | |      \/  / /       
| |\ \             | |                   / /           \ \                    | |         / /          
| | \ \            | |                  / /             \ \                   | |        / /          
| |  \ \           | |                 / /               \ \                  | |       / /          
| |   \ \__ __ _   | |                / /                 \ \     _ __ __ __ _| |      / /          
|_|    \__ __ __\  |_|               /_/                   \_\   /_ __ __ __ ___|      \/             team

Attachement du package : ‘Rfast’

Les objets suivants sont masqués depuis ‘package:robustbase’:

    colMedians, rowMedians

L'objet suivant est masqué depuis ‘package:data.table’:

    transpose

Le chargement a nécessité le package : lattice

Attachement du package : ‘plotly’

L'objet suivant est masqué depuis ‘package:ggplot2’:

    last_plot

L'objet suivant est masqué depuis ‘package:MASS’:

    select

L'objet suivant est masqué depuis ‘package:stats’:

    filter

L'objet suivant est masqué depuis ‘package:graphics’:

    layout


Attachement du package : ‘dplyr’

L'objet suivant est masqué depuis ‘package:Rfast’:

    nth

Les objets suivants sont masqués depuis ‘package:data.table’:

    between, first, last

L'objet suivant est masqué depuis ‘package:MASS’:

    select

Les objets suivants sont masqués depuis ‘package:stats’:

    filter, lag

Les objets suivants sont masqués depuis ‘package:base’:

    intersect, setdiff, setequal, union


Attachement du package : ‘kernlab’

L'objet suivant est masqué depuis ‘package:ggplot2’:

    alpha

Le chargement a nécessité le package : corpcor

Attachement du package : ‘corpcor’

L'objet suivant est masqué depuis ‘package:matrixcalc’:

    is.positive.definite

Loaded glmnet 4.1-8

Loaded mixOmics 6.31.5
Thank you for using mixOmics!
Tutorials: http://mixomics.org
Bookdown vignette: https://mixomicsteam.github.io/Bookdown
Questions, issues: Follow the prompts at http://mixomics.org/contact-us
Cite us:  citation('mixOmics')

[1] "kernel: linear"
[1] "trait: T4"
                RF_wiser SVR_wiser GBLUP_wiser RKHS_wiser LASSO_wiser
gp_scenario_1      0.230     0.220        0.20      0.200      0.2100
gp_scenario_2      0.490     0.570        0.55      0.560      0.3500
gp_scenario_3      0.520     0.560        0.55      0.550      0.2600
gp_scenario_4      0.260     0.280        0.25      0.250          NA
gp_scenario_5      0.310     0.460        0.43      0.460      0.1900
gp_scenario_6      0.430     0.470        0.44      0.480      0.2900
gp_scenario_7      0.120     0.230        0.19      0.190      0.2000
gp_scenario_8      0.430     0.480        0.48      0.480      0.4000
gp_scenario_9      0.440     0.540        0.49      0.500      0.3700
gp_scenario_10     0.220     0.260        0.26      0.250      0.1200
gp_scenario_11     0.300     0.400        0.38      0.400      0.3100
gp_scenario_12     0.280     0.390        0.38      0.390      0.0490
gp_scenario_13     0.360     0.370        0.37      0.400      0.3500
gp_scenario_14     0.520     0.550        0.55      0.530      0.2600
gp_scenario_15     0.260     0.320        0.24      0.250      0.1200
gp_scenario_16     0.360     0.470        0.38      0.410      0.1600
gp_scenario_17     0.093     0.200        0.19      0.190     -0.0880
gp_scenario_18     0.510     0.570        0.57      0.590          NA
gp_scenario_19     0.130     0.280        0.29      0.290      0.0740
gp_scenario_20     0.330     0.370        0.35      0.380      0.2100
gp_scenario_21     0.250     0.500        0.46      0.450     -0.0480
gp_scenario_22     0.300     0.370        0.33      0.360      0.3400
gp_scenario_23     0.420     0.500        0.49      0.490      0.2500
gp_scenario_24     0.380     0.300        0.26      0.270      0.3000
gp_scenario_25     0.270     0.420        0.40      0.400      0.2300
gp_scenario_26     0.450     0.450        0.43      0.460      0.3600
gp_scenario_27     0.420     0.450        0.43      0.450      0.2300
gp_scenario_28     0.310     0.440        0.43      0.420      0.4000
gp_scenario_29     0.470     0.450        0.44      0.450      0.4300
gp_scenario_30     0.230     0.260        0.24      0.240      0.0740
gp_scenario_31     0.420     0.530        0.58      0.530      0.4100
gp_scenario_32     0.320     0.350        0.34      0.340      0.3600
gp_scenario_33     0.540     0.560        0.54      0.560      0.3700
gp_scenario_34     0.250     0.430        0.41      0.420      0.2600
gp_scenario_35     0.330     0.430        0.40      0.410      0.1700
gp_scenario_36     0.100     0.220        0.25      0.250     -0.0930
gp_scenario_37     0.360     0.420        0.38      0.400      0.1000
gp_scenario_38     0.500     0.600        0.57      0.570      0.2300
gp_scenario_39     0.170     0.240        0.21      0.210      0.1900
gp_scenario_40     0.068     0.220        0.24      0.240      0.0690
gp_scenario_41     0.270     0.260        0.22      0.240      0.2700
gp_scenario_42     0.180     0.250        0.27      0.260      0.3700
gp_scenario_43     0.160     0.230        0.23      0.230     -0.0062
gp_scenario_44     0.500     0.570        0.59      0.590      0.1700
gp_scenario_45     0.460     0.570        0.58      0.550      0.1100
gp_scenario_46     0.300     0.440        0.44      0.470      0.1700
gp_scenario_47     0.500     0.660        0.65      0.630      0.4600
gp_scenario_48     0.310     0.330        0.28      0.290      0.2100
gp_scenario_49     0.210     0.260        0.29      0.280      0.3600
gp_scenario_50     0.280     0.310        0.31      0.310      0.2000
gp_scenario_51     0.150     0.350        0.30      0.320     -0.0190
gp_scenario_52     0.360     0.430        0.39      0.390      0.3500
gp_scenario_53     0.360     0.410        0.37      0.370      0.1400
gp_scenario_54     0.360     0.440        0.44      0.440      0.3900
gp_scenario_55     0.350     0.480        0.54      0.510      0.1100
gp_scenario_56     0.190     0.310        0.30      0.310      0.2900
gp_scenario_57     0.530     0.510        0.51      0.500          NA
gp_scenario_58     0.520     0.600        0.57      0.580      0.0710
gp_scenario_59     0.370     0.490        0.50      0.530      0.3900
gp_scenario_60     0.073     0.058        0.06      0.059      0.0300
gp_scenario_61     0.250     0.340        0.33      0.350      0.0930
gp_scenario_62     0.400     0.600        0.61      0.670      0.3700
gp_scenario_63     0.350     0.390        0.38      0.380      0.1900
gp_scenario_64     0.210     0.240        0.22      0.220      0.1300
gp_scenario_65     0.260     0.390        0.39      0.390      0.0920
gp_scenario_66     0.380     0.400        0.37      0.370      0.4000
gp_scenario_67     0.160     0.220        0.23      0.230      0.1500
gp_scenario_68     0.240     0.340        0.34      0.350      0.2400
gp_scenario_69     0.440     0.580        0.55      0.570      0.3500
gp_scenario_70     0.390     0.540        0.56      0.570      0.1800
gp_scenario_71     0.140     0.200        0.21      0.200      0.0700
gp_scenario_72     0.260     0.390        0.40      0.390      0.4000
gp_scenario_73     0.470     0.530        0.53      0.550      0.3300
gp_scenario_74     0.500     0.520        0.50      0.540      0.3200
gp_scenario_75     0.360     0.420        0.43      0.440     -0.0580
gp_scenario_76     0.380     0.500        0.51      0.530      0.2200
gp_scenario_77     0.340     0.420        0.48      0.430      0.2200
gp_scenario_78     0.550     0.630        0.64      0.640      0.2700
gp_scenario_79     0.260     0.300        0.28      0.290      0.1500
gp_scenario_80     0.250     0.330        0.28      0.300          NA
gp_scenario_81     0.450     0.550        0.53      0.560      0.3600
gp_scenario_82     0.350     0.390        0.38      0.380      0.3300
gp_scenario_83     0.280     0.390        0.35      0.360      0.2600
gp_scenario_84     0.250     0.360        0.36      0.360      0.1800
gp_scenario_85     0.260     0.360        0.35      0.350      0.0500
gp_scenario_86     0.270     0.360        0.37      0.370      0.1800
gp_scenario_87     0.360     0.410        0.41      0.390      0.1300
gp_scenario_88     0.430     0.580        0.56      0.580      0.3100
gp_scenario_89     0.380     0.390        0.40      0.390      0.3800
gp_scenario_90     0.470     0.470        0.46      0.480      0.3500
gp_scenario_91     0.041     0.170        0.19      0.180     -0.1400
gp_scenario_92     0.360     0.390        0.37      0.370      0.2800
gp_scenario_93     0.430     0.550        0.54      0.540      0.2700
gp_scenario_94     0.600     0.620        0.63      0.620      0.3500
gp_scenario_95     0.520     0.530        0.51      0.550      0.5000
gp_scenario_96     0.210     0.280        0.29      0.290      0.1900
gp_scenario_97     0.520     0.590        0.59      0.570          NA
gp_scenario_98     0.170     0.320        0.34      0.380     -0.3100
gp_scenario_99     0.310     0.280        0.22      0.240      0.3500
gp_scenario_100    0.470     0.540        0.54      0.540      0.1900
pa_median          0.340     0.410        0.39      0.400      0.2300
pa_iqr             0.180     0.190        0.22      0.230      0.2200
                RF_ls_means SVR_ls_means GBLUP_ls_means RKHS_ls_means
gp_scenario_1        0.0350      -0.0041         -0.041        -0.038
gp_scenario_2        0.3100       0.4900          0.440         0.460
gp_scenario_3        0.3700       0.3900          0.350         0.360
gp_scenario_4        0.1900       0.1500          0.130         0.140
gp_scenario_5        0.0920       0.2100          0.190         0.190
gp_scenario_6        0.2900       0.3200          0.280         0.330
gp_scenario_7       -0.0280       0.0670          0.048         0.039
gp_scenario_8        0.4300       0.4700          0.460         0.440
gp_scenario_9        0.3100       0.3900          0.360         0.350
gp_scenario_10       0.0990       0.0840          0.046         0.044
gp_scenario_11       0.0360       0.1300          0.080         0.110
gp_scenario_12       0.1700       0.2000          0.190         0.200
gp_scenario_13       0.2400       0.2500          0.230         0.300
gp_scenario_14       0.5000       0.6200          0.610         0.580
gp_scenario_15       0.0830       0.1000          0.055         0.060
gp_scenario_16       0.3200       0.4100          0.350         0.420
gp_scenario_17       0.1500       0.1100          0.093         0.078
gp_scenario_18       0.3000       0.3200          0.290         0.350
gp_scenario_19       0.1600       0.2300          0.230         0.200
gp_scenario_20      -0.1100       0.0910          0.087         0.081
gp_scenario_21       0.1400       0.3900          0.330         0.270
gp_scenario_22       0.2900       0.2700          0.230         0.300
gp_scenario_23       0.1500       0.2700          0.240         0.270
gp_scenario_24       0.3100       0.3000          0.270         0.280
gp_scenario_25       0.1600       0.2500          0.240         0.210
gp_scenario_26       0.3100       0.3400          0.350         0.390
gp_scenario_27       0.3500       0.3700          0.320         0.370
gp_scenario_28       0.2700       0.3500          0.360         0.310
gp_scenario_29       0.1800       0.2900          0.230         0.320
gp_scenario_30       0.1300       0.1600          0.130         0.120
gp_scenario_31       0.2800       0.3800          0.390         0.330
gp_scenario_32       0.2200       0.2100          0.210         0.200
gp_scenario_33       0.3600       0.4300          0.400         0.430
gp_scenario_34       0.1400       0.1900          0.160         0.190
gp_scenario_35       0.0840       0.2000          0.150         0.160
gp_scenario_36       0.0180       0.1500          0.170         0.044
gp_scenario_37       0.3100       0.3900          0.350         0.390
gp_scenario_38       0.3200       0.4000          0.360         0.360
gp_scenario_39       0.1700       0.0740          0.046         0.044
gp_scenario_40       0.0700       0.1900          0.220         0.210
gp_scenario_41       0.1500       0.2000          0.190         0.240
gp_scenario_42       0.0250       0.1200          0.150         0.110
gp_scenario_43      -0.0082       0.0740          0.073         0.065
gp_scenario_44       0.4900       0.5900          0.610         0.590
gp_scenario_45       0.2300       0.4500          0.490         0.360
gp_scenario_46       0.1800       0.2400          0.210         0.250
gp_scenario_47       0.4100       0.5100          0.500         0.430
gp_scenario_48       0.1900       0.2500          0.180         0.180
gp_scenario_49       0.1300       0.1200          0.091         0.088
gp_scenario_50       0.1700       0.1900          0.180         0.180
gp_scenario_51      -0.0150       0.1600          0.110         0.120
gp_scenario_52       0.1500       0.2700          0.240         0.250
gp_scenario_53       0.2300       0.3500          0.300         0.310
gp_scenario_54       0.2100       0.1900          0.200         0.170
gp_scenario_55       0.2700       0.3800          0.410         0.340
gp_scenario_56       0.0076       0.1300          0.110         0.110
gp_scenario_57       0.2900       0.2700          0.250         0.220
gp_scenario_58       0.3600       0.4900          0.450         0.450
gp_scenario_59       0.2100       0.3500          0.390         0.390
gp_scenario_60       0.0220       0.0660          0.061         0.052
gp_scenario_61       0.0730       0.1400          0.110         0.140
gp_scenario_62       0.3600       0.4600          0.410         0.500
gp_scenario_63       0.1500       0.3000          0.280         0.280
gp_scenario_64       0.0770       0.1900          0.170         0.150
gp_scenario_65       0.1600       0.2900          0.270         0.260
gp_scenario_66       0.2000       0.2200          0.180         0.180
gp_scenario_67       0.1300       0.2000          0.190         0.200
gp_scenario_68       0.2200       0.2300          0.230         0.220
gp_scenario_69       0.2700       0.3500          0.310         0.380
gp_scenario_70       0.2000       0.4200          0.410         0.410
gp_scenario_71       0.0690       0.1200          0.110         0.096
gp_scenario_72       0.0810       0.2400          0.250         0.220
gp_scenario_73       0.3300       0.3900          0.380         0.370
gp_scenario_74       0.2100       0.2500          0.190         0.280
gp_scenario_75       0.3900       0.3900          0.350         0.340
gp_scenario_76       0.1100       0.2900          0.280         0.340
gp_scenario_77      -0.0210       0.2400          0.260         0.210
gp_scenario_78       0.2700       0.3300          0.330         0.350
gp_scenario_79       0.1100       0.2200          0.200         0.200
gp_scenario_80      -0.0550       0.0320         -0.026        -0.032
gp_scenario_81       0.2500       0.2800          0.300         0.330
gp_scenario_82       0.2800       0.3600          0.330         0.310
gp_scenario_83       0.0770       0.2000          0.190         0.110
gp_scenario_84       0.0310       0.1500          0.110         0.120
gp_scenario_85       0.2600       0.2500          0.220         0.250
gp_scenario_86       0.2000       0.3100          0.280         0.270
gp_scenario_87       0.2300       0.3000          0.270         0.260
gp_scenario_88       0.3700       0.4300          0.430         0.430
gp_scenario_89       0.2300       0.2400          0.230         0.200
gp_scenario_90       0.3800       0.4000          0.330         0.430
gp_scenario_91      -0.1400      -0.0380         -0.012        -0.023
gp_scenario_92       0.2300       0.2600          0.270         0.210
gp_scenario_93       0.2500       0.3200          0.290         0.300
gp_scenario_94       0.3400       0.4200          0.400         0.360
gp_scenario_95       0.2300       0.4000          0.370         0.440
gp_scenario_96       0.1900       0.2800          0.270         0.260
gp_scenario_97       0.3400       0.4400          0.450         0.380
gp_scenario_98       0.0850       0.1500          0.082         0.150
gp_scenario_99       0.0190       0.1100          0.051         0.084
gp_scenario_100      0.3600       0.4100          0.380         0.450
pa_median            0.2000       0.2600          0.240         0.260
pa_iqr               0.1900       0.1900          0.180         0.200
                LASSO_ls_means RF_blups SVR_blups GBLUP_blups RKHS_blups
gp_scenario_1           0.0300   0.1700     0.130       0.081      0.083
gp_scenario_2               NA   0.4500     0.590       0.570      0.590
gp_scenario_3               NA   0.5100     0.470       0.450      0.450
gp_scenario_4           0.2000   0.2400     0.200       0.160      0.160
gp_scenario_5               NA   0.1700     0.410       0.380      0.410
gp_scenario_6               NA   0.3100     0.320       0.300      0.310
gp_scenario_7           0.0900   0.0088     0.091       0.038      0.040
gp_scenario_8           0.2900   0.5100     0.500       0.470      0.490
gp_scenario_9           0.0580   0.4000     0.520       0.480      0.460
gp_scenario_10          0.0870   0.2000     0.240       0.210      0.200
gp_scenario_11          0.0390   0.1100     0.240       0.230      0.250
gp_scenario_12          0.0870   0.2800     0.310       0.300      0.300
gp_scenario_13          0.1700   0.3300     0.330       0.310      0.360
gp_scenario_14          0.3000   0.4500     0.530       0.510      0.460
gp_scenario_15          0.0990   0.2300     0.220       0.120      0.130
gp_scenario_16          0.1700   0.4300     0.540       0.430      0.490
gp_scenario_17          0.0079   0.1600     0.140       0.140      0.130
gp_scenario_18              NA   0.5100     0.520       0.520      0.530
gp_scenario_19          0.0770   0.1300     0.240       0.250      0.240
gp_scenario_20          0.0660   0.1000     0.250       0.170      0.190
gp_scenario_21          0.1100   0.2500     0.500       0.400      0.380
gp_scenario_22          0.0760   0.1100     0.250       0.210      0.250
gp_scenario_23          0.2000   0.3200     0.370       0.360      0.360
gp_scenario_24              NA   0.3900     0.420       0.360      0.370
gp_scenario_25          0.0890   0.1900     0.330       0.310      0.300
gp_scenario_26          0.3500   0.3900     0.360       0.360      0.390
gp_scenario_27          0.0980   0.3700     0.430       0.380      0.400
gp_scenario_28              NA   0.2400     0.360       0.340      0.320
gp_scenario_29          0.0073   0.3400     0.440       0.360      0.410
gp_scenario_30          0.1600   0.1200     0.190       0.160      0.150
gp_scenario_31          0.3300   0.4200     0.480       0.510      0.450
gp_scenario_32          0.1700   0.2800     0.300       0.290      0.290
gp_scenario_33         -0.0069   0.4800     0.490       0.420      0.440
gp_scenario_34          0.1500   0.2000     0.290       0.260      0.270
gp_scenario_35              NA   0.2600     0.310       0.270      0.280
gp_scenario_36         -0.2100  -0.0450     0.100       0.110      0.070
gp_scenario_37              NA   0.3600     0.400       0.360      0.380
gp_scenario_38          0.1000   0.4700     0.540       0.480      0.470
gp_scenario_39          0.1400   0.0850     0.100       0.075      0.062
gp_scenario_40              NA  -0.0350     0.110       0.140      0.140
gp_scenario_41              NA   0.1500     0.150       0.120      0.140
gp_scenario_42          0.0130   0.0180     0.140       0.130      0.110
gp_scenario_43          0.0510   0.1100     0.150       0.150      0.130
gp_scenario_44          0.1100   0.5700     0.550       0.590      0.570
gp_scenario_45          0.2200   0.2200     0.500       0.510      0.430
gp_scenario_46          0.0450   0.3000     0.410       0.390      0.430
gp_scenario_47          0.2100   0.4900     0.550       0.530      0.510
gp_scenario_48         -0.2300   0.3600     0.370       0.280      0.280
gp_scenario_49          0.2400   0.1900     0.190       0.200      0.190
gp_scenario_50          0.0310   0.2700     0.210       0.200      0.200
gp_scenario_51         -0.0099   0.0660     0.220       0.160      0.170
gp_scenario_52          0.0850   0.3600     0.410       0.310      0.320
gp_scenario_53              NA   0.2700     0.390       0.360      0.340
gp_scenario_54         -0.0430   0.2800     0.400       0.400      0.370
gp_scenario_55          0.2600   0.2800     0.390       0.450      0.410
gp_scenario_56          0.0660   0.1500     0.180       0.160      0.170
gp_scenario_57              NA   0.4200     0.480       0.460      0.430
gp_scenario_58          0.1300   0.4500     0.600       0.540      0.550
gp_scenario_59              NA   0.1700     0.310       0.330      0.340
gp_scenario_60          0.0860  -0.0058     0.034       0.044      0.042
gp_scenario_61         -0.0290   0.1200     0.210       0.200      0.210
gp_scenario_62         -0.0760   0.4300     0.530       0.480      0.540
gp_scenario_63              NA   0.2700     0.330       0.300      0.310
gp_scenario_64          0.1400   0.1700     0.310       0.270      0.250
gp_scenario_65          0.0550   0.2400     0.340       0.320      0.320
gp_scenario_66          0.1400   0.2200     0.280       0.220      0.220
gp_scenario_67              NA   0.0900     0.230       0.220      0.220
gp_scenario_68          0.3600   0.3100     0.360       0.360      0.350
gp_scenario_69          0.2900   0.2500     0.410       0.380      0.400
gp_scenario_70          0.0220   0.2900     0.530       0.510      0.520
gp_scenario_71         -0.0360  -0.0480     0.081       0.081      0.067
gp_scenario_72          0.0940   0.2100     0.340       0.320      0.310
gp_scenario_73          0.2100   0.4600     0.500       0.510      0.500
gp_scenario_74          0.1400   0.3200     0.380       0.350      0.410
gp_scenario_75              NA   0.3200     0.460       0.410      0.410
gp_scenario_76          0.0680   0.1700     0.340       0.380      0.410
gp_scenario_77          0.0310   0.2000     0.350       0.390      0.330
gp_scenario_78         -0.1600   0.3900     0.450       0.470      0.460
gp_scenario_79          0.0630   0.2000     0.240       0.230      0.230
gp_scenario_80          0.0770  -0.0014     0.180       0.084      0.094
gp_scenario_81         -0.0470   0.3100     0.430       0.440      0.480
gp_scenario_82          0.1500   0.3700     0.400       0.360      0.360
gp_scenario_83              NA   0.1900     0.350       0.280      0.270
gp_scenario_84         -0.0280   0.1300     0.250       0.230      0.230
gp_scenario_85          0.1300   0.2000     0.320       0.280      0.290
gp_scenario_86         -0.0110   0.2300     0.270       0.270      0.270
gp_scenario_87          0.0860   0.3300     0.450       0.420      0.390
gp_scenario_88              NA   0.1900     0.470       0.460      0.450
gp_scenario_89              NA   0.1000     0.240       0.220      0.180
gp_scenario_90          0.2200   0.4700     0.470       0.410      0.460
gp_scenario_91         -0.2000  -0.1000     0.083       0.098      0.084
gp_scenario_92              NA   0.3000     0.340       0.330      0.300
gp_scenario_93          0.1400   0.3300     0.430       0.410      0.410
gp_scenario_94          0.2200   0.4700     0.530       0.530      0.490
gp_scenario_95          0.2800   0.4200     0.460       0.420      0.500
gp_scenario_96              NA   0.2000     0.290       0.280      0.280
gp_scenario_97          0.2800   0.5000     0.540       0.560      0.530
gp_scenario_98          0.0370   0.3100     0.230       0.250      0.310
gp_scenario_99         -0.0170   0.0930     0.140       0.063      0.083
gp_scenario_100             NA   0.5500     0.510       0.460      0.490
pa_median               0.0870   0.2600     0.340       0.320      0.320
pa_iqr                  0.1400   0.2000     0.220       0.200      0.210
                LASSO_blups RF_blups_pca SVR_blups_pca GBLUP_blups_pca
gp_scenario_1        0.1900       0.1400         0.097           0.043
gp_scenario_2            NA       0.3600         0.590           0.570
gp_scenario_3            NA       0.4200         0.450           0.430
gp_scenario_4        0.3500       0.1200         0.150           0.110
gp_scenario_5        0.1200       0.3000         0.390           0.360
gp_scenario_6            NA       0.1300         0.230           0.220
gp_scenario_7       -0.0015       0.0330         0.063           0.015
gp_scenario_8        0.2500       0.5300         0.510           0.480
gp_scenario_9            NA       0.4500         0.510           0.470
gp_scenario_10       0.1800       0.2000         0.230           0.200
gp_scenario_11       0.0420       0.0660         0.230           0.220
gp_scenario_12      -0.2100       0.1800         0.300           0.290
gp_scenario_13       0.2300       0.2500         0.260           0.250
gp_scenario_14           NA       0.3700         0.510           0.490
gp_scenario_15       0.1800       0.1900         0.190           0.088
gp_scenario_16       0.1300       0.4000         0.520           0.410
gp_scenario_17           NA       0.0990         0.120           0.130
gp_scenario_18           NA       0.4800         0.510           0.510
gp_scenario_19      -0.0500       0.1200         0.210           0.220
gp_scenario_20      -0.0720       0.0760         0.190           0.110
gp_scenario_21       0.2300       0.3000         0.510           0.420
gp_scenario_22       0.3200       0.1100         0.220           0.190
gp_scenario_23       0.2200       0.2300         0.330           0.310
gp_scenario_24       0.3000       0.3000         0.410           0.350
gp_scenario_25       0.1600       0.1600         0.330           0.310
gp_scenario_26       0.2300       0.3500         0.320           0.320
gp_scenario_27       0.2300       0.3700         0.420           0.360
gp_scenario_28       0.3000       0.1900         0.340           0.330
gp_scenario_29       0.2000       0.3900         0.400           0.320
gp_scenario_30       0.1300       0.0710         0.140           0.110
gp_scenario_31       0.2600       0.4200         0.490           0.520
gp_scenario_32           NA       0.2600         0.280           0.260
gp_scenario_33       0.4500       0.4600         0.480           0.410
gp_scenario_34       0.2700       0.1100         0.220           0.210
gp_scenario_35       0.2100       0.1800         0.260           0.210
gp_scenario_36      -0.2400      -0.0770         0.081           0.087
gp_scenario_37       0.1000       0.3600         0.390           0.350
gp_scenario_38       0.1600       0.4100         0.500           0.450
gp_scenario_39       0.1600       0.1300         0.160           0.120
gp_scenario_40       0.1100      -0.0780         0.054           0.087
gp_scenario_41       0.2500       0.0051         0.100           0.065
gp_scenario_42       0.2900       0.0930         0.180           0.160
gp_scenario_43       0.1300      -0.0320         0.150           0.140
gp_scenario_44       0.0340       0.4100         0.510           0.550
gp_scenario_45           NA       0.2300         0.470           0.460
gp_scenario_46       0.2100       0.2100         0.330           0.330
gp_scenario_47           NA       0.4800         0.560           0.540
gp_scenario_48       0.0510       0.4200         0.390           0.310
gp_scenario_49       0.1900       0.0190         0.110           0.110
gp_scenario_50       0.2500       0.1500         0.180           0.160
gp_scenario_51      -0.0560       0.0610         0.180           0.120
gp_scenario_52       0.3000       0.3600         0.390           0.270
gp_scenario_53       0.1600       0.3100         0.400           0.360
gp_scenario_54       0.1400       0.2800         0.370           0.370
gp_scenario_55       0.0160       0.2800         0.370           0.420
gp_scenario_56       0.1000       0.0390         0.150           0.130
gp_scenario_57           NA       0.4000         0.470           0.450
gp_scenario_58       0.0230       0.5000         0.590           0.530
gp_scenario_59       0.3000       0.0650         0.250           0.270
gp_scenario_60       0.0370      -0.0180         0.013           0.018
gp_scenario_61       0.1000       0.0490         0.170           0.150
gp_scenario_62       0.3600       0.4500         0.510           0.430
gp_scenario_63           NA       0.2800         0.340           0.300
gp_scenario_64       0.2400       0.2500         0.330           0.280
gp_scenario_65       0.0680       0.1100         0.320           0.310
gp_scenario_66       0.1000       0.1500         0.240           0.180
gp_scenario_67       0.0880       0.1100         0.230           0.200
gp_scenario_68       0.3000       0.2700         0.330           0.330
gp_scenario_69       0.2900       0.2600         0.400           0.380
gp_scenario_70           NA       0.3400         0.500           0.480
gp_scenario_71      -0.0280      -0.0660         0.087           0.093
gp_scenario_72       0.0530       0.1500         0.330           0.300
gp_scenario_73       0.2200       0.4000         0.510           0.490
gp_scenario_74      -0.0220       0.1500         0.290           0.250
gp_scenario_75           NA       0.4100         0.460           0.420
gp_scenario_76       0.2200       0.0430         0.250           0.300
gp_scenario_77       0.1600       0.2900         0.370           0.410
gp_scenario_78       0.0350       0.2400         0.420           0.450
gp_scenario_79       0.0230       0.1500         0.210           0.210
gp_scenario_80           NA       0.0470         0.170           0.060
gp_scenario_81           NA       0.2900         0.320           0.340
gp_scenario_82       0.1900       0.4000         0.400           0.350
gp_scenario_83       0.1900       0.1700         0.360           0.290
gp_scenario_84       0.0340       0.0670         0.200           0.180
gp_scenario_85       0.0540       0.2300         0.330           0.300
gp_scenario_86       0.2000       0.1800         0.210           0.190
gp_scenario_87       0.2100       0.3500         0.470           0.440
gp_scenario_88      -0.0430       0.2200         0.470           0.460
gp_scenario_89       0.1200       0.0650         0.220           0.210
gp_scenario_90           NA       0.4800         0.440           0.390
gp_scenario_91      -0.1500      -0.1600         0.040           0.058
gp_scenario_92       0.2800       0.3100         0.370           0.350
gp_scenario_93       0.1200       0.3500         0.410           0.400
gp_scenario_94           NA       0.4700         0.490           0.490
gp_scenario_95       0.2900       0.3100         0.410           0.370
gp_scenario_96       0.2300       0.1900         0.290           0.270
gp_scenario_97           NA       0.4700         0.550           0.560
gp_scenario_98           NA       0.1500         0.170           0.180
gp_scenario_99       0.0920       0.0340         0.094           0.015
gp_scenario_100      0.0500       0.5900         0.500           0.440
pa_median            0.1600       0.2300         0.330           0.300
pa_iqr               0.1800       0.2500         0.240           0.230
                RKHS_blups_pca LASSO_blups_pca
gp_scenario_1            0.045          0.1800
gp_scenario_2            0.580              NA
gp_scenario_3            0.420              NA
gp_scenario_4            0.110          0.3400
gp_scenario_5            0.390          0.1400
gp_scenario_6            0.210              NA
gp_scenario_7            0.014          0.0480
gp_scenario_8            0.500          0.3600
gp_scenario_9            0.430          0.2700
gp_scenario_10           0.180          0.1300
gp_scenario_11           0.240          0.0920
gp_scenario_12           0.280          0.0530
gp_scenario_13           0.290          0.2200
gp_scenario_14           0.420              NA
gp_scenario_15           0.098              NA
gp_scenario_16           0.460          0.0990
gp_scenario_17           0.110          0.1000
gp_scenario_18           0.510              NA
gp_scenario_19           0.210          0.0050
gp_scenario_20           0.120              NA
gp_scenario_21           0.400          0.1800
gp_scenario_22           0.220          0.2800
gp_scenario_23           0.310          0.2100
gp_scenario_24           0.350         -0.0610
gp_scenario_25           0.290          0.1900
gp_scenario_26           0.330          0.1800
gp_scenario_27           0.380              NA
gp_scenario_28           0.300          0.3100
gp_scenario_29           0.360          0.2000
gp_scenario_30           0.100              NA
gp_scenario_31           0.460          0.2600
gp_scenario_32           0.250          0.3100
gp_scenario_33           0.430          0.4300
gp_scenario_34           0.200          0.1700
gp_scenario_35           0.220          0.0290
gp_scenario_36           0.033         -0.2500
gp_scenario_37           0.360          0.1200
gp_scenario_38           0.420          0.1400
gp_scenario_39           0.110          0.1400
gp_scenario_40           0.080         -0.0770
gp_scenario_41           0.076          0.2900
gp_scenario_42           0.140          0.2400
gp_scenario_43           0.120          0.0640
gp_scenario_44           0.520          0.1800
gp_scenario_45           0.360              NA
gp_scenario_46           0.350          0.2300
gp_scenario_47           0.500          0.4800
gp_scenario_48           0.300         -0.0065
gp_scenario_49           0.086          0.1200
gp_scenario_50           0.160          0.2900
gp_scenario_51           0.140         -0.0440
gp_scenario_52           0.280          0.2700
gp_scenario_53           0.340          0.0160
gp_scenario_54           0.330          0.2000
gp_scenario_55           0.370          0.2200
gp_scenario_56           0.120              NA
gp_scenario_57           0.410              NA
gp_scenario_58           0.520         -0.0260
gp_scenario_59           0.280          0.3300
gp_scenario_60           0.016          0.0440
gp_scenario_61           0.160          0.0790
gp_scenario_62           0.480          0.2500
gp_scenario_63           0.320          0.3200
gp_scenario_64           0.260          0.2000
gp_scenario_65           0.300          0.0720
gp_scenario_66           0.170          0.0600
gp_scenario_67           0.200              NA
gp_scenario_68           0.320          0.3000
gp_scenario_69           0.390         -0.0950
gp_scenario_70           0.490              NA
gp_scenario_71           0.077          0.0270
gp_scenario_72           0.290          0.0310
gp_scenario_73           0.470          0.1700
gp_scenario_74           0.280         -0.1600
gp_scenario_75           0.420              NA
gp_scenario_76           0.300          0.2200
gp_scenario_77           0.340          0.2500
gp_scenario_78           0.410         -0.0020
gp_scenario_79           0.210          0.0810
gp_scenario_80           0.064          0.1100
gp_scenario_81           0.350          0.2800
gp_scenario_82           0.350          0.2500
gp_scenario_83           0.280          0.2600
gp_scenario_84           0.170         -0.0260
gp_scenario_85           0.300          0.0440
gp_scenario_86           0.190          0.1700
gp_scenario_87           0.410          0.2800
gp_scenario_88           0.450         -0.1200
gp_scenario_89           0.170          0.1500
gp_scenario_90           0.420          0.3200
gp_scenario_91           0.035         -0.1700
gp_scenario_92           0.320          0.2000
gp_scenario_93           0.390          0.2700
gp_scenario_94           0.420              NA
gp_scenario_95           0.440          0.3000
gp_scenario_96           0.260          0.3300
gp_scenario_97           0.530          0.2200
gp_scenario_98           0.210              NA
gp_scenario_99           0.029          0.0330
gp_scenario_100          0.480          0.4100
pa_median                0.300          0.1800
pa_iqr                   0.240          0.2100
                GBLUP_wiser GBLUP_ls_means GBLUP_blups GBLUP_blups_pca
gp_scenario_1          0.93         0.8800        0.91          0.8900
gp_scenario_2          0.62         0.2000        0.39          0.1200
gp_scenario_3          0.63         0.4600        0.53          0.4800
gp_scenario_4          0.90         0.6400        0.78          0.7800
gp_scenario_5          0.74         0.5800        0.60          0.5600
gp_scenario_6          0.70         0.4100        0.61          0.6300
gp_scenario_7          0.86         0.7600        0.84          0.8300
gp_scenario_8          0.73         0.2700        0.52          0.4000
gp_scenario_9          0.58         0.3200        0.36          0.2100
gp_scenario_10         0.87         0.8200        0.80          0.7600
gp_scenario_11         0.71         0.6100        0.64          0.6000
gp_scenario_12         0.77         0.6700        0.69          0.6500
gp_scenario_13         0.77         0.4900        0.61          0.5900
gp_scenario_14         0.58         0.0025        0.39          0.3200
gp_scenario_15         0.93         0.8300        0.89          0.8700
gp_scenario_16         0.79         0.3600        0.48          0.3600
gp_scenario_17         0.81         0.6600        0.72          0.7000
gp_scenario_18         0.58         0.4700        0.42          0.3300
gp_scenario_19         0.90         0.6400        0.83          0.8000
gp_scenario_20         0.75         0.6000        0.69          0.6900
gp_scenario_21         0.67         0.4200        0.54          0.4700
gp_scenario_22         0.74         0.4600        0.65          0.6100
gp_scenario_23         0.81         0.7200        0.75          0.7500
gp_scenario_24         0.86         0.6000        0.66          0.6300
gp_scenario_25         0.70         0.5700        0.62          0.5800
gp_scenario_26         0.71         0.4700        0.57          0.5400
gp_scenario_27         0.72         0.4100        0.54          0.4800
gp_scenario_28         0.76         0.5400        0.70          0.6600
gp_scenario_29         0.73         0.5500        0.58          0.5500
gp_scenario_30         0.85         0.6700        0.81          0.7700
gp_scenario_31         0.65         0.4600        0.50          0.4100
gp_scenario_32         0.92         0.8100        0.84          0.8100
gp_scenario_33         0.64         0.2800        0.54          0.4600
gp_scenario_34         0.74         0.6500        0.67          0.6700
gp_scenario_35         0.76         0.5900        0.71          0.7000
gp_scenario_36         0.69         0.4000        0.63          0.6100
gp_scenario_37         0.74         0.3500        0.52          0.4600
gp_scenario_38         0.63         0.4800        0.51          0.4800
gp_scenario_39         0.78         0.6600        0.73          0.6800
gp_scenario_40         0.92         0.7100        0.86          0.8400
gp_scenario_41         0.84         0.5500        0.76          0.7600
gp_scenario_42         0.79         0.6400        0.75          0.7000
gp_scenario_43         0.88         0.8300        0.78          0.7400
gp_scenario_44         0.65         0.0064        0.46          0.4300
gp_scenario_45         0.52         0.1900        0.33          0.2100
gp_scenario_46         0.71         0.5300        0.56          0.5400
gp_scenario_47         0.48         0.0960        0.30          0.0069
gp_scenario_48         0.74         0.5100        0.58          0.5000
gp_scenario_49         0.87         0.7100        0.76          0.7300
gp_scenario_50         0.86         0.7200        0.83          0.8200
gp_scenario_51         0.80         0.7400        0.77          0.7500
gp_scenario_52         0.90         0.6500        0.79          0.7700
gp_scenario_53         0.74         0.4300        0.61          0.5400
gp_scenario_54         0.73         0.6000        0.55          0.5200
gp_scenario_55         0.57         0.3400        0.48          0.4400
gp_scenario_56         0.74         0.6400        0.69          0.6600
gp_scenario_57         0.63         0.5100        0.48          0.4100
gp_scenario_58         0.61         0.0110        0.29          0.0066
gp_scenario_59         0.74         0.4300        0.71          0.7100
gp_scenario_60         0.94         0.7600        0.88          0.8600
gp_scenario_61         0.80         0.6500        0.73          0.7200
gp_scenario_62         0.57         0.3600        0.45          0.4300
gp_scenario_63         0.77         0.5000        0.65          0.5900
gp_scenario_64         0.87         0.7000        0.72          0.6700
gp_scenario_65         0.73         0.5300        0.66          0.6200
gp_scenario_66         0.77         0.6600        0.72          0.7000
gp_scenario_67         0.89         0.6100        0.75          0.7000
gp_scenario_68         0.78         0.4900        0.61          0.5700
gp_scenario_69         0.71         0.5900        0.68          0.6400
gp_scenario_70         0.61         0.3600        0.40          0.2900
gp_scenario_71         0.81         0.6800        0.80          0.7800
gp_scenario_72         0.85         0.6300        0.75          0.6900
gp_scenario_73         0.67         0.4300        0.47          0.4000
gp_scenario_74         0.67         0.5100        0.55          0.5600
gp_scenario_75         0.74         0.4300        0.61          0.5500
gp_scenario_76         0.68         0.4200        0.51          0.5200
gp_scenario_77         0.66         0.5100        0.54          0.4600
gp_scenario_78         0.57         0.3700        0.47          0.4400
gp_scenario_79         0.96         0.8200        0.92          0.9100
gp_scenario_80         0.78         0.6700        0.73          0.7100
gp_scenario_81         0.74         0.5400        0.54          0.5600
gp_scenario_82         0.73         0.4200        0.54          0.4800
gp_scenario_83         0.70         0.4300        0.58          0.5100
gp_scenario_84         0.84         0.7400        0.78          0.7400
gp_scenario_85         0.74         0.6300        0.73          0.6800
gp_scenario_86         0.91         0.5500        0.82          0.8200
gp_scenario_87         0.74         0.5900        0.59          0.5100
gp_scenario_88         0.63         0.4600        0.51          0.4200
gp_scenario_89         0.72         0.5500        0.66          0.6400
gp_scenario_90         0.68         0.4000        0.54          0.4900
gp_scenario_91         0.91         0.8400        0.85          0.8200
gp_scenario_92         0.77         0.5100        0.64          0.5700
gp_scenario_93         0.64         0.4800        0.57          0.5300
gp_scenario_94         0.57         0.3200        0.39          0.3600
gp_scenario_95         0.73         0.3100        0.50          0.4600
gp_scenario_96         0.91         0.7100        0.83          0.7900
gp_scenario_97         0.62         0.4300        0.50          0.4000
gp_scenario_98         0.73         0.5500        0.57          0.5600
gp_scenario_99         0.83         0.6400        0.80          0.7900
gp_scenario_100        0.68         0.3600        0.50          0.4100
h2_median              0.74         0.5400        0.62          0.5900
h2_iqr                 0.14         0.2200        0.22          0.2400
