[1] "using pine_env"
Le chargement a nécessité le package : Matrix

Attachement du package : ‘tidyr’

Les objets suivants sont masqués depuis ‘package:Matrix’:

    expand, pack, unpack

Le chargement a nécessité le package : foreach
Le chargement a nécessité le package : iterators
Le chargement a nécessité le package : parallel
Le chargement a nécessité le package : rngtools
This build of rgl does not include OpenGL functions.  Use
 rglwidget() to display results, e.g. via options(rgl.printRglwidget = TRUE).
Le chargement a nécessité le package : Rcpp
Le chargement a nécessité le package : RcppZiggurat
Le chargement a nécessité le package : RcppParallel

Attachement du package : ‘RcppParallel’

L'objet suivant est masqué depuis ‘package:Rcpp’:

    LdFlags


Rfast: 2.1.0
 ___ __ __ __ __    __ __ __ __ __ _             _               __ __ __ __ __     __ __ __ __ __ __   
|  __ __ __ __  |  |  __ __ __ __ _/            / \             |  __ __ __ __ /   /__ __ _   _ __ __\  
| |           | |  | |                         / _ \            | |                        / /          
| |           | |  | |                        / / \ \           | |                       / /          
| |           | |  | |                       / /   \ \          | |                      / /          
| |__ __ __ __| |  | |__ __ __ __           / /     \ \         | |__ __ __ __ _        / /__/\          
|    __ __ __ __|  |  __ __ __ __|         / /__ _ __\ \        |_ __ __ __ _   |      / ___  /           
|   \              | |                    / _ _ _ _ _ _ \                     | |      \/  / /       
| |\ \             | |                   / /           \ \                    | |         / /          
| | \ \            | |                  / /             \ \                   | |        / /          
| |  \ \           | |                 / /               \ \                  | |       / /          
| |   \ \__ __ _   | |                / /                 \ \     _ __ __ __ _| |      / /          
|_|    \__ __ __\  |_|               /_/                   \_\   /_ __ __ __ ___|      \/             team

Attachement du package : ‘Rfast’

Les objets suivants sont masqués depuis ‘package:robustbase’:

    colMedians, rowMedians

L'objet suivant est masqué depuis ‘package:data.table’:

    transpose

Le chargement a nécessité le package : lattice

Attachement du package : ‘plotly’

L'objet suivant est masqué depuis ‘package:ggplot2’:

    last_plot

L'objet suivant est masqué depuis ‘package:MASS’:

    select

L'objet suivant est masqué depuis ‘package:stats’:

    filter

L'objet suivant est masqué depuis ‘package:graphics’:

    layout


Attachement du package : ‘dplyr’

L'objet suivant est masqué depuis ‘package:Rfast’:

    nth

Les objets suivants sont masqués depuis ‘package:data.table’:

    between, first, last

L'objet suivant est masqué depuis ‘package:MASS’:

    select

Les objets suivants sont masqués depuis ‘package:stats’:

    filter, lag

Les objets suivants sont masqués depuis ‘package:base’:

    intersect, setdiff, setequal, union


Attachement du package : ‘kernlab’

L'objet suivant est masqué depuis ‘package:ggplot2’:

    alpha

Le chargement a nécessité le package : corpcor

Attachement du package : ‘corpcor’

L'objet suivant est masqué depuis ‘package:matrixcalc’:

    is.positive.definite

Loaded glmnet 4.1-8

Loaded mixOmics 6.25.1
Thank you for using mixOmics!
Tutorials: http://mixomics.org
Bookdown vignette: https://mixomicsteam.github.io/Bookdown
Questions, issues: Follow the prompts at http://mixomics.org/contact-us
Cite us:  citation('mixOmics')

[1] "kernel: linear"
[1] "trait: H"
                RF_wiser SVR_wiser GBLUP_wiser RKHS_wiser LASSO_wiser
gp_scenario_1       0.68      0.66        0.62       0.63        0.44
gp_scenario_2       0.70      0.79        0.77       0.78        0.67
gp_scenario_3       0.63      0.72        0.70       0.70        0.50
gp_scenario_4       0.76      0.81        0.80       0.80        0.67
gp_scenario_5       0.68      0.77        0.79       0.79        0.64
gp_scenario_6       0.71      0.78        0.78       0.78        0.66
gp_scenario_7       0.72      0.78        0.76       0.74        0.71
gp_scenario_8       0.69      0.75        0.73       0.74        0.58
gp_scenario_9       0.49      0.55        0.51       0.51        0.55
gp_scenario_10      0.67      0.73        0.72       0.72        0.61
gp_scenario_11      0.70      0.75        0.74       0.74        0.66
gp_scenario_12      0.71      0.71        0.71       0.72        0.60
gp_scenario_13      0.67      0.72        0.69       0.69        0.61
gp_scenario_14      0.72      0.75        0.72       0.72        0.64
gp_scenario_15      0.73      0.82        0.81       0.80        0.63
gp_scenario_16      0.58      0.72        0.73       0.73        0.49
gp_scenario_17      0.61      0.67        0.65       0.66        0.56
gp_scenario_18      0.77      0.78        0.73       0.74        0.57
gp_scenario_19      0.50      0.67        0.64       0.65        0.47
gp_scenario_20      0.68      0.77        0.74       0.75        0.58
gp_scenario_21      0.72      0.78        0.77       0.77        0.70
gp_scenario_22      0.69      0.77        0.73       0.74        0.69
gp_scenario_23      0.65      0.71        0.72       0.72        0.53
gp_scenario_24      0.70      0.78        0.77       0.79        0.64
gp_scenario_25      0.58      0.65        0.60       0.61        0.54
gp_scenario_26      0.70      0.76        0.71       0.72        0.52
gp_scenario_27      0.58      0.78        0.75       0.76        0.69
gp_scenario_28      0.70      0.74        0.75       0.75        0.55
gp_scenario_29      0.68      0.72        0.69       0.69        0.44
gp_scenario_30      0.64      0.73        0.71       0.71        0.62
gp_scenario_31      0.70      0.76        0.74       0.74        0.57
gp_scenario_32      0.63      0.73        0.69       0.70        0.54
gp_scenario_33      0.72      0.75        0.76       0.76        0.59
gp_scenario_34      0.67      0.69        0.65       0.65        0.53
gp_scenario_35      0.72      0.77        0.73       0.76        0.68
gp_scenario_36      0.68      0.76        0.74       0.74        0.58
gp_scenario_37      0.59      0.73        0.72       0.72        0.48
gp_scenario_38      0.55      0.61        0.59       0.59        0.49
gp_scenario_39      0.64      0.71        0.68       0.69        0.53
gp_scenario_40      0.80      0.82        0.79       0.79        0.60
gp_scenario_41      0.66      0.79        0.79       0.75        0.75
gp_scenario_42      0.61      0.66        0.66       0.66        0.62
gp_scenario_43      0.71      0.76        0.74       0.75        0.59
gp_scenario_44      0.46      0.61        0.60       0.60        0.44
gp_scenario_45      0.60      0.70        0.71       0.71        0.58
gp_scenario_46      0.69      0.74        0.71       0.71        0.61
gp_scenario_47      0.65      0.73        0.72       0.72        0.53
gp_scenario_48      0.76      0.81        0.80       0.80        0.66
gp_scenario_49      0.51      0.62        0.59       0.59        0.39
gp_scenario_50      0.67      0.69        0.69       0.69        0.71
gp_scenario_51      0.57      0.67        0.65       0.66        0.43
gp_scenario_52      0.72      0.79        0.75       0.76        0.59
gp_scenario_53      0.75      0.80        0.80       0.79        0.58
gp_scenario_54      0.62      0.68        0.66       0.66        0.44
gp_scenario_55      0.82      0.85        0.83       0.83        0.65
gp_scenario_56      0.51      0.59        0.57       0.57        0.59
gp_scenario_57      0.57      0.70        0.69       0.70        0.27
gp_scenario_58      0.75      0.79        0.76       0.80        0.63
gp_scenario_59      0.75      0.78        0.74       0.79        0.75
gp_scenario_60      0.77      0.74        0.69       0.70        0.64
gp_scenario_61      0.75      0.77        0.72       0.72        0.53
gp_scenario_62      0.79      0.84        0.82       0.82        0.69
gp_scenario_63      0.51      0.65        0.64       0.64        0.32
gp_scenario_64      0.64      0.69        0.67       0.67        0.67
gp_scenario_65      0.78      0.82        0.82       0.82        0.70
gp_scenario_66      0.58      0.68        0.64       0.64        0.61
gp_scenario_67      0.68      0.75        0.76       0.76        0.61
gp_scenario_68      0.62      0.70        0.69       0.69        0.51
gp_scenario_69      0.79      0.81        0.79       0.80        0.67
gp_scenario_70      0.82      0.82        0.79       0.81        0.67
gp_scenario_71      0.73      0.74        0.72       0.73        0.70
gp_scenario_72      0.63      0.72        0.69       0.69        0.39
gp_scenario_73      0.67      0.74        0.74       0.74        0.63
gp_scenario_74      0.62      0.72        0.68       0.69        0.60
gp_scenario_75      0.67      0.79        0.77       0.77        0.69
gp_scenario_76      0.64      0.72        0.68       0.68        0.42
gp_scenario_77      0.76      0.79        0.76       0.79        0.65
gp_scenario_78      0.56      0.64        0.61       0.61        0.39
gp_scenario_79      0.65      0.70        0.68       0.69        0.44
gp_scenario_80      0.78      0.85        0.83       0.83        0.71
gp_scenario_81      0.65      0.73        0.71       0.71        0.58
gp_scenario_82      0.66      0.72        0.73       0.73        0.59
gp_scenario_83      0.60      0.65        0.62       0.62        0.60
gp_scenario_84      0.76      0.84        0.82       0.83        0.62
gp_scenario_85      0.65      0.71        0.71       0.71        0.49
gp_scenario_86      0.70      0.75        0.75       0.75        0.56
gp_scenario_87      0.84      0.87        0.85       0.85        0.63
gp_scenario_88      0.55      0.62        0.59       0.60        0.24
gp_scenario_89      0.52      0.61        0.57       0.58        0.44
gp_scenario_90      0.68      0.72        0.68       0.69        0.68
gp_scenario_91      0.73      0.79        0.79       0.78        0.75
gp_scenario_92      0.53      0.70        0.70       0.70        0.60
gp_scenario_93      0.71      0.83        0.81       0.81        0.52
gp_scenario_94      0.74      0.77        0.73       0.74        0.59
gp_scenario_95      0.65      0.68        0.66       0.66        0.57
gp_scenario_96      0.67      0.73        0.71       0.71        0.57
gp_scenario_97      0.56      0.76        0.73       0.74        0.44
gp_scenario_98      0.62      0.73        0.75       0.75        0.61
gp_scenario_99      0.75      0.76        0.72       0.73        0.69
gp_scenario_100     0.69      0.75        0.74       0.74        0.60
pa_median           0.68      0.74        0.72       0.72        0.59
pa_iqr              0.10      0.08        0.08       0.07        0.12
                RF_ls_means SVR_ls_means GBLUP_ls_means RKHS_ls_means
gp_scenario_1         0.490        0.450         0.3700        0.2700
gp_scenario_2         0.260        0.220         0.0610        0.1700
gp_scenario_3         0.410        0.320         0.2400        0.2300
gp_scenario_4         0.020        0.032         0.0360       -0.0780
gp_scenario_5         0.280        0.210         0.1600        0.1700
gp_scenario_6         0.011        0.160         0.0820        0.0990
gp_scenario_7         0.095        0.260         0.1500        0.0550
gp_scenario_8         0.290        0.230         0.2800        0.2000
gp_scenario_9         0.180        0.140         0.1100        0.0740
gp_scenario_10        0.170        0.220         0.1500        0.0470
gp_scenario_11        0.300        0.250         0.1000        0.1600
gp_scenario_12        0.530        0.430         0.3900        0.3700
gp_scenario_13       -0.036        0.310         0.2900        0.0270
gp_scenario_14        0.210        0.210         0.1900        0.1800
gp_scenario_15        0.340        0.330         0.3000        0.2500
gp_scenario_16        0.089        0.075         0.1000        0.0140
gp_scenario_17        0.100        0.190         0.1200        0.0280
gp_scenario_18        0.300        0.260         0.2000        0.1600
gp_scenario_19        0.400        0.350         0.2500        0.1400
gp_scenario_20        0.120        0.160         0.0410        0.0400
gp_scenario_21        0.160        0.160         0.0990        0.0520
gp_scenario_22        0.360        0.350         0.3000        0.2500
gp_scenario_23        0.310        0.150         0.1400       -0.0076
gp_scenario_24        0.550        0.460         0.3900        0.3000
gp_scenario_25        0.380        0.390         0.2900        0.2100
gp_scenario_26        0.180        0.140         0.1100       -0.0640
gp_scenario_27        0.280        0.120         0.0460        0.1300
gp_scenario_28        0.210        0.150         0.2000        0.1700
gp_scenario_29        0.440        0.420         0.3300        0.3300
gp_scenario_30        0.072        0.110         0.0580       -0.0350
gp_scenario_31        0.280        0.240         0.1700        0.2100
gp_scenario_32        0.250        0.150         0.1200        0.0800
gp_scenario_33        0.450        0.420         0.3900        0.3800
gp_scenario_34        0.320        0.280         0.1600        0.1200
gp_scenario_35        0.310        0.280         0.1800        0.0067
gp_scenario_36        0.390        0.450         0.4200        0.3700
gp_scenario_37        0.200        0.150         0.0560        0.0240
gp_scenario_38        0.250        0.140         0.0690       -0.1100
gp_scenario_39        0.250        0.200         0.1500        0.0440
gp_scenario_40        0.330        0.240         0.2100        0.0680
gp_scenario_41        0.230        0.280         0.3200        0.1900
gp_scenario_42        0.370        0.330         0.2500        0.2000
gp_scenario_43        0.064       -0.016        -0.1500       -0.1800
gp_scenario_44        0.180        0.220         0.1900        0.0700
gp_scenario_45        0.540        0.340         0.3800        0.3300
gp_scenario_46        0.250        0.270         0.1900        0.1500
gp_scenario_47        0.360        0.460         0.4300        0.2600
gp_scenario_48        0.290        0.072         0.1200        0.0430
gp_scenario_49        0.460        0.280         0.2000        0.0720
gp_scenario_50        0.370        0.400         0.3800        0.3700
gp_scenario_51        0.230        0.230         0.1300        0.0660
gp_scenario_52        0.160        0.220         0.2100        0.1200
gp_scenario_53        0.370        0.160         0.0450        0.0130
gp_scenario_54        0.310        0.290         0.2400        0.1500
gp_scenario_55        0.350        0.400         0.2700        0.2900
gp_scenario_56        0.110        0.036        -0.0160       -0.1100
gp_scenario_57        0.320        0.330         0.2700        0.2200
gp_scenario_58        0.420        0.350         0.2400        0.2100
gp_scenario_59        0.430        0.300         0.2000        0.1600
gp_scenario_60        0.360        0.260         0.1800        0.1700
gp_scenario_61        0.170        0.130         0.0190       -0.0440
gp_scenario_62        0.340        0.390         0.3500        0.3100
gp_scenario_63        0.270        0.380         0.3600        0.2000
gp_scenario_64        0.250        0.130         0.1100        0.0110
gp_scenario_65        0.440        0.440         0.3400        0.2500
gp_scenario_66        0.120        0.310         0.2900        0.1700
gp_scenario_67        0.110        0.030        -0.0350       -0.1100
gp_scenario_68        0.280        0.130         0.1000       -0.0890
gp_scenario_69        0.320        0.260         0.1800        0.1200
gp_scenario_70        0.390        0.360         0.3500        0.1900
gp_scenario_71        0.071        0.210         0.2000        0.0380
gp_scenario_72        0.300        0.230         0.0670       -0.0410
gp_scenario_73        0.290        0.250         0.1700        0.0740
gp_scenario_74        0.280        0.100         0.0290        0.0450
gp_scenario_75        0.096        0.170         0.1900        0.0970
gp_scenario_76        0.330        0.290         0.1700        0.1800
gp_scenario_77        0.300        0.240         0.1800        0.0310
gp_scenario_78        0.260        0.250         0.1600        0.0380
gp_scenario_79        0.300        0.320         0.3000        0.2300
gp_scenario_80        0.360        0.310         0.2500        0.2400
gp_scenario_81        0.092        0.074         0.0850       -0.0300
gp_scenario_82        0.410        0.440         0.3900        0.3500
gp_scenario_83        0.580        0.480         0.3700        0.2000
gp_scenario_84        0.180        0.110         0.0660        0.0068
gp_scenario_85        0.220        0.300         0.2000        0.1800
gp_scenario_86        0.099        0.220         0.0930        0.1200
gp_scenario_87        0.420        0.380         0.3500        0.1900
gp_scenario_88        0.097        0.013         0.0098       -0.0770
gp_scenario_89        0.280        0.240         0.1500        0.0710
gp_scenario_90        0.270        0.160         0.0430       -0.0240
gp_scenario_91        0.240        0.280         0.3100        0.1600
gp_scenario_92        0.320        0.310         0.2800        0.1600
gp_scenario_93        0.490        0.310         0.1500        0.2300
gp_scenario_94        0.210        0.068        -0.0410       -0.0520
gp_scenario_95        0.390        0.380         0.2800        0.2300
gp_scenario_96        0.400        0.270         0.1400        0.0910
gp_scenario_97        0.210        0.120         0.1100        0.1200
gp_scenario_98        0.190        0.200         0.1700        0.1700
gp_scenario_99        0.280        0.270         0.2400        0.1100
gp_scenario_100       0.490        0.320         0.2300        0.2400
pa_median             0.280        0.250         0.1800        0.1200
pa_iqr                0.180        0.160         0.1700        0.1600
                LASSO_ls_means RF_blups SVR_blups GBLUP_blups RKHS_blups
gp_scenario_1               NA    0.480    0.3600      0.2800     0.2300
gp_scenario_2               NA    0.380    0.3200      0.2000     0.1900
gp_scenario_3          -0.1500    0.290    0.1300      0.0930     0.0170
gp_scenario_4               NA    0.280    0.1400      0.1100     0.0380
gp_scenario_5               NA    0.390    0.3400      0.2900     0.2500
gp_scenario_6               NA    0.190    0.4000      0.3100     0.2500
gp_scenario_7          -0.0200    0.450    0.4100      0.2700     0.2400
gp_scenario_8               NA    0.460    0.2400      0.2900     0.2200
gp_scenario_9          -0.2100    0.006   -0.0048     -0.0490    -0.0560
gp_scenario_10         -0.0360    0.210    0.2200      0.1600     0.0390
gp_scenario_11         -0.0780    0.370    0.2500      0.1600     0.1400
gp_scenario_12              NA    0.560    0.5400      0.5100     0.4500
gp_scenario_13         -0.2300    0.210    0.1300      0.1700    -0.0800
gp_scenario_14              NA    0.270    0.3000      0.2500     0.1500
gp_scenario_15              NA    0.330    0.3200      0.2700     0.2000
gp_scenario_16              NA    0.200    0.1400      0.1500     0.0620
gp_scenario_17              NA    0.250    0.2100      0.0960     0.0260
gp_scenario_18              NA    0.140    0.1100      0.0750     0.0081
gp_scenario_19              NA    0.400    0.3800      0.2800     0.1700
gp_scenario_20         -0.2900    0.240    0.2300      0.1700     0.0950
gp_scenario_21              NA    0.440    0.2900      0.2300     0.1700
gp_scenario_22              NA    0.470    0.3900      0.3100     0.2600
gp_scenario_23              NA    0.270    0.1800      0.1300     0.0180
gp_scenario_24              NA    0.320    0.3000      0.2200     0.1500
gp_scenario_25              NA    0.220    0.2700      0.2400     0.0940
gp_scenario_26              NA    0.380    0.3800      0.2800     0.2000
gp_scenario_27         -0.1500    0.071    0.0570      0.0690     0.0120
gp_scenario_28              NA    0.260    0.1800      0.1800     0.1100
gp_scenario_29              NA    0.360    0.3000      0.2200     0.1500
gp_scenario_30              NA    0.130    0.1500      0.0320    -0.0780
gp_scenario_31              NA    0.260    0.2100      0.1700     0.1700
gp_scenario_32              NA    0.220    0.1900      0.1600     0.1200
gp_scenario_33              NA    0.410    0.4600      0.4100     0.3900
gp_scenario_34              NA    0.250    0.2500      0.1800     0.1000
gp_scenario_35         -0.2600    0.320    0.1500      0.0930    -0.1200
gp_scenario_36              NA    0.340    0.3300      0.3000     0.1900
gp_scenario_37              NA    0.180    0.0700      0.0035    -0.0390
gp_scenario_38          0.0420    0.087    0.1600      0.1200    -0.1400
gp_scenario_39              NA    0.290    0.1500      0.1100    -0.0230
gp_scenario_40              NA    0.410    0.2500      0.1800     0.0380
gp_scenario_41              NA    0.440    0.3900      0.4000     0.3700
gp_scenario_42              NA    0.270    0.2500      0.2100     0.1100
gp_scenario_43              NA    0.150    0.0120     -0.0410    -0.1500
gp_scenario_44         -0.2900    0.180    0.2900      0.2400     0.0980
gp_scenario_45         -0.1300    0.230    0.1200      0.1400     0.0880
gp_scenario_46              NA    0.360    0.3300      0.2300     0.1500
gp_scenario_47              NA    0.350    0.3500      0.3400     0.2700
gp_scenario_48              NA    0.260    0.1000      0.1200     0.0250
gp_scenario_49         -0.0530    0.260    0.2300      0.1600    -0.0350
gp_scenario_50              NA    0.480    0.4000      0.3300     0.2400
gp_scenario_51         -0.1800    0.180    0.0480      0.0620    -0.0510
gp_scenario_52              NA    0.320    0.3700      0.3000     0.2000
gp_scenario_53              NA    0.280    0.2200      0.1700     0.0920
gp_scenario_54              NA    0.150    0.0180      0.0280    -0.2000
gp_scenario_55              NA    0.340    0.2900      0.2400     0.1500
gp_scenario_56              NA    0.130    0.0770      0.0180    -0.0930
gp_scenario_57              NA    0.310    0.2900      0.2500     0.1200
gp_scenario_58              NA    0.460    0.3500      0.2800     0.2500
gp_scenario_59              NA    0.410    0.3400      0.2500     0.2000
gp_scenario_60         -0.0170    0.120    0.0860     -0.0170    -0.0790
gp_scenario_61              NA    0.310    0.2100      0.1300     0.0031
gp_scenario_62              NA    0.390    0.3900      0.3800     0.2800
gp_scenario_63              NA    0.360    0.4200      0.3200     0.1900
gp_scenario_64         -0.0910    0.160    0.1900      0.1700     0.0940
gp_scenario_65         -0.1800    0.330    0.2600      0.2100    -0.0086
gp_scenario_66              NA    0.190    0.2000      0.2300     0.0950
gp_scenario_67              NA    0.310    0.3200      0.2300     0.1400
gp_scenario_68         -0.0580    0.110    0.0760      0.0150    -0.1400
gp_scenario_69              NA    0.310    0.2400      0.2000     0.1300
gp_scenario_70              NA    0.430    0.3500      0.2500     0.1500
gp_scenario_71              NA    0.410    0.4400      0.4000     0.3400
gp_scenario_72         -0.1300    0.230    0.2200      0.1300     0.0180
gp_scenario_73         -0.0850    0.260    0.1800      0.1100     0.0350
gp_scenario_74              NA    0.240    0.3200      0.2700     0.1400
gp_scenario_75              NA   -0.027    0.0550      0.0730    -0.0220
gp_scenario_76              NA    0.440    0.2500      0.1600     0.0840
gp_scenario_77         -0.1300    0.160    0.1000      0.0650    -0.0210
gp_scenario_78         -0.2000    0.370    0.2400      0.1300    -0.0850
gp_scenario_79          0.0060    0.340    0.2500      0.2600     0.1800
gp_scenario_80              NA    0.360    0.3800      0.3200     0.2500
gp_scenario_81              NA    0.140    0.1900      0.1200    -0.0480
gp_scenario_82              NA    0.380    0.3000      0.2900     0.2400
gp_scenario_83              NA    0.330    0.2400      0.1700    -0.0120
gp_scenario_84         -0.1200    0.270    0.2800      0.2600     0.1600
gp_scenario_85              NA    0.340    0.2000      0.1500     0.0950
gp_scenario_86         -0.2700    0.320    0.2700      0.2300     0.1500
gp_scenario_87              NA    0.460    0.3900      0.3400     0.2800
gp_scenario_88              NA    0.057   -0.0015      0.0040    -0.1300
gp_scenario_89          0.0630    0.110    0.0500      0.0430    -0.0770
gp_scenario_90         -0.0400    0.230    0.1400      0.0650    -0.0088
gp_scenario_91         -0.1300    0.420    0.3800      0.3100     0.2200
gp_scenario_92              NA    0.200    0.2700      0.2200     0.1300
gp_scenario_93              NA    0.290    0.1100      0.0520    -0.0430
gp_scenario_94              NA    0.150   -0.0240     -0.1100    -0.2400
gp_scenario_95              NA    0.440    0.3400      0.3200     0.2400
gp_scenario_96              NA    0.440    0.2900      0.2200     0.1300
gp_scenario_97          0.0058    0.360    0.2200      0.1400     0.1300
gp_scenario_98              NA    0.050    0.1400      0.1500     0.0610
gp_scenario_99         -0.1400    0.160    0.1700      0.2000     0.0870
gp_scenario_100             NA    0.420    0.4300      0.3300     0.3100
pa_median              -0.1300    0.290    0.2400      0.1900     0.1100
pa_iqr                  0.1400    0.180    0.1800      0.1500     0.1900
                LASSO_blups
gp_scenario_1            NA
gp_scenario_2        0.0440
gp_scenario_3            NA
gp_scenario_4            NA
gp_scenario_5        0.1700
gp_scenario_6       -0.1200
gp_scenario_7        0.0880
gp_scenario_8        0.1300
gp_scenario_9        0.0170
gp_scenario_10       0.0910
gp_scenario_11      -0.0580
gp_scenario_12           NA
gp_scenario_13           NA
gp_scenario_14      -0.1400
gp_scenario_15           NA
gp_scenario_16           NA
gp_scenario_17           NA
gp_scenario_18      -0.2500
gp_scenario_19           NA
gp_scenario_20      -0.3700
gp_scenario_21       0.1100
gp_scenario_22           NA
gp_scenario_23           NA
gp_scenario_24           NA
gp_scenario_25       0.0360
gp_scenario_26           NA
gp_scenario_27      -0.1300
gp_scenario_28           NA
gp_scenario_29           NA
gp_scenario_30           NA
gp_scenario_31           NA
gp_scenario_32           NA
gp_scenario_33       0.0410
gp_scenario_34           NA
gp_scenario_35      -0.2900
gp_scenario_36           NA
gp_scenario_37       0.0027
gp_scenario_38       0.0140
gp_scenario_39           NA
gp_scenario_40           NA
gp_scenario_41           NA
gp_scenario_42      -0.0550
gp_scenario_43           NA
gp_scenario_44      -0.1300
gp_scenario_45           NA
gp_scenario_46           NA
gp_scenario_47       0.0270
gp_scenario_48           NA
gp_scenario_49       0.1800
gp_scenario_50           NA
gp_scenario_51       0.0680
gp_scenario_52       0.0350
gp_scenario_53      -0.1300
gp_scenario_54      -0.1200
gp_scenario_55           NA
gp_scenario_56      -0.0490
gp_scenario_57           NA
gp_scenario_58           NA
gp_scenario_59           NA
gp_scenario_60           NA
gp_scenario_61      -0.0040
gp_scenario_62           NA
gp_scenario_63           NA
gp_scenario_64           NA
gp_scenario_65       0.0300
gp_scenario_66           NA
gp_scenario_67           NA
gp_scenario_68      -0.1200
gp_scenario_69      -0.0130
gp_scenario_70           NA
gp_scenario_71           NA
gp_scenario_72      -0.0960
gp_scenario_73       0.0084
gp_scenario_74           NA
gp_scenario_75      -0.0300
gp_scenario_76           NA
gp_scenario_77      -0.0930
gp_scenario_78           NA
gp_scenario_79           NA
gp_scenario_80       0.1300
gp_scenario_81           NA
gp_scenario_82       0.0840
gp_scenario_83           NA
gp_scenario_84      -0.0680
gp_scenario_85           NA
gp_scenario_86           NA
gp_scenario_87           NA
gp_scenario_88      -0.1900
gp_scenario_89       0.0370
gp_scenario_90      -0.2900
gp_scenario_91      -0.0600
gp_scenario_92      -0.0091
gp_scenario_93           NA
gp_scenario_94           NA
gp_scenario_95      -0.0840
gp_scenario_96           NA
gp_scenario_97       0.0330
gp_scenario_98      -0.4300
gp_scenario_99      -0.0460
gp_scenario_100          NA
pa_median           -0.0130
pa_iqr               0.1600
                GBLUP_wiser GBLUP_ls_means GBLUP_blups
gp_scenario_1          0.98        0.00079     0.00033
gp_scenario_2          0.97        0.29000     0.00053
gp_scenario_3          0.97        0.03700     0.00200
gp_scenario_4          0.97        0.47000     0.02800
gp_scenario_5          0.97        0.39000     0.00069
gp_scenario_6          0.97        0.32000     0.00043
gp_scenario_7          0.97        0.33000     0.00029
gp_scenario_8          0.97        0.30000     0.00160
gp_scenario_9          0.98        0.46000     0.66000
gp_scenario_10         0.98        0.11000     0.00096
gp_scenario_11         0.97        0.44000     0.00140
gp_scenario_12         0.98        0.00280     0.00027
gp_scenario_13         0.97        0.31000     0.43000
gp_scenario_14         0.97        0.29000     0.00072
gp_scenario_15         0.96        0.00210     0.00057
gp_scenario_16         0.97        0.50000     0.00220
gp_scenario_17         0.98        0.23000     0.00042
gp_scenario_18         0.97        0.04100     0.43000
gp_scenario_19         0.98        0.01800     0.00071
gp_scenario_20         0.97        0.39000     0.00180
gp_scenario_21         0.96        0.46000     0.00059
gp_scenario_22         0.97        0.00230     0.00034
gp_scenario_23         0.97        0.38000     0.00130
gp_scenario_24         0.98        0.00072     0.00046
gp_scenario_25         0.98        0.37000     0.50000
gp_scenario_26         0.98        0.36000     0.00038
gp_scenario_27         0.97        0.35000     0.00450
gp_scenario_28         0.96        0.20000     0.00052
gp_scenario_29         0.98        0.00047     0.00120
gp_scenario_30         0.98        0.60000     0.47000
gp_scenario_31         0.96        0.35000     0.00075
gp_scenario_32         0.97        0.51000     0.00120
gp_scenario_33         0.97        0.00110     0.00039
gp_scenario_34         0.98        0.00760     0.00099
gp_scenario_35         0.98        0.30000     0.01100
gp_scenario_36         0.97        0.00063     0.00055
gp_scenario_37         0.97        0.33000     0.00068
gp_scenario_38         0.98        0.57000     0.43000
gp_scenario_39         0.98        0.42000     0.38000
gp_scenario_40         0.97        0.36000     0.00110
gp_scenario_41         0.96        0.00290     0.00023
gp_scenario_42         0.98        0.00910     0.00085
gp_scenario_43         0.97        0.57000     0.56000
gp_scenario_44         0.98        0.36000     0.00064
gp_scenario_45         0.97        0.00730     0.00700
gp_scenario_46         0.98        0.38000     0.00054
gp_scenario_47         0.97        0.24000     0.00049
gp_scenario_48         0.96        0.46000     0.00210
gp_scenario_49         0.98        0.36000     0.12000
gp_scenario_50         0.97        0.00071     0.00041
gp_scenario_51         0.98        0.33000     0.49000
gp_scenario_52         0.97        0.28000     0.00038
gp_scenario_53         0.97        0.56000     0.00140
gp_scenario_54         0.98        0.32000     0.51000
gp_scenario_55         0.96        0.01600     0.00062
gp_scenario_56         0.98        0.49000     0.43000
gp_scenario_57         0.96        0.00150     0.00089
gp_scenario_58         0.98        0.25000     0.00041
gp_scenario_59         0.97        0.00330     0.00039
gp_scenario_60         0.98        0.50000     0.49000
gp_scenario_61         0.98        0.49000     0.00190
gp_scenario_62         0.96        0.00057     0.00032
gp_scenario_63         0.97        0.21000     0.00052
gp_scenario_64         0.98        0.50000     0.00150
gp_scenario_65         0.96        0.00540     0.36000
gp_scenario_66         0.98        0.01200     0.00250
gp_scenario_67         0.96        0.42000     0.00037
gp_scenario_68         0.97        0.51000     0.50000
gp_scenario_69         0.97        0.30000     0.00073
gp_scenario_70         0.97        0.02900     0.00062
gp_scenario_71         0.98        0.30000     0.00026
gp_scenario_72         0.98        0.30000     0.00430
gp_scenario_73         0.96        0.33000     0.40000
gp_scenario_74         0.98        0.47000     0.00072
gp_scenario_75         0.97        0.17000     0.00130
gp_scenario_76         0.97        0.04100     0.00330
gp_scenario_77         0.97        0.32000     0.00084
gp_scenario_78         0.98        0.39000     0.00220
gp_scenario_79         0.97        0.09300     0.00067
gp_scenario_80         0.97        0.01100     0.00051
gp_scenario_81         0.97        0.57000     0.00200
gp_scenario_82         0.96        0.00098     0.00045
gp_scenario_83         0.98        0.00270     0.00650
gp_scenario_84         0.96        0.42000     0.00064
gp_scenario_85         0.98        0.06200     0.00160
gp_scenario_86         0.97        0.46000     0.00120
gp_scenario_87         0.96        0.00500     0.00035
gp_scenario_88         0.98        0.47000     0.48000
gp_scenario_89         0.98        0.00490     0.04400
gp_scenario_90         0.98        0.42000     0.00100
gp_scenario_91         0.96        0.03300     0.00035
gp_scenario_92         0.97        0.01900     0.00065
gp_scenario_93         0.97        0.03700     0.33000
gp_scenario_94         0.97        0.61000     0.55000
gp_scenario_95         0.98        0.00093     0.00029
gp_scenario_96         0.98        0.35000     0.00099
gp_scenario_97         0.97        0.41000     0.00130
gp_scenario_98         0.97        0.03600     0.00120
gp_scenario_99         0.98        0.35000     0.00075
gp_scenario_100        0.96        0.02800     0.00065
h2_median              0.97        0.30000     0.00099
h2_iqr                 0.01        0.39000     0.00380
