[1] "using pine_env"
Le chargement a nécessité le package : Matrix

Attachement du package : ‘tidyr’

Les objets suivants sont masqués depuis ‘package:Matrix’:

    expand, pack, unpack

Le chargement a nécessité le package : foreach
Le chargement a nécessité le package : iterators
Le chargement a nécessité le package : parallel
Le chargement a nécessité le package : rngtools
This build of rgl does not include OpenGL functions.  Use
 rglwidget() to display results, e.g. via options(rgl.printRglwidget = TRUE).
Le chargement a nécessité le package : Rcpp
Le chargement a nécessité le package : zigg
Le chargement a nécessité le package : RcppParallel

Attachement du package : ‘RcppParallel’

L'objet suivant est masqué depuis ‘package:Rcpp’:

    LdFlags


Rfast: 2.1.5.1
 ___ __ __ __ __    __ __ __ __ __ _             _               __ __ __ __ __     __ __ __ __ __ __   
|  __ __ __ __  |  |  __ __ __ __ _/            / \             |  __ __ __ __ /   /__ __ _   _ __ __\  
| |           | |  | |                         / _ \            | |                        / /          
| |           | |  | |                        / / \ \           | |                       / /          
| |           | |  | |                       / /   \ \          | |                      / /          
| |__ __ __ __| |  | |__ __ __ __           / /     \ \         | |__ __ __ __ _        / /__/\          
|    __ __ __ __|  |  __ __ __ __|         / /__ _ __\ \        |_ __ __ __ _   |      / ___  /           
|   \              | |                    / _ _ _ _ _ _ \                     | |      \/  / /       
| |\ \             | |                   / /           \ \                    | |         / /          
| | \ \            | |                  / /             \ \                   | |        / /          
| |  \ \           | |                 / /               \ \                  | |       / /          
| |   \ \__ __ _   | |                / /                 \ \     _ __ __ __ _| |      / /          
|_|    \__ __ __\  |_|               /_/                   \_\   /_ __ __ __ ___|      \/             team

Attachement du package : ‘Rfast’

Les objets suivants sont masqués depuis ‘package:robustbase’:

    colMedians, rowMedians

L'objet suivant est masqué depuis ‘package:data.table’:

    transpose

Le chargement a nécessité le package : lattice

Attachement du package : ‘plotly’

L'objet suivant est masqué depuis ‘package:ggplot2’:

    last_plot

L'objet suivant est masqué depuis ‘package:MASS’:

    select

L'objet suivant est masqué depuis ‘package:stats’:

    filter

L'objet suivant est masqué depuis ‘package:graphics’:

    layout


Attachement du package : ‘dplyr’

L'objet suivant est masqué depuis ‘package:Rfast’:

    nth

Les objets suivants sont masqués depuis ‘package:data.table’:

    between, first, last

L'objet suivant est masqué depuis ‘package:MASS’:

    select

Les objets suivants sont masqués depuis ‘package:stats’:

    filter, lag

Les objets suivants sont masqués depuis ‘package:base’:

    intersect, setdiff, setequal, union


Attachement du package : ‘kernlab’

L'objet suivant est masqué depuis ‘package:ggplot2’:

    alpha

Le chargement a nécessité le package : corpcor

Attachement du package : ‘corpcor’

L'objet suivant est masqué depuis ‘package:matrixcalc’:

    is.positive.definite

Loaded glmnet 4.1-8

Loaded mixOmics 6.31.5
Thank you for using mixOmics!
Tutorials: http://mixomics.org
Bookdown vignette: https://mixomicsteam.github.io/Bookdown
Questions, issues: Follow the prompts at http://mixomics.org/contact-us
Cite us:  citation('mixOmics')

[1] "kernel: linear"
[1] "trait: H"
                RF_wiser SVR_wiser GBLUP_wiser RKHS_wiser LASSO_wiser
gp_scenario_1       0.69      0.66        0.62       0.63        0.44
gp_scenario_2       0.71      0.79        0.77       0.78        0.66
gp_scenario_3       0.65      0.72        0.70       0.70        0.50
gp_scenario_4       0.75      0.81        0.80       0.80        0.66
gp_scenario_5       0.66      0.77        0.79       0.79        0.65
gp_scenario_6       0.70      0.78        0.78       0.78        0.66
gp_scenario_7       0.72      0.77        0.76       0.74        0.71
gp_scenario_8       0.73      0.75        0.73       0.74        0.58
gp_scenario_9       0.49      0.55        0.51       0.51        0.40
gp_scenario_10      0.69      0.73        0.72       0.72        0.58
gp_scenario_11      0.70      0.75        0.74       0.74        0.66
gp_scenario_12      0.72      0.71        0.71       0.72        0.60
gp_scenario_13      0.69      0.72        0.69       0.69        0.60
gp_scenario_14      0.75      0.75        0.72       0.72        0.64
gp_scenario_15      0.74      0.82        0.81       0.80        0.63
gp_scenario_16      0.59      0.72        0.73       0.73        0.49
gp_scenario_17      0.62      0.67        0.65       0.66        0.56
gp_scenario_18      0.72      0.78        0.73       0.74        0.59
gp_scenario_19      0.49      0.67        0.64       0.65        0.47
gp_scenario_20      0.69      0.77        0.74       0.75        0.58
gp_scenario_21      0.72      0.78        0.77       0.77        0.70
gp_scenario_22      0.69      0.77        0.73       0.74        0.67
gp_scenario_23      0.64      0.71        0.72       0.72        0.54
gp_scenario_24      0.70      0.78        0.77       0.79        0.65
gp_scenario_25      0.63      0.65        0.60       0.61        0.55
gp_scenario_26      0.70      0.76        0.71       0.72        0.52
gp_scenario_27      0.59      0.78        0.75       0.76        0.63
gp_scenario_28      0.69      0.75        0.75       0.75        0.55
gp_scenario_29      0.66      0.72        0.69       0.69        0.45
gp_scenario_30      0.65      0.73        0.71       0.71        0.62
gp_scenario_31      0.70      0.76        0.74       0.74        0.57
gp_scenario_32      0.62      0.73        0.69       0.70        0.55
gp_scenario_33      0.71      0.75        0.76       0.76        0.58
gp_scenario_34      0.65      0.69        0.65       0.65        0.53
gp_scenario_35      0.72      0.77        0.73       0.76        0.68
gp_scenario_36      0.69      0.76        0.74       0.74        0.58
gp_scenario_37      0.62      0.73        0.72       0.72        0.43
gp_scenario_38      0.52      0.61        0.59       0.59        0.49
gp_scenario_39      0.65      0.71        0.68       0.69        0.57
gp_scenario_40      0.78      0.82        0.79       0.79        0.60
gp_scenario_41      0.65      0.79        0.79       0.75        0.75
gp_scenario_42      0.59      0.66        0.66       0.66        0.53
gp_scenario_43      0.75      0.76        0.74       0.75        0.59
gp_scenario_44      0.49      0.61        0.60       0.60        0.44
gp_scenario_45      0.59      0.70        0.71       0.71        0.58
gp_scenario_46      0.69      0.74        0.71       0.71        0.61
gp_scenario_47      0.67      0.73        0.72       0.72        0.57
gp_scenario_48      0.77      0.81        0.80       0.80        0.65
gp_scenario_49      0.50      0.62        0.59       0.59        0.40
gp_scenario_50      0.66      0.69        0.69       0.69        0.74
gp_scenario_51      0.56      0.67        0.65       0.66        0.42
gp_scenario_52      0.75      0.79        0.75       0.76        0.63
gp_scenario_53      0.74      0.80        0.80       0.79        0.58
gp_scenario_54      0.63      0.68        0.66       0.66        0.44
gp_scenario_55      0.82      0.85        0.83       0.83        0.66
gp_scenario_56      0.51      0.59        0.57       0.57        0.59
gp_scenario_57      0.57      0.70        0.69       0.70        0.26
gp_scenario_58      0.75      0.79        0.76       0.80        0.63
gp_scenario_59      0.75      0.78        0.74       0.79        0.74
gp_scenario_60      0.76      0.74        0.69       0.70        0.64
gp_scenario_61      0.75      0.77        0.72       0.72        0.53
gp_scenario_62      0.77      0.84        0.82       0.82        0.58
gp_scenario_63      0.55      0.65        0.64       0.64        0.32
gp_scenario_64      0.63      0.69        0.67       0.67        0.66
gp_scenario_65      0.79      0.82        0.82       0.82        0.70
gp_scenario_66      0.59      0.68        0.64       0.64        0.61
gp_scenario_67      0.70      0.76        0.76       0.76        0.52
gp_scenario_68      0.66      0.70        0.69       0.69        0.56
gp_scenario_69      0.78      0.81        0.79       0.80        0.69
gp_scenario_70      0.79      0.82        0.79       0.81        0.67
gp_scenario_71      0.73      0.74        0.72       0.73        0.70
gp_scenario_72      0.62      0.72        0.69       0.69        0.39
gp_scenario_73      0.68      0.74        0.74       0.74        0.60
gp_scenario_74      0.62      0.72        0.68       0.69        0.58
gp_scenario_75      0.72      0.79        0.77       0.77        0.69
gp_scenario_76      0.64      0.72        0.68       0.68        0.42
gp_scenario_77      0.72      0.79        0.76       0.79        0.66
gp_scenario_78      0.55      0.64        0.61       0.61        0.47
gp_scenario_79      0.63      0.70        0.68       0.69        0.44
gp_scenario_80      0.78      0.85        0.83       0.83        0.71
gp_scenario_81      0.65      0.73        0.71       0.71        0.58
gp_scenario_82      0.64      0.72        0.73       0.73        0.60
gp_scenario_83      0.60      0.65        0.62       0.62        0.60
gp_scenario_84      0.77      0.84        0.82       0.83        0.62
gp_scenario_85      0.67      0.71        0.71       0.71        0.49
gp_scenario_86      0.69      0.75        0.75       0.75        0.56
gp_scenario_87      0.81      0.87        0.85       0.85        0.63
gp_scenario_88      0.59      0.62        0.59       0.60        0.24
gp_scenario_89      0.53      0.61        0.57       0.58        0.42
gp_scenario_90      0.71      0.72        0.68       0.69        0.67
gp_scenario_91      0.74      0.79        0.79       0.78        0.75
gp_scenario_92      0.55      0.70        0.70       0.70        0.60
gp_scenario_93      0.73      0.83        0.81       0.81        0.56
gp_scenario_94      0.75      0.77        0.73       0.74        0.57
gp_scenario_95      0.63      0.68        0.66       0.66        0.57
gp_scenario_96      0.66      0.73        0.71       0.71        0.57
gp_scenario_97      0.60      0.76        0.73       0.74        0.45
gp_scenario_98      0.64      0.74        0.75       0.75        0.60
gp_scenario_99      0.75      0.76        0.72       0.73        0.69
gp_scenario_100     0.65      0.75        0.74       0.74        0.61
pa_median           0.69      0.74        0.72       0.72        0.58
pa_iqr              0.10      0.08        0.08       0.07        0.12
                RF_ls_means SVR_ls_means GBLUP_ls_means RKHS_ls_means
gp_scenario_1        0.4900        0.450         0.3700        0.2700
gp_scenario_2        0.3300        0.220         0.0610        0.1700
gp_scenario_3        0.4000        0.320         0.2400        0.2300
gp_scenario_4        0.0440        0.032         0.0360       -0.0780
gp_scenario_5        0.2700        0.210         0.1600        0.1700
gp_scenario_6        0.0110        0.160         0.0820        0.0990
gp_scenario_7        0.1400        0.260         0.1500        0.0550
gp_scenario_8        0.3300        0.230         0.2800        0.2000
gp_scenario_9        0.1600        0.140         0.1100        0.0740
gp_scenario_10       0.1400        0.220         0.1500        0.0470
gp_scenario_11       0.3000        0.250         0.1000        0.1600
gp_scenario_12       0.5400        0.430         0.3900        0.3700
gp_scenario_13      -0.0049        0.310         0.2900        0.0270
gp_scenario_14       0.1800        0.210         0.1900        0.1800
gp_scenario_15       0.3700        0.330         0.3000        0.2500
gp_scenario_16       0.0890        0.075         0.1000        0.0140
gp_scenario_17       0.0690        0.190         0.1200        0.0280
gp_scenario_18       0.2800        0.260         0.2000        0.1600
gp_scenario_19       0.4200        0.350         0.2500        0.1400
gp_scenario_20       0.1100        0.160         0.0410        0.0400
gp_scenario_21       0.1600        0.160         0.0990        0.0520
gp_scenario_22       0.3000        0.350         0.3000        0.2500
gp_scenario_23       0.3100        0.150         0.1400       -0.0076
gp_scenario_24       0.5700        0.460         0.3900        0.3000
gp_scenario_25       0.3300        0.390         0.2900        0.2100
gp_scenario_26       0.1800        0.140         0.1100       -0.0640
gp_scenario_27       0.2000        0.120         0.0460        0.1300
gp_scenario_28       0.1600        0.150         0.2000        0.1700
gp_scenario_29       0.4400        0.420         0.3300        0.3300
gp_scenario_30       0.0810        0.110         0.0580       -0.0350
gp_scenario_31       0.2800        0.240         0.1700        0.2100
gp_scenario_32       0.2600        0.150         0.1200        0.0800
gp_scenario_33       0.4200        0.420         0.3900        0.3800
gp_scenario_34       0.3300        0.280         0.1600        0.1200
gp_scenario_35       0.3600        0.280         0.1800        0.0067
gp_scenario_36       0.3900        0.450         0.4200        0.3700
gp_scenario_37       0.0830        0.150         0.0560        0.0240
gp_scenario_38       0.2500        0.140         0.0690       -0.1100
gp_scenario_39       0.2200        0.200         0.1500        0.0440
gp_scenario_40       0.2700        0.240         0.2100        0.0680
gp_scenario_41       0.2300        0.280         0.3200        0.1900
gp_scenario_42       0.3600        0.330         0.2500        0.2000
gp_scenario_43       0.0420       -0.013        -0.1500       -0.1800
gp_scenario_44       0.1600        0.220         0.1900        0.0700
gp_scenario_45       0.5400        0.340         0.3800        0.3300
gp_scenario_46       0.2500        0.270         0.1900        0.1500
gp_scenario_47       0.3300        0.460         0.4300        0.2600
gp_scenario_48       0.2300        0.072         0.1200        0.0430
gp_scenario_49       0.4600        0.280         0.2000        0.0720
gp_scenario_50       0.4200        0.400         0.3800        0.3700
gp_scenario_51       0.2300        0.230         0.1300        0.0660
gp_scenario_52       0.1800        0.220         0.2100        0.1200
gp_scenario_53       0.3600        0.160         0.0450        0.0130
gp_scenario_54       0.3000        0.290         0.2400        0.1500
gp_scenario_55       0.3100        0.390         0.2700        0.2900
gp_scenario_56       0.1100        0.036        -0.0160       -0.1100
gp_scenario_57       0.3200        0.330         0.2700        0.2200
gp_scenario_58       0.3600        0.350         0.2400        0.2100
gp_scenario_59       0.4300        0.310         0.2000        0.1600
gp_scenario_60       0.3100        0.260         0.1800        0.1700
gp_scenario_61       0.1700        0.130         0.0190       -0.0440
gp_scenario_62       0.3200        0.390         0.3500        0.3100
gp_scenario_63       0.2500        0.380         0.3600        0.2000
gp_scenario_64       0.2200        0.130         0.1100        0.0110
gp_scenario_65       0.4200        0.440         0.3400        0.2500
gp_scenario_66       0.1200        0.310         0.2900        0.1700
gp_scenario_67       0.1000        0.031        -0.0350       -0.1100
gp_scenario_68       0.3100        0.130         0.1000       -0.0890
gp_scenario_69       0.3000        0.260         0.1800        0.1200
gp_scenario_70       0.4200        0.360         0.3500        0.1900
gp_scenario_71       0.0710        0.210         0.2000        0.0380
gp_scenario_72       0.3400        0.230         0.0670       -0.0410
gp_scenario_73       0.3300        0.250         0.1700        0.0740
gp_scenario_74       0.2500        0.100         0.0290        0.0450
gp_scenario_75       0.0720        0.180         0.1900        0.0970
gp_scenario_76       0.3300        0.290         0.1700        0.1800
gp_scenario_77       0.2200        0.240         0.1800        0.0310
gp_scenario_78       0.2800        0.250         0.1600        0.0380
gp_scenario_79       0.3000        0.320         0.3000        0.2300
gp_scenario_80       0.4000        0.320         0.2500        0.2400
gp_scenario_81       0.0920        0.074         0.0850       -0.0300
gp_scenario_82       0.4200        0.440         0.3900        0.3500
gp_scenario_83       0.5800        0.480         0.3700        0.2000
gp_scenario_84       0.1300        0.110         0.0660        0.0068
gp_scenario_85       0.2300        0.300         0.2000        0.1800
gp_scenario_86       0.0990        0.220         0.0930        0.1200
gp_scenario_87       0.3900        0.380         0.3500        0.1900
gp_scenario_88       0.1300        0.013         0.0098       -0.0770
gp_scenario_89       0.3000        0.240         0.1500        0.0710
gp_scenario_90       0.2500        0.160         0.0430       -0.0240
gp_scenario_91       0.2400        0.280         0.3100        0.1600
gp_scenario_92       0.3600        0.310         0.2800        0.1600
gp_scenario_93       0.4300        0.310         0.1500        0.2300
gp_scenario_94       0.2300        0.070        -0.0410       -0.0520
gp_scenario_95       0.4200        0.380         0.2800        0.2300
gp_scenario_96       0.4000        0.270         0.1400        0.0910
gp_scenario_97       0.1900        0.120         0.1100        0.1200
gp_scenario_98       0.2500        0.200         0.1700        0.1700
gp_scenario_99       0.3300        0.270         0.2400        0.1100
gp_scenario_100      0.4800        0.320         0.2300        0.2400
pa_median            0.2800        0.250         0.1800        0.1200
pa_iqr               0.1800        0.160         0.1700        0.1600
                LASSO_ls_means RF_blups SVR_blups GBLUP_blups RKHS_blups
gp_scenario_1               NA   0.5900     0.490     4.6e-01     0.3800
gp_scenario_2               NA   0.4600     0.420     2.8e-01     0.3300
gp_scenario_3               NA   0.3800     0.260     2.3e-01     0.1500
gp_scenario_4               NA   0.2400     0.110     1.3e-01     0.0280
gp_scenario_5               NA   0.4700     0.450     4.1e-01     0.4100
gp_scenario_6               NA   0.1000     0.360     3.2e-01     0.2200
gp_scenario_7           -0.049   0.3600     0.450     3.6e-01     0.2500
gp_scenario_8               NA   0.4000     0.370     4.1e-01     0.3200
gp_scenario_9           -0.063   0.2500     0.120     8.5e-02     0.0970
gp_scenario_10          -0.064   0.3400     0.370     3.3e-01     0.2700
gp_scenario_11          -0.078   0.4400     0.350     2.7e-01     0.2700
gp_scenario_12              NA   0.6700     0.570     5.8e-01     0.4800
gp_scenario_13          -0.240   0.2200     0.300     3.1e-01     0.0460
gp_scenario_14              NA   0.4100     0.340     3.3e-01     0.2200
gp_scenario_15              NA   0.4400     0.380     3.6e-01     0.2800
gp_scenario_16              NA   0.1700     0.170     1.9e-01     0.1100
gp_scenario_17              NA   0.3300     0.290     2.3e-01     0.1200
gp_scenario_18              NA   0.3000     0.280     2.3e-01     0.1700
gp_scenario_19              NA   0.5300     0.440     3.8e-01     0.2300
gp_scenario_20          -0.290   0.2100     0.270     1.9e-01     0.1500
gp_scenario_21              NA   0.4400     0.370     3.4e-01     0.2800
gp_scenario_22              NA   0.5600     0.500     4.8e-01     0.4100
gp_scenario_23              NA   0.3100     0.160     1.6e-01    -0.0028
gp_scenario_24              NA   0.5900     0.450     3.9e-01     0.3100
gp_scenario_25           0.170   0.4700     0.470     4.3e-01     0.3400
gp_scenario_26              NA   0.5400     0.450     4.3e-01     0.2200
gp_scenario_27          -0.160   0.2200     0.180     2.0e-01     0.2100
gp_scenario_28              NA   0.3000     0.210     2.7e-01     0.1900
gp_scenario_29              NA   0.5000     0.490     4.3e-01     0.4400
gp_scenario_30              NA   0.3000     0.290     1.9e-01     0.1200
gp_scenario_31              NA   0.3500     0.280     2.3e-01     0.2400
gp_scenario_32              NA   0.3100     0.140     1.1e-01     0.0280
gp_scenario_33              NA   0.5400     0.550     5.2e-01     0.4900
gp_scenario_34              NA   0.4000     0.410     3.4e-01     0.3100
gp_scenario_35          -0.240   0.4700     0.410     3.3e-01     0.1800
gp_scenario_36              NA   0.4800     0.520     5.3e-01     0.3900
gp_scenario_37              NA   0.1700     0.110     8.1e-02     0.0190
gp_scenario_38          -0.014   0.1900     0.230     1.9e-01    -0.0720
gp_scenario_39              NA   0.2400     0.270     2.1e-01     0.1000
gp_scenario_40              NA   0.4700     0.280     2.4e-01     0.1400
gp_scenario_41              NA   0.4300     0.430     4.7e-01     0.3600
gp_scenario_42           0.053   0.5000     0.380     3.6e-01     0.2800
gp_scenario_43              NA   0.2500     0.091     1.7e-05    -0.0870
gp_scenario_44          -0.250   0.3500     0.360     3.8e-01     0.2300
gp_scenario_45          -0.150   0.3100     0.220     2.5e-01     0.2000
gp_scenario_46              NA   0.3600     0.390     3.3e-01     0.2500
gp_scenario_47              NA   0.4100     0.390     4.2e-01     0.2900
gp_scenario_48              NA   0.2700     0.140     2.1e-01     0.1700
gp_scenario_49          -0.053   0.5000     0.400     3.5e-01     0.2000
gp_scenario_50              NA   0.5300     0.530     4.8e-01     0.4100
gp_scenario_51          -0.180   0.2700     0.150     1.9e-01     0.1100
gp_scenario_52          -0.270   0.3200     0.370     3.6e-01     0.2200
gp_scenario_53          -0.120   0.5100     0.340     2.9e-01     0.2400
gp_scenario_54          -0.240   0.3100     0.240     2.1e-01     0.0880
gp_scenario_55              NA   0.3900     0.400     3.6e-01     0.2500
gp_scenario_56              NA   0.2900     0.220     1.8e-01     0.1000
gp_scenario_57              NA   0.4400     0.510     5.0e-01     0.4300
gp_scenario_58              NA   0.4100     0.300     2.3e-01     0.1800
gp_scenario_59              NA   0.3800     0.320     2.5e-01     0.2000
gp_scenario_60          -0.066   0.2900     0.210     1.2e-01     0.0630
gp_scenario_61              NA   0.4000     0.380     2.9e-01     0.2500
gp_scenario_62              NA   0.4800     0.580     5.8e-01     0.5600
gp_scenario_63              NA   0.4200     0.480     4.5e-01     0.2400
gp_scenario_64          -0.077   0.1800     0.180     1.8e-01     0.0910
gp_scenario_65          -0.180   0.5400     0.380     3.3e-01     0.1700
gp_scenario_66              NA   0.2700     0.350     4.1e-01     0.2400
gp_scenario_67              NA   0.2000     0.150     1.4e-01    -0.0370
gp_scenario_68          -0.064   0.3800     0.300     2.5e-01     0.1200
gp_scenario_69              NA   0.3800     0.330     2.8e-01     0.2200
gp_scenario_70              NA   0.4400     0.400     4.0e-01     0.2600
gp_scenario_71              NA   0.4000     0.500     4.8e-01     0.3800
gp_scenario_72          -0.130   0.2900     0.400     2.7e-01     0.2300
gp_scenario_73              NA   0.3800     0.300     2.3e-01     0.1700
gp_scenario_74              NA   0.2200     0.240     2.3e-01     0.0930
gp_scenario_75          -0.100  -0.0046     0.110     1.6e-01     0.0670
gp_scenario_76              NA   0.5600     0.410     3.3e-01     0.3300
gp_scenario_77          -0.088   0.2200     0.200     2.3e-01     0.1000
gp_scenario_78          -0.210   0.4800     0.410     3.2e-01     0.1700
gp_scenario_79              NA   0.3800     0.360     3.6e-01     0.2400
gp_scenario_80              NA   0.4200     0.440     4.1e-01     0.3300
gp_scenario_81              NA   0.0930     0.170     1.8e-01     0.0140
gp_scenario_82              NA   0.3900     0.420     4.4e-01     0.3800
gp_scenario_83              NA   0.6300     0.460     3.8e-01     0.3000
gp_scenario_84              NA   0.3100     0.310     3.3e-01     0.2200
gp_scenario_85              NA   0.2100     0.270     2.2e-01     0.1500
gp_scenario_86          -0.270   0.3100     0.390     3.3e-01     0.3200
gp_scenario_87              NA   0.6000     0.490     4.8e-01     0.3700
gp_scenario_88              NA  -0.0960    -0.080    -8.2e-02    -0.1800
gp_scenario_89           0.068   0.2400     0.270     2.6e-01     0.2000
gp_scenario_90          -0.011   0.2500     0.120     5.2e-02    -0.0270
gp_scenario_91          -0.130   0.4100     0.370     3.8e-01     0.2400
gp_scenario_92              NA   0.3100     0.290     2.7e-01     0.1700
gp_scenario_93              NA   0.5000     0.330     2.4e-01     0.2300
gp_scenario_94              NA   0.2700     0.049    -1.2e-02    -0.1200
gp_scenario_95              NA   0.5000     0.460     4.8e-01     0.4300
gp_scenario_96              NA   0.5900     0.380     3.1e-01     0.2200
gp_scenario_97           0.003   0.3100     0.230     1.7e-01     0.1900
gp_scenario_98              NA   0.2900     0.280     3.1e-01     0.2600
gp_scenario_99              NA   0.2600     0.330     3.7e-01     0.2700
gp_scenario_100             NA   0.5400     0.450     3.5e-01     0.2900
pa_median               -0.100   0.3800     0.350     3.1e-01     0.2200
pa_iqr                   0.140   0.2000     0.170     1.6e-01     0.1700
                LASSO_blups RF_blups_pca SVR_blups_pca GBLUP_blups_pca
gp_scenario_1            NA        0.600       0.48000         0.41000
gp_scenario_2            NA        0.390       0.34000         0.17000
gp_scenario_3        -0.180        0.390       0.27000         0.22000
gp_scenario_4            NA        0.350       0.13000         0.13000
gp_scenario_5         0.130        0.450       0.40000         0.36000
gp_scenario_6        -0.097        0.093       0.38000         0.30000
gp_scenario_7        -0.032        0.400       0.42000         0.29000
gp_scenario_8            NA        0.440       0.32000         0.38000
gp_scenario_9        -0.020        0.180       0.09600         0.03400
gp_scenario_10        0.230        0.320       0.25000         0.19000
gp_scenario_11       -0.120        0.370       0.28000         0.18000
gp_scenario_12        0.081        0.560       0.52000         0.52000
gp_scenario_13        0.004        0.220       0.28000         0.28000
gp_scenario_14        0.210        0.360       0.36000         0.32000
gp_scenario_15           NA        0.450       0.37000         0.33000
gp_scenario_16       -0.170        0.190       0.19000         0.19000
gp_scenario_17        0.053        0.350       0.30000         0.23000
gp_scenario_18       -0.240        0.280       0.28000         0.21000
gp_scenario_19        0.220        0.400       0.37000         0.29000
gp_scenario_20       -0.190        0.140       0.22000         0.13000
gp_scenario_21        0.027        0.310       0.28000         0.23000
gp_scenario_22       -0.037        0.590       0.48000         0.43000
gp_scenario_23       -0.230        0.360       0.26000         0.23000
gp_scenario_24           NA        0.490       0.43000         0.36000
gp_scenario_25        0.091        0.340       0.41000         0.37000
gp_scenario_26           NA        0.530       0.46000         0.40000
gp_scenario_27       -0.071        0.250       0.18000         0.16000
gp_scenario_28           NA        0.230       0.17000         0.22000
gp_scenario_29           NA        0.370       0.34000         0.27000
gp_scenario_30           NA        0.170       0.18000         0.05100
gp_scenario_31        0.038        0.400       0.31000         0.26000
gp_scenario_32       -0.160        0.250       0.19000         0.14000
gp_scenario_33        0.017        0.490       0.50000         0.45000
gp_scenario_34        0.097        0.300       0.31000         0.22000
gp_scenario_35       -0.170        0.440       0.35000         0.25000
gp_scenario_36           NA        0.560       0.56000         0.53000
gp_scenario_37           NA        0.160       0.04900        -0.00004
gp_scenario_38       -0.170        0.170       0.18000         0.12000
gp_scenario_39       -0.024        0.190       0.24000         0.19000
gp_scenario_40           NA        0.280       0.14000         0.09700
gp_scenario_41           NA        0.470       0.48000         0.50000
gp_scenario_42           NA        0.370       0.31000         0.27000
gp_scenario_43           NA        0.260       0.00052        -0.08500
gp_scenario_44       -0.093        0.280       0.34000         0.32000
gp_scenario_45       -0.190        0.400       0.26000         0.26000
gp_scenario_46        0.005        0.420       0.36000         0.28000
gp_scenario_47           NA        0.380       0.39000         0.41000
gp_scenario_48           NA        0.190       0.09700         0.11000
gp_scenario_49        0.039        0.440       0.29000         0.22000
gp_scenario_50        0.091        0.560       0.51000         0.46000
gp_scenario_51        0.029        0.220       0.08200         0.07000
gp_scenario_52       -0.092        0.220       0.41000         0.38000
gp_scenario_53        0.140        0.390       0.26000         0.19000
gp_scenario_54       -0.078        0.200       0.15000         0.13000
gp_scenario_55           NA        0.420       0.44000         0.38000
gp_scenario_56           NA        0.130       0.13000         0.06000
gp_scenario_57           NA        0.460       0.47000         0.43000
gp_scenario_58       -0.270        0.530       0.33000         0.22000
gp_scenario_59        0.051        0.390       0.32000         0.22000
gp_scenario_60           NA        0.150       0.17000         0.06800
gp_scenario_61           NA        0.350       0.28000         0.17000
gp_scenario_62           NA        0.450       0.47000         0.46000
gp_scenario_63           NA        0.440       0.51000         0.48000
gp_scenario_64           NA        0.200       0.19000         0.16000
gp_scenario_65        0.110        0.450       0.35000         0.28000
gp_scenario_66        0.170        0.320       0.37000         0.40000
gp_scenario_67           NA        0.150       0.18000         0.14000
gp_scenario_68        0.055        0.260       0.17000         0.10000
gp_scenario_69        0.087        0.320       0.32000         0.25000
gp_scenario_70       -0.170        0.450       0.32000         0.31000
gp_scenario_71           NA        0.340       0.45000         0.42000
gp_scenario_72       -0.087        0.350       0.27000         0.17000
gp_scenario_73        0.022        0.360       0.29000         0.20000
gp_scenario_74           NA        0.220       0.28000         0.25000
gp_scenario_75       -0.150        0.095       0.16000         0.18000
gp_scenario_76        0.014        0.480       0.32000         0.22000
gp_scenario_77       -0.054        0.230       0.20000         0.18000
gp_scenario_78           NA        0.400       0.32000         0.23000
gp_scenario_79           NA        0.520       0.43000         0.42000
gp_scenario_80       -0.073        0.390       0.41000         0.36000
gp_scenario_81           NA        0.130       0.18000         0.16000
gp_scenario_82       -0.044        0.400       0.41000         0.41000
gp_scenario_83        0.110        0.420       0.29000         0.19000
gp_scenario_84        0.110        0.240       0.26000         0.26000
gp_scenario_85           NA        0.330       0.28000         0.22000
gp_scenario_86        0.150        0.320       0.34000         0.26000
gp_scenario_87           NA        0.550       0.47000         0.42000
gp_scenario_88       -0.150        0.065      -0.00400        -0.03400
gp_scenario_89        0.084        0.230       0.18000         0.17000
gp_scenario_90       -0.320        0.300       0.17000         0.08200
gp_scenario_91       -0.160        0.430       0.38000         0.36000
gp_scenario_92           NA        0.290       0.30000         0.25000
gp_scenario_93           NA        0.390       0.27000         0.17000
gp_scenario_94       -0.110        0.190       0.02600        -0.06200
gp_scenario_95       -0.210        0.430       0.36000         0.35000
gp_scenario_96           NA        0.480       0.28000         0.20000
gp_scenario_97        0.026        0.350       0.25000         0.17000
gp_scenario_98        0.046        0.220       0.25000         0.27000
gp_scenario_99       -0.110        0.230       0.28000         0.30000
gp_scenario_100          NA        0.460       0.46000         0.34000
pa_median            -0.022        0.350       0.30000         0.23000
pa_iqr                0.220        0.200       0.18000         0.18000
                RKHS_blups_pca LASSO_blups_pca
gp_scenario_1           0.3400          0.3600
gp_scenario_2           0.1900          0.2000
gp_scenario_3           0.1600              NA
gp_scenario_4           0.0380          0.1700
gp_scenario_5           0.3500          0.1700
gp_scenario_6           0.2300              NA
gp_scenario_7           0.2200          0.1400
gp_scenario_8           0.3100          0.2600
gp_scenario_9           0.0740          0.0750
gp_scenario_10          0.0400          0.0940
gp_scenario_11          0.1400         -0.0330
gp_scenario_12          0.4400          0.1800
gp_scenario_13          0.0490          0.0850
gp_scenario_14          0.2500          0.0780
gp_scenario_15          0.2600              NA
gp_scenario_16          0.1200          0.0980
gp_scenario_17          0.1300          0.2700
gp_scenario_18          0.1700         -0.0500
gp_scenario_19          0.1300          0.2400
gp_scenario_20          0.0800         -0.2800
gp_scenario_21          0.1600         -0.0390
gp_scenario_22          0.3700          0.0770
gp_scenario_23          0.1100              NA
gp_scenario_24          0.2800          0.2300
gp_scenario_25          0.2600          0.1600
gp_scenario_26          0.2900          0.2900
gp_scenario_27          0.1500         -0.0450
gp_scenario_28          0.0920          0.0310
gp_scenario_29          0.1900          0.2200
gp_scenario_30         -0.0240              NA
gp_scenario_31          0.3100              NA
gp_scenario_32          0.0980         -0.0790
gp_scenario_33          0.4100          0.1800
gp_scenario_34          0.1400              NA
gp_scenario_35          0.0130         -0.1800
gp_scenario_36          0.4700              NA
gp_scenario_37         -0.0710          0.3100
gp_scenario_38         -0.1400          0.1600
gp_scenario_39          0.0610          0.1300
gp_scenario_40         -0.0580          0.1900
gp_scenario_41          0.4500              NA
gp_scenario_42          0.1400          0.2200
gp_scenario_43         -0.1800          0.0740
gp_scenario_44          0.1500          0.0110
gp_scenario_45          0.2200          0.2700
gp_scenario_46          0.1900              NA
gp_scenario_47          0.3100          0.0930
gp_scenario_48          0.0310          0.1200
gp_scenario_49          0.0370          0.1100
gp_scenario_50          0.3900          0.2600
gp_scenario_51         -0.0460          0.2000
gp_scenario_52          0.2700         -0.1700
gp_scenario_53          0.1100          0.1500
gp_scenario_54         -0.0290         -0.1200
gp_scenario_55          0.3100              NA
gp_scenario_56         -0.0790          0.0240
gp_scenario_57          0.3500          0.2300
gp_scenario_58          0.2200              NA
gp_scenario_59          0.1600          0.2000
gp_scenario_60          0.0081         -0.1500
gp_scenario_61          0.0660          0.2300
gp_scenario_62          0.3700              NA
gp_scenario_63          0.2900              NA
gp_scenario_64          0.0890          0.1300
gp_scenario_65          0.0920          0.0920
gp_scenario_66          0.2800              NA
gp_scenario_67         -0.0230              NA
gp_scenario_68         -0.0450         -0.0420
gp_scenario_69          0.1900          0.2200
gp_scenario_70          0.1400              NA
gp_scenario_71          0.3400          0.2100
gp_scenario_72          0.0520         -0.0410
gp_scenario_73          0.1400          0.0550
gp_scenario_74          0.1700              NA
gp_scenario_75          0.0950         -0.0720
gp_scenario_76          0.1500          0.2100
gp_scenario_77          0.0600         -0.1100
gp_scenario_78         -0.0190          0.0360
gp_scenario_79          0.3700          0.1100
gp_scenario_80          0.3200          0.2100
gp_scenario_81         -0.0068          0.2700
gp_scenario_82          0.3800              NA
gp_scenario_83         -0.0330          0.0021
gp_scenario_84          0.1200          0.0700
gp_scenario_85          0.1500              NA
gp_scenario_86          0.2300         -0.0520
gp_scenario_87          0.3200          0.1200
gp_scenario_88         -0.1500         -0.0370
gp_scenario_89          0.0700          0.0550
gp_scenario_90          0.0190         -0.0930
gp_scenario_91          0.2200         -0.0540
gp_scenario_92          0.1700              NA
gp_scenario_93          0.1300          0.1400
gp_scenario_94         -0.1700          0.0310
gp_scenario_95          0.2300          0.1400
gp_scenario_96          0.0460          0.1900
gp_scenario_97          0.2100          0.1400
gp_scenario_98          0.1900          0.0067
gp_scenario_99          0.2200         -0.1100
gp_scenario_100         0.3200              NA
pa_median               0.1500          0.1100
pa_iqr                  0.2000          0.2000
                GBLUP_wiser GBLUP_ls_means GBLUP_blups GBLUP_blups_pca
gp_scenario_1          0.98        0.00079     0.37000         0.00069
gp_scenario_2          0.97        0.29000     0.47000         0.43000
gp_scenario_3          0.97        0.03700     0.68000         0.54000
gp_scenario_4          0.97        0.47000     0.71000         0.62000
gp_scenario_5          0.97        0.39000     0.48000         0.00530
gp_scenario_6          0.97        0.32000     0.51000         0.02600
gp_scenario_7          0.97        0.33000     0.38000         0.00120
gp_scenario_8          0.97        0.30000     0.59000         0.46000
gp_scenario_9          0.98        0.46000     0.83000         0.76000
gp_scenario_10         0.98        0.11000     0.50000         0.49000
gp_scenario_11         0.97        0.44000     0.61000         0.53000
gp_scenario_12         0.98        0.00280     0.44000         0.00200
gp_scenario_13         0.97        0.31000     0.55000         0.48000
gp_scenario_14         0.97        0.29000     0.53000         0.31000
gp_scenario_15         0.96        0.00210     0.57000         0.01000
gp_scenario_16         0.97        0.50000     0.67000         0.57000
gp_scenario_17         0.98        0.23000     0.49000         0.00410
gp_scenario_18         0.97        0.04100     0.70000         0.57000
gp_scenario_19         0.98        0.01800     0.46000         0.39000
gp_scenario_20         0.97        0.39000     0.62000         0.54000
gp_scenario_21         0.96        0.46000     0.49000         0.43000
gp_scenario_22         0.97        0.00230     0.41000         0.00085
gp_scenario_23         0.97        0.38000     0.64000         0.49000
gp_scenario_24         0.98        0.00072     0.43000         0.00220
gp_scenario_25         0.98        0.37000     0.66000         0.59000
gp_scenario_26         0.98        0.36000     0.42000         0.00076
gp_scenario_27         0.97        0.35000     0.63000         0.49000
gp_scenario_28         0.96        0.20000     0.56000         0.44000
gp_scenario_29         0.98        0.00047     0.01700         0.53000
gp_scenario_30         0.98        0.60000     0.73000         0.66000
gp_scenario_31         0.96        0.35000     0.59000         0.39000
gp_scenario_32         0.97        0.51000     0.76000         0.64000
gp_scenario_33         0.97        0.00110     0.40000         0.00160
gp_scenario_34         0.98        0.00760     0.48000         0.42000
gp_scenario_35         0.98        0.30000     0.48000         0.37000
gp_scenario_36         0.97        0.00063     0.34000         0.00047
gp_scenario_37         0.97        0.33000     0.61000         0.53000
gp_scenario_38         0.98        0.57000     0.67000         0.63000
gp_scenario_39         0.98        0.42000     0.63000         0.50000
gp_scenario_40         0.97        0.36000     0.63000         0.57000
gp_scenario_41         0.96        0.00290     0.33000         0.00038
gp_scenario_42         0.98        0.00910     0.47000         0.38000
gp_scenario_43         0.97        0.57000     0.77000         0.74000
gp_scenario_44         0.98        0.36000     0.48000         0.35000
gp_scenario_45         0.97        0.00730     0.67000         0.54000
gp_scenario_46         0.98        0.38000     0.56000         0.40000
gp_scenario_47         0.97        0.24000     0.53000         0.28000
gp_scenario_48         0.96        0.46000     0.67000         0.59000
gp_scenario_49         0.98        0.36000     0.58000         0.56000
gp_scenario_50         0.97        0.00071     0.33000         0.00060
gp_scenario_51         0.98        0.33000     0.68000         0.65000
gp_scenario_52         0.97        0.28000     0.50000         0.00440
gp_scenario_53         0.97        0.56000     0.61000         0.52000
gp_scenario_54         0.98        0.32000     0.69000         0.65000
gp_scenario_55         0.96        0.01600     0.49000         0.00200
gp_scenario_56         0.98        0.49000     0.64000         0.58000
gp_scenario_57         0.96        0.00150     0.27000         0.00067
gp_scenario_58         0.98        0.25000     0.62000         0.45000
gp_scenario_59         0.97        0.00330     0.56000         0.41000
gp_scenario_60         0.98        0.50000     0.72000         0.66000
gp_scenario_61         0.98        0.49000     0.56000         0.50000
gp_scenario_62         0.96        0.00057     0.00091         0.00067
gp_scenario_63         0.97        0.21000     0.47000         0.00740
gp_scenario_64         0.98        0.50000     0.72000         0.59000
gp_scenario_65         0.96        0.00540     0.64000         0.55000
gp_scenario_66         0.98        0.01200     0.54000         0.00250
gp_scenario_67         0.96        0.42000     0.56000         0.42000
gp_scenario_68         0.97        0.51000     0.67000         0.66000
gp_scenario_69         0.97        0.30000     0.52000         0.34000
gp_scenario_70         0.97        0.02900     0.51000         0.41000
gp_scenario_71         0.98        0.30000     0.32000         0.00110
gp_scenario_72         0.98        0.30000     0.48000         0.46000
gp_scenario_73         0.96        0.33000     0.64000         0.50000
gp_scenario_74         0.98        0.47000     0.63000         0.49000
gp_scenario_75         0.97        0.17000     0.60000         0.43000
gp_scenario_76         0.97        0.04100     0.58000         0.56000
gp_scenario_77         0.97        0.32000     0.59000         0.44000
gp_scenario_78         0.98        0.39000     0.53000         0.46000
gp_scenario_79         0.97        0.09300     0.51000         0.00120
gp_scenario_80         0.97        0.01100     0.58000         0.03000
gp_scenario_81         0.97        0.57000     0.71000         0.57000
gp_scenario_82         0.96        0.00098     0.41000         0.00057
gp_scenario_83         0.98        0.00270     0.49000         0.53000
gp_scenario_84         0.96        0.42000     0.53000         0.43000
gp_scenario_85         0.98        0.06200     0.58000         0.43000
gp_scenario_86         0.97        0.46000     0.52000         0.45000
gp_scenario_87         0.96        0.00500     0.37000         0.00100
gp_scenario_88         0.98        0.47000     0.77000         0.67000
gp_scenario_89         0.98        0.00490     0.56000         0.53000
gp_scenario_90         0.98        0.42000     0.66000         0.50000
gp_scenario_91         0.96        0.03300     0.53000         0.02600
gp_scenario_92         0.97        0.01900     0.65000         0.47000
gp_scenario_93         0.97        0.03700     0.53000         0.42000
gp_scenario_94         0.97        0.61000     0.75000         0.69000
gp_scenario_95         0.98        0.00093     0.00220         0.00180
gp_scenario_96         0.98        0.35000     0.52000         0.49000
gp_scenario_97         0.97        0.41000     0.64000         0.53000
gp_scenario_98         0.97        0.03600     0.56000         0.02100
gp_scenario_99         0.98        0.35000     0.49000         0.08200
gp_scenario_100        0.96        0.02800     0.61000         0.42000
h2_median              0.97        0.30000     0.56000         0.44000
h2_iqr                 0.01        0.39000     0.16000         0.52000
