[1] "using pine_env"
Le chargement a nécessité le package : Matrix

Attachement du package : ‘tidyr’

Les objets suivants sont masqués depuis ‘package:Matrix’:

    expand, pack, unpack

Le chargement a nécessité le package : foreach
Le chargement a nécessité le package : iterators
Le chargement a nécessité le package : parallel
Le chargement a nécessité le package : rngtools
This build of rgl does not include OpenGL functions.  Use
 rglwidget() to display results, e.g. via options(rgl.printRglwidget = TRUE).
Le chargement a nécessité le package : Rcpp
Le chargement a nécessité le package : RcppZiggurat
Le chargement a nécessité le package : RcppParallel

Attachement du package : ‘RcppParallel’

L'objet suivant est masqué depuis ‘package:Rcpp’:

    LdFlags


Rfast: 2.1.0
 ___ __ __ __ __    __ __ __ __ __ _             _               __ __ __ __ __     __ __ __ __ __ __   
|  __ __ __ __  |  |  __ __ __ __ _/            / \             |  __ __ __ __ /   /__ __ _   _ __ __\  
| |           | |  | |                         / _ \            | |                        / /          
| |           | |  | |                        / / \ \           | |                       / /          
| |           | |  | |                       / /   \ \          | |                      / /          
| |__ __ __ __| |  | |__ __ __ __           / /     \ \         | |__ __ __ __ _        / /__/\          
|    __ __ __ __|  |  __ __ __ __|         / /__ _ __\ \        |_ __ __ __ _   |      / ___  /           
|   \              | |                    / _ _ _ _ _ _ \                     | |      \/  / /       
| |\ \             | |                   / /           \ \                    | |         / /          
| | \ \            | |                  / /             \ \                   | |        / /          
| |  \ \           | |                 / /               \ \                  | |       / /          
| |   \ \__ __ _   | |                / /                 \ \     _ __ __ __ _| |      / /          
|_|    \__ __ __\  |_|               /_/                   \_\   /_ __ __ __ ___|      \/             team

Attachement du package : ‘Rfast’

Les objets suivants sont masqués depuis ‘package:robustbase’:

    colMedians, rowMedians

L'objet suivant est masqué depuis ‘package:data.table’:

    transpose

Le chargement a nécessité le package : lattice

Attachement du package : ‘plotly’

L'objet suivant est masqué depuis ‘package:ggplot2’:

    last_plot

L'objet suivant est masqué depuis ‘package:MASS’:

    select

L'objet suivant est masqué depuis ‘package:stats’:

    filter

L'objet suivant est masqué depuis ‘package:graphics’:

    layout


Attachement du package : ‘dplyr’

L'objet suivant est masqué depuis ‘package:Rfast’:

    nth

Les objets suivants sont masqués depuis ‘package:data.table’:

    between, first, last

L'objet suivant est masqué depuis ‘package:MASS’:

    select

Les objets suivants sont masqués depuis ‘package:stats’:

    filter, lag

Les objets suivants sont masqués depuis ‘package:base’:

    intersect, setdiff, setequal, union


Attachement du package : ‘kernlab’

L'objet suivant est masqué depuis ‘package:ggplot2’:

    alpha

Le chargement a nécessité le package : corpcor

Attachement du package : ‘corpcor’

L'objet suivant est masqué depuis ‘package:matrixcalc’:

    is.positive.definite

Loaded glmnet 4.1-8

Loaded mixOmics 6.25.1
Thank you for using mixOmics!
Tutorials: http://mixomics.org
Bookdown vignette: https://mixomicsteam.github.io/Bookdown
Questions, issues: Follow the prompts at http://mixomics.org/contact-us
Cite us:  citation('mixOmics')

[1] "kernel: linear"
[1] "trait: T5"
                RF_wiser SVR_wiser GBLUP_wiser RKHS_wiser LASSO_wiser
gp_scenario_1    0.03100    0.0770      0.0540     0.0390       0.280
gp_scenario_2    0.45000    0.5200      0.5400     0.5100       0.480
gp_scenario_3    0.38000    0.3500      0.2200     0.2800       0.330
gp_scenario_4    0.05700   -0.0078     -0.0220    -0.0038       0.440
gp_scenario_5    0.27000    0.3000      0.2000     0.2500       0.270
gp_scenario_6    0.22000    0.1200      0.2000     0.2700       0.420
gp_scenario_7    0.32000    0.4500      0.3700     0.4300       0.420
gp_scenario_8    0.24000    0.2300      0.2300     0.2100       0.260
gp_scenario_9    0.22000    0.4800      0.5100     0.4700       0.340
gp_scenario_10  -0.00400   -0.0210     -0.0028    -0.0270       0.320
gp_scenario_11   0.12000    0.1300      0.0100     0.0390       0.250
gp_scenario_12   0.57000    0.5100      0.4200     0.4700       0.450
gp_scenario_13   0.06900   -0.0130     -0.0260     0.0550       0.310
gp_scenario_14  -0.02300    0.1900      0.2200     0.1500       0.320
gp_scenario_15   0.12000    0.1600      0.1200     0.1300       0.330
gp_scenario_16   0.28000    0.4600      0.4200     0.5100       0.250
gp_scenario_17   0.25000    0.1900      0.1600     0.1800       0.420
gp_scenario_18   0.43000    0.5200      0.3600     0.4300       0.600
gp_scenario_19  -0.03600    0.0270      0.0430     0.0370       0.140
gp_scenario_20   0.17000    0.2000      0.2100     0.3100       0.340
gp_scenario_21   0.49000    0.4200      0.3000     0.3600       0.440
gp_scenario_22   0.35000    0.3700      0.2100     0.2700       0.500
gp_scenario_23   0.30000    0.3100      0.3200     0.3100       0.440
gp_scenario_24   0.27000    0.2800      0.2800     0.2800       0.300
gp_scenario_25   0.13000    0.2100      0.1500     0.1700       0.170
gp_scenario_26   0.34000    0.3900      0.3700     0.4500       0.380
gp_scenario_27   0.35000    0.3300      0.2400     0.2800       0.440
gp_scenario_28   0.03100    0.2300      0.2100     0.1800       0.044
gp_scenario_29   0.40000    0.3800      0.3600     0.3500       0.380
gp_scenario_30   0.04200    0.0400      0.0380     0.0380       0.310
gp_scenario_31   0.49000    0.4700      0.5000     0.4200       0.440
gp_scenario_32   0.14000    0.1800      0.1900     0.1700       0.210
gp_scenario_33   0.28000    0.4200      0.3100     0.3100       0.360
gp_scenario_34  -0.11000   -0.0210      0.0300     0.0440       0.310
gp_scenario_35   0.44000    0.4400      0.3300     0.3500       0.360
gp_scenario_36   0.16000    0.2100      0.2100     0.2500       0.210
gp_scenario_37   0.34000    0.4400      0.3800     0.4500       0.580
gp_scenario_38   0.34000    0.4000      0.4000     0.3700       0.260
gp_scenario_39   0.00450    0.0430      0.0650     0.0190       0.130
gp_scenario_40   0.00480    0.1800      0.1500     0.1400       0.180
gp_scenario_41  -0.02100    0.0014     -0.0290    -0.0070       0.220
gp_scenario_42   0.09700    0.2500      0.1200     0.1300       0.280
gp_scenario_43  -0.00580   -0.0490     -0.0250    -0.0530       0.058
gp_scenario_44   0.54000    0.4900      0.5000     0.5100       0.480
gp_scenario_45   0.23000    0.4400      0.4600     0.4300       0.260
gp_scenario_46   0.20000    0.1600      0.1600     0.2600       0.240
gp_scenario_47   0.34000    0.6400      0.6000     0.5400       0.270
gp_scenario_48   0.41000    0.3800      0.2800     0.3400       0.330
gp_scenario_49  -0.02400    0.0180      0.0300    -0.0040       0.220
gp_scenario_50   0.12000    0.1600      0.1100     0.1200       0.470
gp_scenario_51   0.12000    0.4000      0.3900     0.4300       0.450
gp_scenario_52   0.27000    0.3500      0.3200     0.3300       0.170
gp_scenario_53   0.09800    0.2200      0.1400     0.1400       0.190
gp_scenario_54   0.42000    0.5000      0.5000     0.5000       0.320
gp_scenario_55   0.48000    0.5600      0.5500     0.5900       0.490
gp_scenario_56   0.35000    0.3800      0.2700     0.3700       0.500
gp_scenario_57   0.20000    0.3400      0.3000     0.3000       0.240
gp_scenario_58   0.60000    0.6000      0.6000     0.5600       0.570
gp_scenario_59   0.26000    0.2800      0.1500     0.2400       0.360
gp_scenario_60  -0.25000   -0.2300     -0.2000    -0.2100       0.051
gp_scenario_61   0.17000    0.2300      0.2400     0.2700       0.410
gp_scenario_62   0.57000    0.4900      0.5700     0.6500       0.470
gp_scenario_63   0.01500    0.1400      0.0690     0.0430       0.300
gp_scenario_64   0.02300    0.0800      0.0940     0.0630       0.062
gp_scenario_65   0.26000    0.2700      0.2600     0.2600       0.510
gp_scenario_66   0.48000    0.4700      0.4400     0.5100       0.540
gp_scenario_67   0.00068    0.0850      0.1100     0.0670       0.300
gp_scenario_68   0.14000    0.1900      0.1900     0.2300       0.240
gp_scenario_69   0.27000    0.3500      0.3400     0.3400       0.370
gp_scenario_70   0.38000    0.4100      0.3900     0.3900       0.520
gp_scenario_71   0.05600    0.1400      0.1700     0.1200       0.110
gp_scenario_72   0.12000    0.1800      0.1800     0.1800       0.340
gp_scenario_73   0.26000    0.5600      0.4900     0.5600       0.340
gp_scenario_74   0.34000    0.2800      0.2700     0.3800       0.480
gp_scenario_75  -0.05100    0.1500      0.0064     0.0390       0.054
gp_scenario_76   0.40000    0.4900      0.4200     0.5800       0.470
gp_scenario_77   0.27000    0.4600      0.5100     0.3700       0.320
gp_scenario_78   0.64000    0.6000      0.5100     0.5100       0.550
gp_scenario_79  -0.07800   -0.0510     -0.0430    -0.0430       0.210
gp_scenario_80   0.16000    0.1200      0.0680     0.1200       0.470
gp_scenario_81   0.33000    0.3400      0.3700     0.5100       0.370
gp_scenario_82   0.37000    0.3100      0.2900     0.2900       0.330
gp_scenario_83   0.06900    0.2100      0.1300     0.1300       0.280
gp_scenario_84   0.15000    0.2300      0.2100     0.1900       0.180
gp_scenario_85   0.06400    0.1000      0.1100     0.1000       0.240
gp_scenario_86   0.38000    0.4200      0.4000     0.3900       0.180
gp_scenario_87   0.17000    0.3100      0.3000     0.2500       0.410
gp_scenario_88   0.50000    0.5100      0.4400     0.5100       0.320
gp_scenario_89  -0.06900    0.0840      0.1600     0.0860       0.370
gp_scenario_90   0.24000    0.2700      0.1700     0.1900       0.440
gp_scenario_91  -0.06200   -0.0350      0.0088    -0.0120       0.210
gp_scenario_92   0.47000    0.5100      0.4500     0.4700       0.470
gp_scenario_93   0.35000    0.3800      0.3200     0.3600       0.530
gp_scenario_94   0.32000    0.5400      0.5200     0.5100       0.230
gp_scenario_95   0.43000    0.5400      0.4400     0.5700       0.420
gp_scenario_96  -0.06000    0.0047      0.0560     0.0430       0.130
gp_scenario_97   0.26000    0.4200      0.3600     0.3300       0.270
gp_scenario_98   0.19000    0.2400      0.3600     0.4200       0.150
gp_scenario_99   0.23000    0.1500      0.1100     0.2100       0.500
gp_scenario_100  0.48000    0.5600      0.4900     0.5200       0.290
pa_median        0.24000    0.2800      0.2400     0.2800       0.320
pa_iqr           0.28000    0.2900      0.2700     0.3000       0.200
                RF_ls_means SVR_ls_means GBLUP_ls_means RKHS_ls_means
gp_scenario_1        0.0420      0.07300          0.060        0.0470
gp_scenario_2        0.4200      0.48000          0.460        0.4000
gp_scenario_3        0.1300      0.16000          0.054        0.1300
gp_scenario_4       -0.1100     -0.02800         -0.078       -0.0450
gp_scenario_5        0.0220      0.03400          0.028        0.0590
gp_scenario_6        0.0720      0.04700          0.089        0.0870
gp_scenario_7        0.2700      0.30000          0.170        0.2500
gp_scenario_8        0.1400      0.21000          0.160        0.1500
gp_scenario_9        0.2500      0.47000          0.460        0.4100
gp_scenario_10      -0.0580     -0.03600         -0.061       -0.0660
gp_scenario_11      -0.1300     -0.16000         -0.170       -0.1500
gp_scenario_12       0.2700      0.34000          0.300        0.3000
gp_scenario_13       0.3000      0.23000          0.160        0.3100
gp_scenario_14       0.0290      0.15000          0.140        0.0440
gp_scenario_15       0.0780      0.11000          0.070        0.0880
gp_scenario_16       0.3800      0.47000          0.360        0.4600
gp_scenario_17       0.2600      0.17000          0.160        0.1300
gp_scenario_18       0.3400      0.37000          0.270        0.3600
gp_scenario_19      -0.0200      0.00029         -0.012       -0.0150
gp_scenario_20       0.1200      0.04100         -0.023        0.0840
gp_scenario_21       0.4200      0.50000          0.380        0.4800
gp_scenario_22       0.2200      0.07500          0.007        0.0950
gp_scenario_23       0.1700      0.21000          0.200        0.1700
gp_scenario_24       0.2000      0.20000          0.190        0.1600
gp_scenario_25       0.0450      0.12000          0.083        0.0850
gp_scenario_26       0.2700      0.30000          0.310        0.3700
gp_scenario_27       0.1400      0.08900          0.060        0.0890
gp_scenario_28       0.0280      0.13000          0.110        0.0470
gp_scenario_29       0.2900      0.39000          0.340        0.3200
gp_scenario_30       0.0560      0.08200          0.070        0.0790
gp_scenario_31       0.3100      0.36000          0.310        0.3100
gp_scenario_32       0.1500      0.18000          0.200        0.1700
gp_scenario_33       0.1700      0.14000          0.130        0.1300
gp_scenario_34       0.0430     -0.01000         -0.018       -0.0280
gp_scenario_35       0.2100      0.12000          0.069        0.0680
gp_scenario_36       0.1100      0.16000          0.190        0.1200
gp_scenario_37       0.2100      0.46000          0.380        0.4300
gp_scenario_38       0.1200      0.11000          0.120        0.0670
gp_scenario_39      -0.0410     -0.08600         -0.100       -0.1400
gp_scenario_40      -0.0950     -0.01500          0.012        0.0043
gp_scenario_41      -0.1400     -0.20000         -0.190       -0.1800
gp_scenario_42       0.0380     -0.05200         -0.090       -0.0680
gp_scenario_43      -0.0520     -0.04300         -0.024       -0.0570
gp_scenario_44       0.3700      0.40000          0.410        0.4000
gp_scenario_45       0.2100      0.34000          0.330        0.3100
gp_scenario_46       0.2500      0.17000          0.110        0.2600
gp_scenario_47       0.0880      0.39000          0.330        0.2900
gp_scenario_48       0.2900      0.23000          0.110        0.2000
gp_scenario_49       0.0750      0.11000          0.140        0.0830
gp_scenario_50       0.1800      0.12000          0.055        0.0600
gp_scenario_51       0.2800      0.29000          0.210        0.2700
gp_scenario_52       0.2300      0.30000          0.260        0.2600
gp_scenario_53      -0.0310      0.02500         -0.024       -0.0780
gp_scenario_54       0.2500      0.36000          0.360        0.3200
gp_scenario_55       0.2700      0.49000          0.480        0.5200
gp_scenario_56       0.0400      0.20000          0.085        0.2200
gp_scenario_57       0.3800      0.45000          0.380        0.3400
gp_scenario_58       0.2400      0.24000          0.190        0.2400
gp_scenario_59       0.1700     -0.04700         -0.091       -0.0300
gp_scenario_60      -0.2400     -0.12000         -0.110       -0.1400
gp_scenario_61       0.0500      0.06100          0.072        0.0920
gp_scenario_62       0.4800      0.49000          0.460        0.5000
gp_scenario_63       0.0480     -0.00280         -0.009       -0.0400
gp_scenario_64      -0.0093      0.09100          0.110        0.0680
gp_scenario_65       0.1300      0.17000          0.160        0.1600
gp_scenario_66       0.1700      0.35000          0.240        0.3300
gp_scenario_67      -0.0260      0.02800          0.031        0.0058
gp_scenario_68       0.3500      0.37000          0.380        0.4100
gp_scenario_69      -0.0150      0.06600          0.040        0.0260
gp_scenario_70       0.4600      0.46000          0.430        0.3800
gp_scenario_71       0.0078      0.06200          0.066       -0.0056
gp_scenario_72       0.1500      0.14000          0.100        0.1400
gp_scenario_73       0.5300      0.54000          0.460        0.4600
gp_scenario_74       0.2800      0.25000          0.250        0.4000
gp_scenario_75      -0.0210     -0.15000         -0.200       -0.1700
gp_scenario_76       0.4200      0.32000          0.380        0.4600
gp_scenario_77       0.2400      0.35000          0.430        0.2300
gp_scenario_78       0.2800      0.28000          0.260        0.2200
gp_scenario_79      -0.1200     -0.11000         -0.120       -0.1200
gp_scenario_80       0.3000      0.09200          0.047        0.1000
gp_scenario_81       0.3400      0.39000          0.430        0.5000
gp_scenario_82       0.2600      0.24000          0.170        0.2700
gp_scenario_83      -0.0280     -0.08700         -0.055       -0.0530
gp_scenario_84       0.0630      0.15000          0.130        0.1200
gp_scenario_85      -0.1600     -0.03000         -0.022       -0.0480
gp_scenario_86       0.3300      0.23000          0.250        0.1900
gp_scenario_87       0.0940      0.13000          0.120        0.1000
gp_scenario_88       0.1300      0.15000          0.087        0.1400
gp_scenario_89      -0.1200      0.00860          0.060       -0.0630
gp_scenario_90       0.2200      0.17000          0.140        0.2100
gp_scenario_91      -0.0280      0.04100          0.062        0.0330
gp_scenario_92       0.2100      0.23000          0.200        0.2000
gp_scenario_93       0.2100      0.27000          0.220        0.2500
gp_scenario_94       0.3700      0.42000          0.400        0.3500
gp_scenario_95       0.3300      0.29000          0.240        0.3600
gp_scenario_96      -0.0340      0.02900          0.051        0.0190
gp_scenario_97       0.2000      0.20000          0.220        0.2000
gp_scenario_98       0.2000      0.27000          0.270        0.3200
gp_scenario_99       0.1800      0.09200          0.071        0.1900
gp_scenario_100      0.3600      0.39000          0.320        0.3000
pa_median            0.1700      0.16000          0.140        0.1500
pa_iqr               0.2300      0.25000          0.220        0.2600
                LASSO_ls_means RF_blups SVR_blups GBLUP_blups RKHS_blups
gp_scenario_1               NA -0.04500  -0.12000     -0.1200    -0.1400
gp_scenario_2           0.2000  0.36000   0.56000      0.5800     0.5600
gp_scenario_3          -0.0670  0.29000   0.27000      0.1600     0.1900
gp_scenario_4           0.1900 -0.10000  -0.10000     -0.1400    -0.1600
gp_scenario_5               NA -0.00340   0.14000      0.0690     0.1000
gp_scenario_6           0.1700  0.00640  -0.01500     -0.0220    -0.0400
gp_scenario_7               NA  0.22000   0.28000      0.2100     0.2200
gp_scenario_8           0.0830  0.29000   0.28000      0.2900     0.2500
gp_scenario_9           0.2500  0.33000   0.44000      0.4400     0.3900
gp_scenario_10              NA -0.07100  -0.09100     -0.0460    -0.0920
gp_scenario_11          0.0210  0.00066   0.04900     -0.0250    -0.0052
gp_scenario_12              NA  0.27000   0.38000      0.3500     0.3400
gp_scenario_13         -0.0480 -0.07700  -0.02300     -0.0850    -0.0640
gp_scenario_14          0.2400  0.11000   0.25000      0.2600     0.1700
gp_scenario_15          0.2600  0.08100   0.03800      0.0230     0.0210
gp_scenario_16          0.2000  0.28000   0.50000      0.4800     0.5000
gp_scenario_17              NA  0.31000   0.22000      0.2300     0.2000
gp_scenario_18              NA  0.44000   0.44000      0.3500     0.3600
gp_scenario_19          0.2000 -0.03600   0.03400      0.0620     0.0430
gp_scenario_20          0.1600 -0.04600   0.01500     -0.0600    -0.0520
gp_scenario_21              NA  0.46000   0.44000      0.3200     0.4000
gp_scenario_22              NA  0.26000   0.22000      0.1200     0.1700
gp_scenario_23          0.2400  0.24000   0.23000      0.2600     0.2300
gp_scenario_24              NA  0.15000   0.26000      0.3200     0.2100
gp_scenario_25              NA  0.04900   0.19000      0.1400     0.1200
gp_scenario_26              NA  0.21000   0.27000      0.2400     0.2200
gp_scenario_27              NA  0.26000   0.32000      0.2300     0.2700
gp_scenario_28         -0.0063  0.04600   0.17000      0.2100     0.1100
gp_scenario_29         -0.0420  0.25000   0.38000      0.3800     0.3300
gp_scenario_30              NA -0.08400  -0.14000     -0.1300    -0.1400
gp_scenario_31              NA  0.46000   0.44000      0.4300     0.3800
gp_scenario_32              NA  0.00920   0.07000      0.1100     0.0790
gp_scenario_33          0.1100  0.21000   0.36000      0.3000     0.2800
gp_scenario_34          0.1300 -0.03100   0.01600     -0.0110    -0.0350
gp_scenario_35          0.0170  0.22000   0.20000      0.1300     0.1000
gp_scenario_36          0.4000 -0.03000   0.17000      0.1600     0.0470
gp_scenario_37         -0.0310  0.26000   0.43000      0.4200     0.4300
gp_scenario_38          0.1200  0.11000   0.21000      0.2700     0.1800
gp_scenario_39          0.0900  0.02300  -0.00470      0.0009    -0.0370
gp_scenario_40              NA -0.09600   0.07400      0.0990     0.0740
gp_scenario_41         -0.2000 -0.16000  -0.15000     -0.1900    -0.1900
gp_scenario_42              NA  0.01100   0.12000      0.0300     0.0220
gp_scenario_43          0.0520 -0.12000  -0.10000     -0.0180    -0.1000
gp_scenario_44              NA  0.37000   0.49000      0.5200     0.4100
gp_scenario_45              NA  0.23000   0.32000      0.3500     0.2600
gp_scenario_46              NA  0.08100   0.16000      0.0610     0.1100
gp_scenario_47              NA  0.44000   0.52000      0.4900     0.4500
gp_scenario_48          0.0230  0.33000   0.30000      0.2400     0.2800
gp_scenario_49          0.1800 -0.23000  -0.09600     -0.0160    -0.1100
gp_scenario_50              NA  0.09500   0.15000      0.1200     0.1000
gp_scenario_51              NA  0.04400   0.25000      0.2500     0.2500
gp_scenario_52          0.0550  0.19000   0.26000      0.2000     0.2100
gp_scenario_53          0.0120  0.01800   0.15000      0.1200     0.0620
gp_scenario_54         -0.0720  0.28000   0.36000      0.4100     0.3200
gp_scenario_55              NA  0.38000   0.41000      0.4300     0.4000
gp_scenario_56              NA  0.14000   0.21000      0.1400     0.1900
gp_scenario_57          0.1400  0.24000   0.38000      0.3300     0.2900
gp_scenario_58         -0.0100  0.41000   0.46000      0.4500     0.4300
gp_scenario_59         -0.0580 -0.09800   0.02500     -0.0670    -0.0400
gp_scenario_60         -0.0370 -0.26000  -0.20000     -0.1500    -0.1900
gp_scenario_61          0.2200  0.06500   0.12000      0.1100     0.0940
gp_scenario_62              NA  0.39000   0.45000      0.4300     0.3900
gp_scenario_63         -0.1400  0.04600   0.16000      0.1200     0.0860
gp_scenario_64         -0.3000 -0.03000   0.12000      0.1600     0.1100
gp_scenario_65          0.2400  0.10000   0.22000      0.2800     0.2100
gp_scenario_66          0.0510  0.31000   0.36000      0.3300     0.3200
gp_scenario_67              NA  0.01700  -0.02800      0.0340    -0.0310
gp_scenario_68          0.2900  0.03700   0.18000      0.1400     0.1300
gp_scenario_69          0.1300  0.19000   0.21000      0.2100     0.2000
gp_scenario_70         -0.1100  0.34000   0.44000      0.4300     0.3900
gp_scenario_71         -0.0620  0.15000   0.13000      0.1700     0.0860
gp_scenario_72          0.2300  0.03900   0.00048      0.0110     0.0170
gp_scenario_73              NA  0.46000   0.59000      0.5000     0.5000
gp_scenario_74          0.0890  0.04200   0.12000      0.0810     0.0930
gp_scenario_75              NA -0.00700   0.10000      0.0230     0.0460
gp_scenario_76              NA  0.16000   0.25000      0.1900     0.2000
gp_scenario_77          0.2000  0.13000   0.40000      0.4400     0.3000
gp_scenario_78         -0.0460  0.29000   0.37000      0.3800     0.3000
gp_scenario_79         -0.0840 -0.26000  -0.14000     -0.1000    -0.1200
gp_scenario_80         -0.0240 -0.02100  -0.02700     -0.1200    -0.1100
gp_scenario_81              NA -0.01700   0.17000      0.1400     0.0920
gp_scenario_82              NA  0.37000   0.32000      0.2800     0.2700
gp_scenario_83          0.1700 -0.03200   0.12000      0.1300     0.0440
gp_scenario_84         -0.1200  0.00110   0.06300      0.0840     0.0400
gp_scenario_85         -0.0390 -0.03400   0.07200      0.0850     0.0730
gp_scenario_86          0.0530  0.27000   0.25000      0.2200     0.1800
gp_scenario_87          0.3800  0.18000   0.25000      0.2400     0.2000
gp_scenario_88              NA  0.28000   0.39000      0.3800     0.4400
gp_scenario_89          0.1600 -0.05100   0.04200      0.1400     0.0160
gp_scenario_90          0.2000  0.19000   0.23000      0.1800     0.1700
gp_scenario_91          0.0700 -0.11000  -0.14000     -0.0720    -0.1200
gp_scenario_92          0.2000  0.36000   0.35000      0.3500     0.3100
gp_scenario_93          0.3300  0.25000   0.31000      0.2700     0.2800
gp_scenario_94         -0.0500  0.33000   0.45000      0.4600     0.3200
gp_scenario_95          0.2200  0.18000   0.35000      0.2300     0.2800
gp_scenario_96          0.0170 -0.03000   0.04600      0.1100     0.0630
gp_scenario_97         -0.1300  0.20000   0.33000      0.3300     0.3000
gp_scenario_98          0.1800  0.24000   0.15000      0.1700     0.1500
gp_scenario_99          0.2500 -0.08900   0.04900     -0.0160    -0.0180
gp_scenario_100             NA  0.37000   0.48000      0.4400     0.4100
pa_median               0.0890  0.14000   0.21000      0.1800     0.1700
pa_iqr                  0.2400  0.28000   0.29000      0.2700     0.2500
                LASSO_blups
gp_scenario_1        0.1500
gp_scenario_2        0.2400
gp_scenario_3        0.2600
gp_scenario_4        0.0180
gp_scenario_5        0.3100
gp_scenario_6       -0.0030
gp_scenario_7        0.1100
gp_scenario_8        0.3600
gp_scenario_9        0.2400
gp_scenario_10       0.3300
gp_scenario_11       0.2100
gp_scenario_12       0.2700
gp_scenario_13           NA
gp_scenario_14       0.2600
gp_scenario_15       0.2900
gp_scenario_16       0.1400
gp_scenario_17           NA
gp_scenario_18           NA
gp_scenario_19       0.1800
gp_scenario_20       0.1700
gp_scenario_21           NA
gp_scenario_22       0.2100
gp_scenario_23       0.4000
gp_scenario_24       0.2100
gp_scenario_25       0.0390
gp_scenario_26       0.2200
gp_scenario_27       0.0240
gp_scenario_28       0.0067
gp_scenario_29       0.1000
gp_scenario_30       0.1900
gp_scenario_31       0.4600
gp_scenario_32       0.0830
gp_scenario_33       0.2400
gp_scenario_34       0.2000
gp_scenario_35       0.2600
gp_scenario_36       0.2900
gp_scenario_37       0.3000
gp_scenario_38       0.1100
gp_scenario_39       0.0330
gp_scenario_40       0.0400
gp_scenario_41       0.0078
gp_scenario_42       0.0490
gp_scenario_43       0.0660
gp_scenario_44       0.2600
gp_scenario_45           NA
gp_scenario_46       0.1700
gp_scenario_47           NA
gp_scenario_48       0.2200
gp_scenario_49       0.1000
gp_scenario_50       0.2000
gp_scenario_51       0.1300
gp_scenario_52       0.0550
gp_scenario_53       0.0380
gp_scenario_54       0.3000
gp_scenario_55       0.0990
gp_scenario_56       0.3700
gp_scenario_57       0.2100
gp_scenario_58       0.4000
gp_scenario_59       0.0400
gp_scenario_60       0.1400
gp_scenario_61       0.3300
gp_scenario_62       0.2500
gp_scenario_63       0.3000
gp_scenario_64       0.1600
gp_scenario_65       0.2900
gp_scenario_66       0.0990
gp_scenario_67       0.4500
gp_scenario_68       0.1300
gp_scenario_69       0.3600
gp_scenario_70           NA
gp_scenario_71       0.1500
gp_scenario_72       0.2700
gp_scenario_73       0.3500
gp_scenario_74       0.1700
gp_scenario_75       0.3600
gp_scenario_76       0.3900
gp_scenario_77       0.2500
gp_scenario_78           NA
gp_scenario_79      -0.1100
gp_scenario_80       0.2300
gp_scenario_81       0.3300
gp_scenario_82       0.3000
gp_scenario_83       0.1300
gp_scenario_84      -0.1100
gp_scenario_85       0.1100
gp_scenario_86       0.1800
gp_scenario_87       0.3400
gp_scenario_88       0.3000
gp_scenario_89       0.3800
gp_scenario_90           NA
gp_scenario_91       0.0880
gp_scenario_92       0.3800
gp_scenario_93       0.3500
gp_scenario_94           NA
gp_scenario_95       0.0480
gp_scenario_96       0.1700
gp_scenario_97       0.2800
gp_scenario_98       0.3800
gp_scenario_99       0.2200
gp_scenario_100      0.2800
pa_median            0.2100
pa_iqr               0.1900
                GBLUP_wiser GBLUP_ls_means GBLUP_blups
gp_scenario_1        0.7400        0.54000     0.69000
gp_scenario_2        0.2100        0.00370     0.00034
gp_scenario_3        0.4500        0.29000     0.12000
gp_scenario_4        0.7300        0.43000     0.65000
gp_scenario_5        0.5100        0.41000     0.39000
gp_scenario_6        0.3900        0.32000     0.50000
gp_scenario_7        0.3200        0.13000     0.03000
gp_scenario_8        0.6400        0.42000     0.26000
gp_scenario_9        0.2500        0.00200     0.00062
gp_scenario_10       0.7300        0.57000     0.62000
gp_scenario_11       0.6400        0.65000     0.50000
gp_scenario_12       0.2700        0.01700     0.00150
gp_scenario_13       0.5800        0.00700     0.52000
gp_scenario_14       0.4600        0.25000     0.00580
gp_scenario_15       0.7100        0.50000     0.54000
gp_scenario_16       0.2800        0.00350     0.00065
gp_scenario_17       0.4700        0.28000     0.20000
gp_scenario_18       0.3700        0.08400     0.00410
gp_scenario_19       0.9000        0.84000     0.74000
gp_scenario_20       0.3200        0.21000     0.48000
gp_scenario_21       0.4300        0.04000     0.00750
gp_scenario_22       0.4800        0.37000     0.23000
gp_scenario_23       0.6800        0.41000     0.52000
gp_scenario_24       0.4200        0.32000     0.20000
gp_scenario_25       0.4700        0.29000     0.20000
gp_scenario_26       0.2200        0.00140     0.00590
gp_scenario_27       0.5100        0.52000     0.01900
gp_scenario_28       0.5300        0.43000     0.44000
gp_scenario_29       0.4300        0.05500     0.00540
gp_scenario_30       0.7200        0.45000     0.59000
gp_scenario_31       0.3200        0.02600     0.00120
gp_scenario_32       0.7100        0.36000     0.52000
gp_scenario_33       0.4300        0.34000     0.00510
gp_scenario_34       0.6400        0.45000     0.60000
gp_scenario_35       0.4700        0.45000     0.43000
gp_scenario_36       0.2600        0.00470     0.00590
gp_scenario_37       0.3100        0.00440     0.00120
gp_scenario_38       0.3900        0.35000     0.27000
gp_scenario_39       0.5900        0.50000     0.53000
gp_scenario_40       0.8200        0.68000     0.67000
gp_scenario_41       0.7700        0.73000     0.78000
gp_scenario_42       0.5200        0.50000     0.38000
gp_scenario_43       0.7100        0.50000     0.54000
gp_scenario_44       0.2800        0.00520     0.00170
gp_scenario_45       0.2000        0.00079     0.00074
gp_scenario_46       0.4500        0.03200     0.37000
gp_scenario_47       0.2000        0.03500     0.00044
gp_scenario_48       0.3800        0.21000     0.00790
gp_scenario_49       0.7100        0.49000     0.58000
gp_scenario_50       0.7200        0.50000     0.54000
gp_scenario_51       0.4000        0.21000     0.19000
gp_scenario_52       0.8400        0.56000     0.70000
gp_scenario_53       0.4800        0.41000     0.31000
gp_scenario_54       0.3000        0.02700     0.00270
gp_scenario_55       0.0940        0.00160     0.00150
gp_scenario_56       0.4100        0.22000     0.12000
gp_scenario_57       0.4400        0.03300     0.01300
gp_scenario_58       0.0160        0.00890     0.00045
gp_scenario_59       0.5200        0.62000     0.64000
gp_scenario_60       0.9300        0.75000     0.78000
gp_scenario_61       0.5600        0.39000     0.53000
gp_scenario_62       0.0150        0.00130     0.00410
gp_scenario_63       0.6100        0.47000     0.34000
gp_scenario_64       0.7000        0.48000     0.46000
gp_scenario_65       0.4100        0.27000     0.09800
gp_scenario_66       0.3200        0.12000     0.00570
gp_scenario_67       0.6700        0.51000     0.53000
gp_scenario_68       0.4700        0.00180     0.34000
gp_scenario_69       0.5400        0.53000     0.48000
gp_scenario_70       0.3200        0.00120     0.00069
gp_scenario_71       0.5700        0.47000     0.48000
gp_scenario_72       0.6900        0.48000     0.59000
gp_scenario_73       0.2400        0.00280     0.00082
gp_scenario_74       0.3700        0.00190     0.27000
gp_scenario_75       0.6200        0.61000     0.45000
gp_scenario_76       0.0036        0.00082     0.00400
gp_scenario_77       0.3400        0.13000     0.00140
gp_scenario_78       0.3100        0.25000     0.11000
gp_scenario_79       0.9400        0.78000     0.80000
gp_scenario_80       0.6500        0.43000     0.56000
gp_scenario_81       0.2800        0.00120     0.35000
gp_scenario_82       0.3600        0.00450     0.00110
gp_scenario_83       0.4700        0.39000     0.04000
gp_scenario_84       0.6400        0.36000     0.40000
gp_scenario_85       0.6300        0.58000     0.59000
gp_scenario_86       0.4700        0.27000     0.41000
gp_scenario_87       0.4400        0.32000     0.13000
gp_scenario_88       0.3000        0.25000     0.00085
gp_scenario_89       0.5300        0.39000     0.37000
gp_scenario_90       0.5700        0.30000     0.33000
gp_scenario_91       0.7600        0.49000     0.63000
gp_scenario_92       0.3900        0.28000     0.00850
gp_scenario_93       0.5000        0.30000     0.17000
gp_scenario_94       0.2500        0.01700     0.00300
gp_scenario_95       0.2500        0.00350     0.01100
gp_scenario_96       0.8700        0.69000     0.67000
gp_scenario_97       0.4500        0.30000     0.00700
gp_scenario_98       0.3300        0.02400     0.10000
gp_scenario_99       0.4800        0.24000     0.48000
gp_scenario_100      0.3200        0.05900     0.00160
h2_median            0.4700        0.30000     0.26000
h2_iqr               0.3200        0.44000     0.51000
