[1] "using pine_env"
Le chargement a nécessité le package : Matrix

Attachement du package : ‘tidyr’

Les objets suivants sont masqués depuis ‘package:Matrix’:

    expand, pack, unpack

Le chargement a nécessité le package : foreach
Le chargement a nécessité le package : iterators
Le chargement a nécessité le package : parallel
Le chargement a nécessité le package : rngtools
This build of rgl does not include OpenGL functions.  Use
 rglwidget() to display results, e.g. via options(rgl.printRglwidget = TRUE).
Le chargement a nécessité le package : Rcpp
Le chargement a nécessité le package : RcppZiggurat
Le chargement a nécessité le package : RcppParallel

Attachement du package : ‘RcppParallel’

L'objet suivant est masqué depuis ‘package:Rcpp’:

    LdFlags


Rfast: 2.1.0
 ___ __ __ __ __    __ __ __ __ __ _             _               __ __ __ __ __     __ __ __ __ __ __   
|  __ __ __ __  |  |  __ __ __ __ _/            / \             |  __ __ __ __ /   /__ __ _   _ __ __\  
| |           | |  | |                         / _ \            | |                        / /          
| |           | |  | |                        / / \ \           | |                       / /          
| |           | |  | |                       / /   \ \          | |                      / /          
| |__ __ __ __| |  | |__ __ __ __           / /     \ \         | |__ __ __ __ _        / /__/\          
|    __ __ __ __|  |  __ __ __ __|         / /__ _ __\ \        |_ __ __ __ _   |      / ___  /           
|   \              | |                    / _ _ _ _ _ _ \                     | |      \/  / /       
| |\ \             | |                   / /           \ \                    | |         / /          
| | \ \            | |                  / /             \ \                   | |        / /          
| |  \ \           | |                 / /               \ \                  | |       / /          
| |   \ \__ __ _   | |                / /                 \ \     _ __ __ __ _| |      / /          
|_|    \__ __ __\  |_|               /_/                   \_\   /_ __ __ __ ___|      \/             team

Attachement du package : ‘Rfast’

Les objets suivants sont masqués depuis ‘package:robustbase’:

    colMedians, rowMedians

L'objet suivant est masqué depuis ‘package:data.table’:

    transpose

Le chargement a nécessité le package : lattice

Attachement du package : ‘plotly’

L'objet suivant est masqué depuis ‘package:ggplot2’:

    last_plot

L'objet suivant est masqué depuis ‘package:MASS’:

    select

L'objet suivant est masqué depuis ‘package:stats’:

    filter

L'objet suivant est masqué depuis ‘package:graphics’:

    layout


Attachement du package : ‘dplyr’

L'objet suivant est masqué depuis ‘package:Rfast’:

    nth

Les objets suivants sont masqués depuis ‘package:data.table’:

    between, first, last

L'objet suivant est masqué depuis ‘package:MASS’:

    select

Les objets suivants sont masqués depuis ‘package:stats’:

    filter, lag

Les objets suivants sont masqués depuis ‘package:base’:

    intersect, setdiff, setequal, union


Attachement du package : ‘kernlab’

L'objet suivant est masqué depuis ‘package:ggplot2’:

    alpha

Le chargement a nécessité le package : corpcor

Attachement du package : ‘corpcor’

L'objet suivant est masqué depuis ‘package:matrixcalc’:

    is.positive.definite

Loaded glmnet 4.1-8

Loaded mixOmics 6.25.1
Thank you for using mixOmics!
Tutorials: http://mixomics.org
Bookdown vignette: https://mixomicsteam.github.io/Bookdown
Questions, issues: Follow the prompts at http://mixomics.org/contact-us
Cite us:  citation('mixOmics')

[1] "kernel: linear"
[1] "trait: D"
Growing trees.. Progress: 94%. Estimated remaining time: 1 seconds.
Growing trees.. Progress: 80%. Estimated remaining time: 7 seconds.
Growing trees.. Progress: 76%. Estimated remaining time: 9 seconds.
Growing trees.. Progress: 88%. Estimated remaining time: 4 seconds.
Growing trees.. Progress: 88%. Estimated remaining time: 4 seconds.
Growing trees.. Progress: 88%. Estimated remaining time: 4 seconds.
Growing trees.. Progress: 88%. Estimated remaining time: 4 seconds.
Growing trees.. Progress: 87%. Estimated remaining time: 4 seconds.
Growing trees.. Progress: 90%. Estimated remaining time: 3 seconds.
Growing trees.. Progress: 89%. Estimated remaining time: 3 seconds.
Growing trees.. Progress: 73%. Estimated remaining time: 11 seconds.
Growing trees.. Progress: 84%. Estimated remaining time: 5 seconds.
Growing trees.. Progress: 88%. Estimated remaining time: 4 seconds.
$opt_results
   whitening_method alpha_ prediction_method    mean_pa white_reg_combination
4           ZCA-cor   0.10                rf 0.01580860           ZCA-cor/0.1
7           ZCA-cor   0.01               svr 0.03410411          ZCA-cor/0.01
18         Cholesky   0.10             gblup 0.02444392          Cholesky/0.1
24         Cholesky   0.10              rkhs 0.02502842          Cholesky/0.1
25          ZCA-cor   0.01             lasso 0.08211991          ZCA-cor/0.01

$opt_alpha_
[1] 0.1

$opt_whitening_method
[1] "Cholesky"

[1] "Execution time for wiser computation of D with linear kernel : 6.11"
[1] "x_mat_tilde_mult_xi_test[1:10]: 5.21090781201855e-11, 5.97924262185634e-11, -5.59738486029943e-12, 7.54089932858415e-12, -6.61621365333209e-14"
[1] "mean of x_mat_tilde_mult_xi_test: 3.08856437587343e-11"
[1] "median of x_mat_tilde_mult_xi_test: 8.51985013572074e-13"
                RF_wiser SVR_wiser GBLUP_wiser RKHS_wiser LASSO_wiser
gp_scenario_1       0.64      0.72        0.70       0.70        0.52
gp_scenario_2       0.62      0.67        0.66       0.66        0.29
gp_scenario_3       0.55      0.59        0.58       0.58        0.49
gp_scenario_4       0.54      0.69        0.71       0.70        0.32
gp_scenario_5       0.60      0.66        0.66       0.66        0.52
gp_scenario_6       0.61      0.68        0.67       0.67        0.39
gp_scenario_7       0.59      0.62        0.60       0.60        0.47
gp_scenario_8       0.45      0.67        0.65       0.65        0.42
gp_scenario_9       0.57      0.68        0.63       0.63        0.30
gp_scenario_10      0.66      0.65        0.67       0.67        0.58
gp_scenario_11      0.64      0.74        0.74       0.74        0.50
gp_scenario_12      0.58      0.61        0.59       0.59        0.52
gp_scenario_13      0.61      0.72        0.72       0.72        0.64
gp_scenario_14      0.52      0.59        0.57       0.57        0.42
gp_scenario_15      0.69      0.77        0.74       0.74        0.57
gp_scenario_16      0.65      0.74        0.72       0.72        0.54
gp_scenario_17      0.53      0.62        0.63       0.63        0.51
gp_scenario_18      0.68      0.73        0.70       0.70        0.52
gp_scenario_19      0.44      0.54        0.56       0.56        0.28
gp_scenario_20      0.69      0.68        0.66       0.66        0.54
gp_scenario_21      0.38      0.51        0.53       0.53        0.37
gp_scenario_22      0.64      0.68        0.66       0.66        0.57
gp_scenario_23      0.61      0.72        0.69       0.69        0.54
gp_scenario_24      0.63      0.66        0.65       0.65        0.36
gp_scenario_25      0.67      0.70        0.66       0.67        0.38
gp_scenario_26      0.60      0.65        0.65       0.65        0.43
gp_scenario_27      0.60      0.66        0.66       0.66        0.39
gp_scenario_28      0.65      0.74        0.74       0.74        0.51
gp_scenario_29      0.65      0.70        0.67       0.67        0.58
gp_scenario_30      0.52      0.58        0.56       0.56        0.33
gp_scenario_31      0.51      0.72        0.74       0.74        0.41
gp_scenario_32      0.60      0.57        0.56       0.56        0.56
gp_scenario_33      0.62      0.65        0.62       0.63        0.37
gp_scenario_34      0.52      0.60        0.60       0.60        0.32
gp_scenario_35      0.74      0.80        0.78       0.78        0.66
gp_scenario_36      0.50      0.54        0.47       0.48        0.31
gp_scenario_37      0.59      0.66        0.67       0.67        0.32
gp_scenario_38      0.61      0.72        0.72       0.72        0.54
gp_scenario_39      0.63      0.74        0.74       0.74        0.50
gp_scenario_40      0.66      0.63        0.63       0.63        0.51
gp_scenario_41      0.50      0.53        0.54       0.54        0.50
gp_scenario_42      0.68      0.72        0.70       0.70        0.52
gp_scenario_43      0.66      0.72        0.72       0.72        0.52
gp_scenario_44      0.52      0.63        0.62       0.62        0.39
gp_scenario_45      0.51      0.50        0.43       0.44        0.33
gp_scenario_46      0.51      0.61        0.61       0.61        0.41
gp_scenario_47      0.57      0.66        0.66       0.66        0.39
gp_scenario_48      0.67      0.69        0.70       0.70        0.56
gp_scenario_49      0.57      0.67        0.67       0.67        0.53
gp_scenario_50      0.52      0.67        0.67       0.67        0.49
gp_scenario_51      0.43      0.61        0.58       0.59        0.40
gp_scenario_52      0.70      0.79        0.77       0.77        0.53
gp_scenario_53      0.60      0.65        0.65       0.65        0.50
gp_scenario_54      0.58      0.60        0.59       0.59        0.34
gp_scenario_55      0.39      0.44        0.43       0.43        0.22
gp_scenario_56      0.52      0.57        0.57       0.57        0.23
gp_scenario_57      0.43      0.58        0.56       0.56        0.36
gp_scenario_58      0.64      0.64        0.63       0.64        0.52
gp_scenario_59      0.64      0.66        0.64       0.64        0.36
gp_scenario_60      0.68      0.76        0.74       0.75        0.51
gp_scenario_61      0.52      0.56        0.55       0.55        0.45
gp_scenario_62      0.59      0.59        0.56       0.57        0.51
gp_scenario_63      0.74      0.78        0.75       0.76        0.62
gp_scenario_64      0.55      0.61        0.60       0.60        0.55
gp_scenario_65      0.69      0.76        0.74       0.74        0.56
gp_scenario_66      0.64      0.73        0.71       0.72        0.42
gp_scenario_67      0.58      0.63        0.63       0.63        0.52
gp_scenario_68      0.51      0.59        0.56       0.56        0.36
gp_scenario_69      0.68      0.77        0.76       0.76        0.43
gp_scenario_70      0.62      0.68        0.65       0.65        0.56
gp_scenario_71      0.55      0.67        0.62       0.63        0.43
gp_scenario_72      0.58      0.65        0.62       0.62        0.43
gp_scenario_73      0.50      0.64        0.65       0.65        0.36
gp_scenario_74      0.54      0.66        0.66       0.66        0.44
gp_scenario_75      0.78      0.78        0.78       0.78        0.62
gp_scenario_76      0.45      0.62        0.60       0.60        0.43
gp_scenario_77      0.59      0.68        0.69       0.69        0.52
gp_scenario_78      0.71      0.75        0.74       0.75        0.55
gp_scenario_79      0.60      0.68        0.66       0.67        0.59
gp_scenario_80      0.64      0.72        0.70       0.70        0.60
gp_scenario_81      0.58      0.74        0.72       0.72        0.46
gp_scenario_82      0.63      0.72        0.70       0.70        0.49
gp_scenario_83      0.40      0.51        0.53       0.53        0.32
gp_scenario_84      0.61      0.65        0.64       0.64        0.46
gp_scenario_85      0.61      0.73        0.72       0.72        0.48
gp_scenario_86      0.69      0.68        0.66       0.66        0.38
gp_scenario_87      0.65      0.72        0.67       0.67        0.55
gp_scenario_88      0.57      0.61        0.62       0.62        0.43
gp_scenario_89      0.59      0.65        0.62       0.63        0.61
gp_scenario_90      0.65      0.72        0.73       0.73        0.55
gp_scenario_91      0.49      0.61        0.58       0.59        0.52
gp_scenario_92      0.67      0.75        0.73       0.73        0.50
gp_scenario_93      0.51      0.66        0.65       0.65        0.46
gp_scenario_94      0.65      0.65        0.65       0.65        0.52
gp_scenario_95      0.53      0.69        0.70       0.70        0.23
gp_scenario_96      0.62      0.70        0.72       0.72        0.53
gp_scenario_97      0.53      0.57        0.56       0.56        0.48
gp_scenario_98      0.48      0.59        0.56       0.56        0.32
gp_scenario_99      0.65      0.79        0.79       0.79        0.58
gp_scenario_100     0.48      0.51        0.45       0.45        0.26
pa_median           0.60      0.66        0.66       0.66        0.49
pa_iqr              0.13      0.11        0.10       0.10        0.14
                RF_ls_means SVR_ls_means GBLUP_ls_means RKHS_ls_means
gp_scenario_1       0.12000       0.1300        0.12000       0.13000
gp_scenario_2      -0.12000       0.1000        0.11000       0.12000
gp_scenario_3       0.06600       0.0450        0.02300       0.11000
gp_scenario_4       0.28000       0.2700        0.30000       0.24000
gp_scenario_5       0.04500      -0.0270       -0.02000      -0.04100
gp_scenario_6      -0.06700       0.1500        0.16000       0.14000
gp_scenario_7      -0.06100      -0.0780       -0.07900      -0.07500
gp_scenario_8       0.15000       0.1100        0.16000       0.18000
gp_scenario_9       0.13000       0.1100        0.12000       0.17000
gp_scenario_10     -0.18000      -0.0410       -0.02200      -0.06900
gp_scenario_11      0.06400       0.0200        0.00930       0.01200
gp_scenario_12      0.08100       0.1600        0.17000       0.20000
gp_scenario_13      0.16000       0.1800        0.18000       0.17000
gp_scenario_14      0.39000       0.3600        0.37000       0.37000
gp_scenario_15      0.05600      -0.0750       -0.07700      -0.08500
gp_scenario_16      0.05200       0.0300        0.00780       0.03400
gp_scenario_17      0.03400       0.1800        0.17000       0.16000
gp_scenario_18      0.40000       0.3800        0.40000       0.42000
gp_scenario_19      0.10000       0.0510        0.06800       0.02800
gp_scenario_20     -0.14000      -0.1300       -0.07100      -0.15000
gp_scenario_21      0.10000       0.1400        0.16000       0.13000
gp_scenario_22      0.22000       0.1800        0.20000       0.20000
gp_scenario_23      0.19000       0.1400        0.14000       0.14000
gp_scenario_24      0.09800       0.0350        0.04500       0.05500
gp_scenario_25      0.06700      -0.0390       -0.07100       0.03500
gp_scenario_26      0.30000       0.3900        0.39000       0.34000
gp_scenario_27     -0.16000      -0.0880       -0.10000      -0.08400
gp_scenario_28      0.19000       0.2000        0.24000       0.16000
gp_scenario_29      0.14000       0.2100        0.20000       0.24000
gp_scenario_30     -0.05200      -0.0430       -0.06900       0.00210
gp_scenario_31      0.15000       0.1800        0.18000       0.20000
gp_scenario_32      0.07300       0.0870        0.08000       0.13000
gp_scenario_33      0.16000       0.1700        0.20000       0.23000
gp_scenario_34      0.23000       0.2500        0.26000       0.29000
gp_scenario_35     -0.21000      -0.1100       -0.09200      -0.13000
gp_scenario_36      0.28000       0.2000        0.23000       0.31000
gp_scenario_37     -0.00038       0.1300        0.11000       0.13000
gp_scenario_38     -0.03200       0.0028        0.01200       0.01500
gp_scenario_39     -0.00870       0.1100        0.12000       0.13000
gp_scenario_40      0.05100       0.1500        0.21000       0.11000
gp_scenario_41      0.08700       0.0460        0.06700       0.06300
gp_scenario_42      0.15000       0.1500        0.14000       0.15000
gp_scenario_43      0.02500      -0.0670       -0.09900      -0.03900
gp_scenario_44      0.18000       0.1100        0.13000       0.10000
gp_scenario_45      0.06000       0.1400        0.19000       0.25000
gp_scenario_46     -0.04100      -0.0260       -0.02900      -0.02000
gp_scenario_47     -0.12000       0.0110        0.01700       0.03000
gp_scenario_48      0.17000       0.0032        0.00580       0.05000
gp_scenario_49      0.16000       0.2100        0.21000       0.20000
gp_scenario_50     -0.00110       0.0820        0.11000       0.09900
gp_scenario_51      0.12000       0.1400        0.15000       0.23000
gp_scenario_52      0.04600      -0.0310        0.02900      -0.13000
gp_scenario_53      0.01300       0.0520        0.04500       0.09400
gp_scenario_54     -0.14000      -0.1800       -0.18000      -0.18000
gp_scenario_55     -0.04700      -0.1700       -0.15000      -0.20000
gp_scenario_56     -0.49000      -0.3600       -0.32000      -0.36000
gp_scenario_57     -0.00950       0.1000        0.13000       0.06700
gp_scenario_58     -0.07700      -0.0260       -0.02300       0.03500
gp_scenario_59      0.28000       0.2400        0.27000       0.28000
gp_scenario_60      0.31000       0.2900        0.32000       0.25000
gp_scenario_61     -0.25000      -0.2600       -0.27000      -0.26000
gp_scenario_62      0.11000       0.1700        0.17000       0.13000
gp_scenario_63      0.10000       0.1200        0.12000       0.12000
gp_scenario_64     -0.08800       0.0130        0.03100       0.07500
gp_scenario_65     -0.08200       0.0140        0.01600       0.04300
gp_scenario_66      0.10000       0.1500        0.15000       0.18000
gp_scenario_67     -0.11000      -0.0660       -0.01500      -0.10000
gp_scenario_68      0.11000       0.1400        0.15000       0.17000
gp_scenario_69      0.16000       0.3200        0.34000       0.34000
gp_scenario_70     -0.12000      -0.1500       -0.18000      -0.06200
gp_scenario_71      0.25000       0.1700        0.19000       0.26000
gp_scenario_72      0.07900       0.1900        0.19000       0.18000
gp_scenario_73     -0.02200       0.0460        0.06200       0.07700
gp_scenario_74      0.00450      -0.0011       -0.02600       0.03400
gp_scenario_75      0.00420       0.0590        0.08300       0.01600
gp_scenario_76      0.08100       0.1200        0.13000       0.09000
gp_scenario_77      0.02200       0.0640        0.07100       0.03600
gp_scenario_78     -0.13000      -0.1100       -0.09700      -0.00098
gp_scenario_79      0.14000       0.0570        0.04900       0.09800
gp_scenario_80     -0.13000      -0.0160       -0.00590      -0.03300
gp_scenario_81      0.05300       0.0620        0.04700       0.05200
gp_scenario_82      0.05000       0.1000        0.09500       0.13000
gp_scenario_83     -0.11000       0.0230        0.04800      -0.00340
gp_scenario_84     -0.13000      -0.0450       -0.06000       0.01600
gp_scenario_85      0.15000       0.0600        0.12000       0.08200
gp_scenario_86     -0.01300      -0.0630       -0.09000      -0.06400
gp_scenario_87      0.00450      -0.0350       -0.08700       0.02400
gp_scenario_88      0.20000       0.0340        0.06800       0.04100
gp_scenario_89      0.27000       0.2100        0.30000       0.33000
gp_scenario_90      0.14000       0.2000        0.23000       0.21000
gp_scenario_91      0.09300      -0.0220       -0.03600       0.07900
gp_scenario_92      0.05300      -0.0200       -0.02000      -0.04600
gp_scenario_93      0.01800      -0.0380        0.00073      -0.11000
gp_scenario_94      0.01500       0.1300        0.14000       0.10000
gp_scenario_95      0.05000       0.0890        0.11000       0.06000
gp_scenario_96     -0.01100      -0.0310       -0.02800       0.00590
gp_scenario_97      0.10000       0.1300        0.13000       0.20000
gp_scenario_98     -0.09000       0.0610        0.04100       0.11000
gp_scenario_99     -0.23000      -0.1200       -0.08800      -0.11000
gp_scenario_100     0.11000       0.1600        0.19000       0.20000
pa_median           0.05400       0.0630        0.08200       0.09200
pa_iqr              0.17000       0.1800        0.19000       0.16000
                LASSO_ls_means
gp_scenario_1          -0.0750
gp_scenario_2          -0.0920
gp_scenario_3           0.0300
gp_scenario_4           0.0250
gp_scenario_5          -0.0820
gp_scenario_6           0.0160
gp_scenario_7           0.1400
gp_scenario_8               NA
gp_scenario_9               NA
gp_scenario_10              NA
gp_scenario_11          0.2200
gp_scenario_12         -0.2000
gp_scenario_13              NA
gp_scenario_14          0.1800
gp_scenario_15          0.0590
gp_scenario_16         -0.2400
gp_scenario_17          0.0480
gp_scenario_18          0.1300
gp_scenario_19              NA
gp_scenario_20         -0.2400
gp_scenario_21          0.0310
gp_scenario_22              NA
gp_scenario_23         -0.1500
gp_scenario_24          0.0450
gp_scenario_25          0.0920
gp_scenario_26              NA
gp_scenario_27         -0.1600
gp_scenario_28              NA
gp_scenario_29              NA
gp_scenario_30          0.0850
gp_scenario_31          0.1200
gp_scenario_32              NA
gp_scenario_33          0.1100
gp_scenario_34              NA
gp_scenario_35          0.1200
gp_scenario_36          0.1700
gp_scenario_37          0.1400
gp_scenario_38          0.1100
gp_scenario_39         -0.2900
gp_scenario_40         -0.0550
gp_scenario_41          0.1800
gp_scenario_42          0.1000
gp_scenario_43              NA
gp_scenario_44              NA
gp_scenario_45         -0.1000
gp_scenario_46          0.1400
gp_scenario_47         -0.0420
gp_scenario_48              NA
gp_scenario_49          0.1300
gp_scenario_50         -0.2800
gp_scenario_51         -0.2300
gp_scenario_52              NA
gp_scenario_53          0.0610
gp_scenario_54          0.2300
gp_scenario_55              NA
gp_scenario_56         -0.3200
gp_scenario_57          0.0069
gp_scenario_58          0.2000
gp_scenario_59         -0.1200
gp_scenario_60              NA
gp_scenario_61         -0.4400
gp_scenario_62              NA
gp_scenario_63          0.2000
gp_scenario_64         -0.0190
gp_scenario_65         -0.1200
gp_scenario_66          0.0170
gp_scenario_67          0.1200
gp_scenario_68              NA
gp_scenario_69              NA
gp_scenario_70          0.0790
gp_scenario_71              NA
gp_scenario_72         -0.0029
gp_scenario_73              NA
gp_scenario_74              NA
gp_scenario_75          0.1500
gp_scenario_76          0.0750
gp_scenario_77              NA
gp_scenario_78          0.1800
gp_scenario_79          0.1300
gp_scenario_80              NA
gp_scenario_81              NA
gp_scenario_82              NA
gp_scenario_83         -0.0820
gp_scenario_84          0.1800
gp_scenario_85              NA
gp_scenario_86              NA
gp_scenario_87          0.0520
gp_scenario_88              NA
gp_scenario_89          0.0930
gp_scenario_90          0.1400
gp_scenario_91              NA
gp_scenario_92         -0.1200
gp_scenario_93              NA
gp_scenario_94         -0.0810
gp_scenario_95          0.0310
gp_scenario_96          0.1300
gp_scenario_97              NA
gp_scenario_98         -0.1300
gp_scenario_99              NA
gp_scenario_100        -0.0540
pa_median               0.0460
pa_iqr                  0.2100
                GBLUP_wiser GBLUP_ls_means
gp_scenario_1          0.95        0.00130
gp_scenario_2          0.94        0.00740
gp_scenario_3          0.97        0.07800
gp_scenario_4          0.92        0.00059
gp_scenario_5          0.94        0.41000
gp_scenario_6          0.91        0.00260
gp_scenario_7          0.97        0.40000
gp_scenario_8          0.95        0.00048
gp_scenario_9          0.95        0.00120
gp_scenario_10         0.95        0.17000
gp_scenario_11         0.89        0.26000
gp_scenario_12         0.96        0.00170
gp_scenario_13         0.92        0.00180
gp_scenario_14         0.97        0.00026
gp_scenario_15         0.95        0.38000
gp_scenario_16         0.93        0.06700
gp_scenario_17         0.94        0.00300
gp_scenario_18         0.94        0.00037
gp_scenario_19         0.97        0.01100
gp_scenario_20         0.96        0.39000
gp_scenario_21         0.96        0.00230
gp_scenario_22         0.95        0.00089
gp_scenario_23         0.95        0.00100
gp_scenario_24         0.95        0.21000
gp_scenario_25         0.94        0.29000
gp_scenario_26         0.96        0.00046
gp_scenario_27         0.94        0.44000
gp_scenario_28         0.93        0.00230
gp_scenario_29         0.94        0.00110
gp_scenario_30         0.96        0.04900
gp_scenario_31         0.90        0.00280
gp_scenario_32         0.97        0.00290
gp_scenario_33         0.96        0.00068
gp_scenario_34         0.94        0.00065
gp_scenario_35         0.91        0.39000
gp_scenario_36         0.96        0.00063
gp_scenario_37         0.93        0.01200
gp_scenario_38         0.94        0.32000
gp_scenario_39         0.94        0.00200
gp_scenario_40         0.96        0.00770
gp_scenario_41         0.95        0.00270
gp_scenario_42         0.92        0.01100
gp_scenario_43         0.95        0.36000
gp_scenario_44         0.93        0.00170
gp_scenario_45         0.95        0.00190
gp_scenario_46         0.96        0.36000
gp_scenario_47         0.94        0.01700
gp_scenario_48         0.92        0.00330
gp_scenario_49         0.94        0.00160
gp_scenario_50         0.95        0.00100
gp_scenario_51         0.96        0.00130
gp_scenario_52         0.89        0.00140
gp_scenario_53         0.96        0.00840
gp_scenario_54         0.95        0.32000
gp_scenario_55         0.97        0.31000
gp_scenario_56         0.95        0.51000
gp_scenario_57         0.95        0.00710
gp_scenario_58         0.96        0.10000
gp_scenario_59         0.95        0.00040
gp_scenario_60         0.93        0.00050
gp_scenario_61         0.96        0.50000
gp_scenario_62         0.97        0.00120
gp_scenario_63         0.92        0.00320
gp_scenario_64         0.97        0.00280
gp_scenario_65         0.92        0.01100
gp_scenario_66         0.92        0.00120
gp_scenario_67         0.94        0.34000
gp_scenario_68         0.97        0.00140
gp_scenario_69         0.93        0.00049
gp_scenario_70         0.95        0.16000
gp_scenario_71         0.97        0.00099
gp_scenario_72         0.95        0.00180
gp_scenario_73         0.93        0.00370
gp_scenario_74         0.95        0.02000
gp_scenario_75         0.90        0.05300
gp_scenario_76         0.96        0.00750
gp_scenario_77         0.91        0.00860
gp_scenario_78         0.94        0.00330
gp_scenario_79         0.96        0.04700
gp_scenario_80         0.93        0.24000
gp_scenario_81         0.93        0.29000
gp_scenario_82         0.95        0.00130
gp_scenario_83         0.97        0.18000
gp_scenario_84         0.95        0.12000
gp_scenario_85         0.91        0.00088
gp_scenario_86         0.94        0.29000
gp_scenario_87         0.96        0.23000
gp_scenario_88         0.97        0.30000
gp_scenario_89         0.95        0.00033
gp_scenario_90         0.92        0.00091
gp_scenario_91         0.96        0.00880
gp_scenario_92         0.94        0.25000
gp_scenario_93         0.96        0.00330
gp_scenario_94         0.91        0.00210
gp_scenario_95         0.95        0.00420
gp_scenario_96         0.92        0.12000
gp_scenario_97         0.98        0.00130
gp_scenario_98         0.96        0.00200
gp_scenario_99         0.90        0.37000
gp_scenario_100        0.95        0.00082
h2_median              0.95        0.00350
h2_iqr                 0.03        0.17000
