[1] "using pine_env"
Le chargement a nécessité le package : Matrix

Attachement du package : ‘tidyr’

Les objets suivants sont masqués depuis ‘package:Matrix’:

    expand, pack, unpack

Le chargement a nécessité le package : foreach
Le chargement a nécessité le package : iterators
Le chargement a nécessité le package : parallel
Le chargement a nécessité le package : rngtools
This build of rgl does not include OpenGL functions.  Use
 rglwidget() to display results, e.g. via options(rgl.printRglwidget = TRUE).
Le chargement a nécessité le package : Rcpp
Le chargement a nécessité le package : RcppZiggurat
Le chargement a nécessité le package : RcppParallel

Attachement du package : ‘RcppParallel’

L'objet suivant est masqué depuis ‘package:Rcpp’:

    LdFlags


Rfast: 2.1.0
 ___ __ __ __ __    __ __ __ __ __ _             _               __ __ __ __ __     __ __ __ __ __ __   
|  __ __ __ __  |  |  __ __ __ __ _/            / \             |  __ __ __ __ /   /__ __ _   _ __ __\  
| |           | |  | |                         / _ \            | |                        / /          
| |           | |  | |                        / / \ \           | |                       / /          
| |           | |  | |                       / /   \ \          | |                      / /          
| |__ __ __ __| |  | |__ __ __ __           / /     \ \         | |__ __ __ __ _        / /__/\          
|    __ __ __ __|  |  __ __ __ __|         / /__ _ __\ \        |_ __ __ __ _   |      / ___  /           
|   \              | |                    / _ _ _ _ _ _ \                     | |      \/  / /       
| |\ \             | |                   / /           \ \                    | |         / /          
| | \ \            | |                  / /             \ \                   | |        / /          
| |  \ \           | |                 / /               \ \                  | |       / /          
| |   \ \__ __ _   | |                / /                 \ \     _ __ __ __ _| |      / /          
|_|    \__ __ __\  |_|               /_/                   \_\   /_ __ __ __ ___|      \/             team

Attachement du package : ‘Rfast’

Les objets suivants sont masqués depuis ‘package:robustbase’:

    colMedians, rowMedians

L'objet suivant est masqué depuis ‘package:data.table’:

    transpose

Le chargement a nécessité le package : lattice

Attachement du package : ‘plotly’

L'objet suivant est masqué depuis ‘package:ggplot2’:

    last_plot

L'objet suivant est masqué depuis ‘package:MASS’:

    select

L'objet suivant est masqué depuis ‘package:stats’:

    filter

L'objet suivant est masqué depuis ‘package:graphics’:

    layout


Attachement du package : ‘dplyr’

L'objet suivant est masqué depuis ‘package:Rfast’:

    nth

Les objets suivants sont masqués depuis ‘package:data.table’:

    between, first, last

L'objet suivant est masqué depuis ‘package:MASS’:

    select

Les objets suivants sont masqués depuis ‘package:stats’:

    filter, lag

Les objets suivants sont masqués depuis ‘package:base’:

    intersect, setdiff, setequal, union


Attachement du package : ‘kernlab’

L'objet suivant est masqué depuis ‘package:ggplot2’:

    alpha

Le chargement a nécessité le package : corpcor

Attachement du package : ‘corpcor’

L'objet suivant est masqué depuis ‘package:matrixcalc’:

    is.positive.definite

Loaded glmnet 4.1-8

Loaded mixOmics 6.25.1
Thank you for using mixOmics!
Tutorials: http://mixomics.org
Bookdown vignette: https://mixomicsteam.github.io/Bookdown
Questions, issues: Follow the prompts at http://mixomics.org/contact-us
Cite us:  citation('mixOmics')

[1] "kernel: linear"
[1] "trait: T4"
                RF_wiser SVR_wiser GBLUP_wiser RKHS_wiser LASSO_wiser
gp_scenario_1      0.210     0.140       0.120      0.120       0.100
gp_scenario_2      0.260     0.350       0.310      0.340       0.230
gp_scenario_3      0.320     0.430       0.450      0.430       0.310
gp_scenario_4      0.340     0.260       0.230      0.260       0.140
gp_scenario_5      0.390     0.360       0.340      0.370       0.160
gp_scenario_6      0.430     0.450       0.390      0.500       0.390
gp_scenario_7      0.240     0.180       0.130      0.150       0.130
gp_scenario_8      0.370     0.440       0.470      0.440       0.140
gp_scenario_9      0.530     0.420       0.410      0.390       0.230
gp_scenario_10     0.330     0.320       0.330      0.300       0.330
gp_scenario_11     0.330     0.400       0.400      0.420       0.210
gp_scenario_12     0.310     0.380       0.390      0.380       0.240
gp_scenario_13     0.530     0.460       0.440      0.520       0.320
gp_scenario_14     0.190     0.250       0.260      0.230       0.091
gp_scenario_15     0.300     0.250       0.210      0.210       0.260
gp_scenario_16     0.410     0.460       0.390      0.480       0.350
gp_scenario_17     0.290     0.280       0.270      0.260       0.160
gp_scenario_18     0.540     0.590       0.570      0.540       0.350
gp_scenario_19     0.150     0.200       0.220      0.210       0.110
gp_scenario_20     0.180     0.110       0.034      0.082       0.098
gp_scenario_21     0.420     0.510       0.480      0.510       0.130
gp_scenario_22     0.150     0.210       0.230      0.230       0.012
gp_scenario_23     0.230     0.360       0.350      0.360       0.130
gp_scenario_24     0.400     0.370       0.350      0.370       0.120
gp_scenario_25     0.410     0.360       0.320      0.330       0.360
gp_scenario_26     0.290     0.280       0.270      0.290       0.270
gp_scenario_27     0.220     0.220       0.210      0.220       0.260
gp_scenario_28     0.230     0.220       0.190      0.200       0.110
gp_scenario_29     0.500     0.480       0.480      0.470       0.110
gp_scenario_30     0.300     0.340       0.340      0.320       0.210
gp_scenario_31     0.280     0.320       0.380      0.300       0.290
gp_scenario_32     0.350     0.300       0.290      0.290       0.240
gp_scenario_33     0.320     0.330       0.340      0.340       0.140
gp_scenario_34     0.240     0.250       0.240      0.250       0.150
gp_scenario_35     0.380     0.370       0.320      0.350       0.220
gp_scenario_36     0.250     0.250       0.230      0.240      -0.096
gp_scenario_37     0.420     0.270       0.280      0.270       0.260
gp_scenario_38     0.390     0.410       0.480      0.420       0.360
gp_scenario_39     0.190     0.170       0.190      0.160       0.160
gp_scenario_40     0.044     0.190       0.210      0.200      -0.077
gp_scenario_41     0.350     0.340       0.310      0.340       0.250
gp_scenario_42     0.067     0.077       0.095      0.088      -0.065
gp_scenario_43     0.170     0.180       0.200      0.180       0.070
gp_scenario_44     0.510     0.490       0.480      0.480       0.300
gp_scenario_45     0.350     0.450       0.470      0.420       0.130
gp_scenario_46     0.380     0.430       0.450      0.450          NA
gp_scenario_47     0.590     0.570       0.540      0.540       0.290
gp_scenario_48     0.270     0.380       0.370      0.360       0.210
gp_scenario_49     0.310     0.320       0.340      0.310       0.130
gp_scenario_50     0.240     0.220       0.210      0.210       0.110
gp_scenario_51     0.510     0.390       0.340      0.380       0.260
gp_scenario_52     0.350     0.290       0.240      0.250       0.130
gp_scenario_53     0.320     0.420       0.410      0.410       0.096
gp_scenario_54     0.390     0.330       0.330      0.320       0.220
gp_scenario_55     0.270     0.300       0.320      0.290       0.150
gp_scenario_56     0.200     0.300       0.310      0.290       0.170
gp_scenario_57     0.420     0.380       0.390      0.360       0.340
gp_scenario_58     0.490     0.450       0.390      0.440       0.330
gp_scenario_59     0.280     0.400       0.400      0.420       0.230
gp_scenario_60     0.078     0.071       0.080      0.077      -0.011
gp_scenario_61     0.160     0.240       0.220      0.270       0.085
gp_scenario_62     0.460     0.400       0.350      0.420       0.220
gp_scenario_63     0.230     0.220       0.230      0.230       0.089
gp_scenario_64     0.350     0.370       0.360      0.340       0.450
gp_scenario_65     0.190     0.300       0.300      0.270       0.097
gp_scenario_66     0.380     0.380       0.380      0.370       0.260
gp_scenario_67     0.210     0.310       0.340      0.300       0.160
gp_scenario_68     0.420     0.370       0.360      0.370       0.170
gp_scenario_69     0.410     0.400       0.400      0.410       0.300
gp_scenario_70     0.140     0.300       0.290      0.310       0.240
gp_scenario_71     0.170     0.140       0.160      0.130       0.130
gp_scenario_72     0.310     0.360       0.330      0.340       0.310
gp_scenario_73     0.570     0.570       0.520      0.600       0.500
gp_scenario_74     0.430     0.440       0.460      0.450          NA
gp_scenario_75     0.170     0.210       0.230      0.210       0.180
gp_scenario_76     0.170     0.290       0.290      0.330       0.170
gp_scenario_77     0.200     0.350       0.340      0.340          NA
gp_scenario_78     0.260     0.340       0.340      0.340       0.047
gp_scenario_79     0.290     0.310       0.330      0.330       0.250
gp_scenario_80     0.230     0.230       0.220      0.220       0.220
gp_scenario_81     0.380     0.380       0.380      0.410       0.160
gp_scenario_82     0.370     0.380       0.380      0.350       0.300
gp_scenario_83     0.210     0.280       0.270      0.290       0.120
gp_scenario_84     0.360     0.410       0.410      0.390       0.210
gp_scenario_85     0.300     0.260       0.280      0.270       0.310
gp_scenario_86     0.130     0.150       0.180      0.170      -0.038
gp_scenario_87     0.510     0.530       0.520      0.480       0.450
gp_scenario_88     0.380     0.460       0.440      0.470       0.250
gp_scenario_89     0.450     0.440       0.440      0.420       0.096
gp_scenario_90     0.320     0.310       0.320      0.320       0.110
gp_scenario_91     0.270     0.260       0.280      0.270       0.170
gp_scenario_92     0.310     0.310       0.300      0.280       0.300
gp_scenario_93     0.380     0.430       0.430      0.420       0.190
gp_scenario_94     0.590     0.470       0.470      0.470       0.330
gp_scenario_95     0.480     0.420       0.400      0.470       0.230
gp_scenario_96     0.240     0.250       0.270      0.260       0.120
gp_scenario_97     0.370     0.430       0.470      0.440       0.350
gp_scenario_98     0.270     0.340       0.340      0.370       0.019
gp_scenario_99     0.170     0.059       0.037      0.051      -0.056
gp_scenario_100    0.350     0.400       0.400      0.390       0.130
pa_median          0.320     0.340       0.340      0.340       0.180
pa_iqr             0.160     0.150       0.150      0.160       0.140
                RF_ls_means SVR_ls_means GBLUP_ls_means RKHS_ls_means
gp_scenario_1        0.0350      -0.0041         -0.041        -0.038
gp_scenario_2        0.3400       0.4800          0.440         0.460
gp_scenario_3        0.3400       0.3900          0.350         0.360
gp_scenario_4        0.1700       0.1500          0.130         0.140
gp_scenario_5        0.1300       0.2100          0.190         0.190
gp_scenario_6        0.2900       0.3200          0.280         0.330
gp_scenario_7       -0.0430       0.0670          0.048         0.039
gp_scenario_8        0.4500       0.4700          0.460         0.440
gp_scenario_9        0.3000       0.3900          0.360         0.350
gp_scenario_10       0.1500       0.0840          0.046         0.044
gp_scenario_11       0.0360       0.1300          0.080         0.110
gp_scenario_12       0.0860       0.2000          0.190         0.200
gp_scenario_13       0.2700       0.2500          0.230         0.300
gp_scenario_14       0.5800       0.6200          0.610         0.580
gp_scenario_15       0.1200       0.1000          0.055         0.060
gp_scenario_16       0.3200       0.4100          0.350         0.420
gp_scenario_17       0.1800       0.1100          0.093         0.078
gp_scenario_18       0.3000       0.3200          0.290         0.350
gp_scenario_19       0.1700       0.2300          0.230         0.200
gp_scenario_20      -0.0980       0.0910          0.087         0.081
gp_scenario_21       0.1400       0.3900          0.330         0.270
gp_scenario_22       0.2300       0.2700          0.230         0.300
gp_scenario_23       0.1700       0.2700          0.240         0.270
gp_scenario_24       0.2800       0.3000          0.270         0.280
gp_scenario_25       0.1500       0.2500          0.240         0.210
gp_scenario_26       0.3100       0.3400          0.350         0.390
gp_scenario_27       0.3500       0.3700          0.320         0.370
gp_scenario_28       0.2500       0.3500          0.360         0.310
gp_scenario_29       0.1800       0.2800          0.230         0.320
gp_scenario_30       0.1500       0.1600          0.130         0.120
gp_scenario_31       0.2800       0.3800          0.390         0.330
gp_scenario_32       0.1900       0.2100          0.210         0.200
gp_scenario_33       0.3800       0.4300          0.400         0.430
gp_scenario_34       0.1300       0.1900          0.160         0.190
gp_scenario_35       0.1300       0.2000          0.150         0.160
gp_scenario_36       0.0180       0.1500          0.170         0.044
gp_scenario_37       0.3200       0.3900          0.350         0.390
gp_scenario_38       0.4100       0.4000          0.360         0.360
gp_scenario_39       0.1100       0.0740          0.046         0.044
gp_scenario_40       0.1200       0.1900          0.220         0.210
gp_scenario_41       0.1500       0.2000          0.190         0.240
gp_scenario_42       0.0540       0.1200          0.150         0.110
gp_scenario_43       0.0340       0.0740          0.073         0.065
gp_scenario_44       0.5400       0.5900          0.610         0.590
gp_scenario_45       0.2400       0.4500          0.490         0.360
gp_scenario_46       0.1800       0.2400          0.210         0.250
gp_scenario_47       0.3900       0.5100          0.500         0.430
gp_scenario_48       0.1400       0.2500          0.180         0.180
gp_scenario_49       0.0950       0.1200          0.091         0.088
gp_scenario_50       0.1300       0.1900          0.180         0.180
gp_scenario_51      -0.0150       0.1600          0.110         0.120
gp_scenario_52       0.2000       0.2700          0.240         0.250
gp_scenario_53       0.2700       0.3500          0.300         0.310
gp_scenario_54       0.2200       0.1900          0.200         0.170
gp_scenario_55       0.2500       0.3800          0.410         0.340
gp_scenario_56       0.0076       0.1300          0.110         0.110
gp_scenario_57       0.3000       0.2700          0.250         0.220
gp_scenario_58       0.3500       0.4900          0.450         0.450
gp_scenario_59       0.1500       0.3400          0.390         0.390
gp_scenario_60       0.0980       0.0660          0.061         0.052
gp_scenario_61       0.0730       0.1400          0.110         0.140
gp_scenario_62       0.2700       0.4500          0.410         0.500
gp_scenario_63       0.1500       0.3000          0.280         0.280
gp_scenario_64       0.1400       0.1900          0.170         0.150
gp_scenario_65       0.1200       0.2900          0.270         0.260
gp_scenario_66       0.2000       0.2200          0.180         0.180
gp_scenario_67       0.0770       0.2000          0.190         0.200
gp_scenario_68       0.1800       0.2300          0.230         0.220
gp_scenario_69       0.2400       0.3500          0.310         0.380
gp_scenario_70       0.2500       0.4200          0.410         0.410
gp_scenario_71       0.0690       0.1200          0.110         0.096
gp_scenario_72       0.0780       0.2400          0.250         0.220
gp_scenario_73       0.3700       0.3900          0.380         0.370
gp_scenario_74       0.2400       0.2500          0.190         0.280
gp_scenario_75       0.2300       0.3900          0.350         0.340
gp_scenario_76       0.1100       0.2900          0.280         0.340
gp_scenario_77       0.0330       0.2400          0.260         0.210
gp_scenario_78       0.3300       0.3300          0.330         0.350
gp_scenario_79       0.1300       0.2200          0.200         0.200
gp_scenario_80      -0.0670       0.0300         -0.026        -0.032
gp_scenario_81       0.2500       0.2800          0.300         0.330
gp_scenario_82       0.2700       0.3600          0.330         0.310
gp_scenario_83       0.0380       0.2000          0.190         0.110
gp_scenario_84      -0.0190       0.1500          0.110         0.120
gp_scenario_85       0.2800       0.2500          0.220         0.250
gp_scenario_86       0.2000       0.3100          0.280         0.270
gp_scenario_87       0.2200       0.3000          0.270         0.260
gp_scenario_88       0.3500       0.4300          0.430         0.430
gp_scenario_89       0.2600       0.2400          0.230         0.200
gp_scenario_90       0.4100       0.4000          0.330         0.430
gp_scenario_91      -0.1400      -0.0380         -0.012        -0.023
gp_scenario_92       0.2100       0.2600          0.270         0.210
gp_scenario_93       0.2800       0.3200          0.290         0.300
gp_scenario_94       0.3600       0.4200          0.400         0.360
gp_scenario_95       0.2900       0.4000          0.370         0.440
gp_scenario_96       0.1900       0.2800          0.270         0.260
gp_scenario_97       0.3900       0.4400          0.450         0.380
gp_scenario_98       0.0340       0.1500          0.082         0.150
gp_scenario_99       0.0850       0.1100          0.051         0.084
gp_scenario_100      0.4700       0.4100          0.380         0.450
pa_median            0.1900       0.2600          0.240         0.260
pa_iqr               0.1700       0.1900          0.180         0.200
                LASSO_ls_means RF_blups SVR_blups GBLUP_blups RKHS_blups
gp_scenario_1           0.0300   0.1500     0.130       0.091      0.092
gp_scenario_2           0.2900   0.4100     0.590       0.570      0.590
gp_scenario_3               NA   0.4200     0.470       0.440      0.450
gp_scenario_4           0.2100   0.2300     0.200       0.160      0.170
gp_scenario_5           0.0089   0.2100     0.400       0.370      0.390
gp_scenario_6               NA   0.2900     0.310       0.290      0.300
gp_scenario_7           0.0460   0.0260     0.097       0.044      0.046
gp_scenario_8           0.2800   0.5300     0.500       0.470      0.490
gp_scenario_9           0.1300   0.3700     0.520       0.480      0.460
gp_scenario_10          0.1600   0.2300     0.230       0.200      0.190
gp_scenario_11          0.0390   0.1400     0.240       0.230      0.250
gp_scenario_12         -0.0140   0.2700     0.310       0.290      0.300
gp_scenario_13          0.1500   0.3300     0.320       0.300      0.360
gp_scenario_14          0.2400   0.4000     0.530       0.510      0.460
gp_scenario_15          0.1100   0.2600     0.220       0.130      0.140
gp_scenario_16          0.1700   0.4000     0.530       0.430      0.490
gp_scenario_17          0.1900   0.1800     0.130       0.140      0.120
gp_scenario_18              NA   0.4700     0.520       0.520      0.530
gp_scenario_19          0.0110   0.1400     0.230       0.240      0.230
gp_scenario_20         -0.0960   0.0520     0.260       0.170      0.200
gp_scenario_21          0.1100   0.2600     0.490       0.400      0.380
gp_scenario_22         -0.0410   0.1500     0.240       0.200      0.230
gp_scenario_23          0.1500   0.2600     0.370       0.360      0.360
gp_scenario_24              NA   0.3400     0.420       0.360      0.360
gp_scenario_25          0.1100   0.1900     0.340       0.320      0.300
gp_scenario_26          0.3500   0.4000     0.360       0.370      0.390
gp_scenario_27          0.0820   0.3400     0.430       0.380      0.400
gp_scenario_28              NA   0.1400     0.350       0.330      0.310
gp_scenario_29         -0.0240   0.3500     0.440       0.360      0.410
gp_scenario_30         -0.1900   0.2000     0.180       0.150      0.150
gp_scenario_31          0.3300   0.4000     0.480       0.500      0.440
gp_scenario_32          0.1600   0.3200     0.300       0.290      0.290
gp_scenario_33          0.1000   0.4500     0.480       0.410      0.430
gp_scenario_34          0.2100   0.1500     0.300       0.270      0.270
gp_scenario_35          0.0860   0.1900     0.300       0.260      0.270
gp_scenario_36         -0.2100  -0.0550     0.095       0.100      0.065
gp_scenario_37          0.1600   0.3200     0.410       0.360      0.380
gp_scenario_38          0.0610   0.3900     0.530       0.470      0.460
gp_scenario_39          0.0730   0.0860     0.110       0.079      0.066
gp_scenario_40              NA  -0.0600     0.110       0.140      0.140
gp_scenario_41              NA   0.1100     0.160       0.130      0.150
gp_scenario_42          0.0970   0.1400     0.140       0.140      0.120
gp_scenario_43          0.0350   0.0210     0.150       0.150      0.130
gp_scenario_44          0.1100   0.5300     0.550       0.590      0.570
gp_scenario_45              NA   0.2700     0.500       0.500      0.430
gp_scenario_46          0.0450   0.2800     0.400       0.380      0.420
gp_scenario_47          0.2200   0.4900     0.550       0.530      0.510
gp_scenario_48         -0.2000   0.3200     0.380       0.290      0.290
gp_scenario_49          0.2700   0.1500     0.180       0.200      0.180
gp_scenario_50          0.0370   0.2300     0.200       0.200      0.200
gp_scenario_51         -0.0099   0.0760     0.210       0.150      0.170
gp_scenario_52          0.0720   0.3500     0.410       0.310      0.320
gp_scenario_53              NA   0.3000     0.390       0.360      0.330
gp_scenario_54         -0.0570   0.3200     0.390       0.390      0.360
gp_scenario_55          0.2600   0.2500     0.390       0.450      0.410
gp_scenario_56          0.0660   0.1300     0.170       0.160      0.170
gp_scenario_57          0.1300   0.4100     0.480       0.460      0.420
gp_scenario_58          0.1400   0.4800     0.590       0.530      0.540
gp_scenario_59              NA   0.1600     0.320       0.340      0.350
gp_scenario_60          0.0780   0.0360     0.034       0.049      0.046
gp_scenario_61         -0.0290   0.1400     0.220       0.200      0.220
gp_scenario_62         -0.0760   0.4600     0.530       0.490      0.550
gp_scenario_63              NA   0.2200     0.320       0.290      0.290
gp_scenario_64          0.1400   0.1600     0.310       0.270      0.250
gp_scenario_65          0.0052   0.2000     0.340       0.330      0.320
gp_scenario_66          0.1400   0.2200     0.270       0.210      0.210
gp_scenario_67          0.1200   0.0660     0.230       0.210      0.210
gp_scenario_68          0.3300   0.3100     0.370       0.370      0.370
gp_scenario_69          0.2800   0.2900     0.410       0.380      0.400
gp_scenario_70          0.0220   0.3800     0.530       0.500      0.510
gp_scenario_71         -0.0360  -0.0740     0.071       0.073      0.058
gp_scenario_72          0.0940   0.1500     0.340       0.320      0.310
gp_scenario_73              NA   0.4500     0.510       0.520      0.510
gp_scenario_74          0.1400   0.2500     0.370       0.340      0.400
gp_scenario_75              NA   0.4000     0.450       0.410      0.410
gp_scenario_76          0.0680   0.1800     0.340       0.380      0.410
gp_scenario_77          0.0190   0.2600     0.370       0.400      0.350
gp_scenario_78              NA   0.3600     0.440       0.460      0.440
gp_scenario_79          0.0780   0.2200     0.240       0.240      0.240
gp_scenario_80              NA  -0.0021     0.170       0.080      0.088
gp_scenario_81         -0.0470   0.2800     0.430       0.440      0.480
gp_scenario_82          0.1100   0.3600     0.410       0.360      0.370
gp_scenario_83              NA   0.2300     0.340       0.270      0.270
gp_scenario_84         -0.1300   0.0540     0.240       0.220      0.220
gp_scenario_85          0.1000   0.2300     0.320       0.290      0.290
gp_scenario_86         -0.0110   0.1900     0.260       0.270      0.260
gp_scenario_87          0.0730   0.3100     0.450       0.420      0.390
gp_scenario_88         -0.2900   0.2300     0.470       0.460      0.450
gp_scenario_89              NA   0.1800     0.240       0.220      0.180
gp_scenario_90          0.2200   0.4400     0.460       0.410      0.460
gp_scenario_91         -0.2000  -0.1100     0.075       0.091      0.077
gp_scenario_92              NA   0.3000     0.360       0.350      0.320
gp_scenario_93          0.1400   0.3300     0.430       0.400      0.400
gp_scenario_94          0.2200   0.5300     0.510       0.520      0.480
gp_scenario_95          0.2600   0.4100     0.460       0.420      0.500
gp_scenario_96              NA   0.1800     0.280       0.270      0.270
gp_scenario_97          0.2700   0.4700     0.530       0.550      0.520
gp_scenario_98          0.0370   0.3100     0.230       0.260      0.320
gp_scenario_99          0.1200   0.1500     0.150       0.068      0.089
gp_scenario_100             NA   0.5600     0.510       0.450      0.490
pa_median               0.0960   0.2600     0.340       0.330      0.320
pa_iqr                  0.1400   0.2100     0.220       0.210      0.210
                LASSO_blups
gp_scenario_1        0.2000
gp_scenario_2            NA
gp_scenario_3            NA
gp_scenario_4        0.3800
gp_scenario_5        0.1500
gp_scenario_6            NA
gp_scenario_7        0.1300
gp_scenario_8        0.3400
gp_scenario_9            NA
gp_scenario_10       0.1600
gp_scenario_11       0.0730
gp_scenario_12      -0.2200
gp_scenario_13       0.2700
gp_scenario_14           NA
gp_scenario_15       0.1800
gp_scenario_16       0.1200
gp_scenario_17           NA
gp_scenario_18           NA
gp_scenario_19      -0.0600
gp_scenario_20       0.0140
gp_scenario_21       0.2500
gp_scenario_22       0.3000
gp_scenario_23       0.2200
gp_scenario_24       0.2600
gp_scenario_25       0.1900
gp_scenario_26       0.2500
gp_scenario_27           NA
gp_scenario_28       0.2800
gp_scenario_29       0.2100
gp_scenario_30       0.1300
gp_scenario_31       0.2500
gp_scenario_32       0.2800
gp_scenario_33       0.3900
gp_scenario_34       0.2700
gp_scenario_35       0.0500
gp_scenario_36      -0.2200
gp_scenario_37       0.1200
gp_scenario_38       0.1500
gp_scenario_39       0.0410
gp_scenario_40       0.2100
gp_scenario_41       0.2800
gp_scenario_42      -0.0690
gp_scenario_43       0.1300
gp_scenario_44       0.1000
gp_scenario_45           NA
gp_scenario_46       0.2400
gp_scenario_47           NA
gp_scenario_48       0.0086
gp_scenario_49       0.1700
gp_scenario_50       0.0990
gp_scenario_51      -0.0530
gp_scenario_52       0.3100
gp_scenario_53       0.2000
gp_scenario_54       0.2300
gp_scenario_55       0.1600
gp_scenario_56       0.1100
gp_scenario_57           NA
gp_scenario_58       0.1000
gp_scenario_59       0.2800
gp_scenario_60      -0.0430
gp_scenario_61       0.0800
gp_scenario_62      -0.0440
gp_scenario_63       0.2300
gp_scenario_64       0.2000
gp_scenario_65       0.0730
gp_scenario_66       0.1100
gp_scenario_67       0.0450
gp_scenario_68       0.3200
gp_scenario_69       0.3100
gp_scenario_70       0.0170
gp_scenario_71       0.0340
gp_scenario_72       0.0350
gp_scenario_73       0.3100
gp_scenario_74      -0.0550
gp_scenario_75           NA
gp_scenario_76       0.3000
gp_scenario_77       0.1800
gp_scenario_78      -0.0081
gp_scenario_79       0.0390
gp_scenario_80       0.1800
gp_scenario_81           NA
gp_scenario_82       0.2100
gp_scenario_83       0.1700
gp_scenario_84      -0.0520
gp_scenario_85       0.1400
gp_scenario_86       0.2000
gp_scenario_87       0.2200
gp_scenario_88           NA
gp_scenario_89       0.1200
gp_scenario_90       0.3200
gp_scenario_91      -0.1800
gp_scenario_92       0.3000
gp_scenario_93       0.1300
gp_scenario_94           NA
gp_scenario_95       0.3200
gp_scenario_96       0.2700
gp_scenario_97           NA
gp_scenario_98           NA
gp_scenario_99       0.0780
gp_scenario_100          NA
pa_median            0.1600
pa_iqr               0.1800
                GBLUP_wiser GBLUP_ls_means GBLUP_blups
gp_scenario_1          0.81         0.8800        0.91
gp_scenario_2          0.63         0.2000        0.39
gp_scenario_3          0.49         0.4600        0.53
gp_scenario_4          0.73         0.6400        0.77
gp_scenario_5          0.61         0.5800        0.61
gp_scenario_6          0.55         0.4100        0.62
gp_scenario_7          0.77         0.7600        0.84
gp_scenario_8          0.56         0.2700        0.51
gp_scenario_9          0.54         0.3200        0.36
gp_scenario_10         0.69         0.8200        0.81
gp_scenario_11         0.53         0.6100        0.64
gp_scenario_12         0.65         0.6700        0.69
gp_scenario_13         0.49         0.4900        0.60
gp_scenario_14         0.64         0.0025        0.39
gp_scenario_15         0.81         0.8300        0.89
gp_scenario_16         0.57         0.3600        0.47
gp_scenario_17         0.60         0.6600        0.72
gp_scenario_18         0.41         0.4700        0.42
gp_scenario_19         0.84         0.6400        0.83
gp_scenario_20         0.75         0.6000        0.69
gp_scenario_21         0.50         0.4200        0.54
gp_scenario_22         0.73         0.4600        0.66
gp_scenario_23         0.73         0.7200        0.75
gp_scenario_24         0.63         0.6000        0.67
gp_scenario_25         0.63         0.5700        0.62
gp_scenario_26         0.58         0.4700        0.57
gp_scenario_27         0.71         0.4100        0.54
gp_scenario_28         0.82         0.5400        0.70
gp_scenario_29         0.50         0.5500        0.58
gp_scenario_30         0.66         0.6700        0.81
gp_scenario_31         0.56         0.4600        0.50
gp_scenario_32         0.68         0.8100        0.84
gp_scenario_33         0.68         0.2800        0.54
gp_scenario_34         0.65         0.6500        0.66
gp_scenario_35         0.70         0.5900        0.71
gp_scenario_36         0.56         0.4000        0.63
gp_scenario_37         0.65         0.3500        0.52
gp_scenario_38         0.51         0.4800        0.52
gp_scenario_39         0.72         0.6600        0.72
gp_scenario_40         0.77         0.7100        0.86
gp_scenario_41         0.68         0.5500        0.76
gp_scenario_42         0.84         0.6400        0.75
gp_scenario_43         0.72         0.8300        0.78
gp_scenario_44         0.51         0.0064        0.46
gp_scenario_45         0.45         0.1900        0.33
gp_scenario_46         0.54         0.5300        0.56
gp_scenario_47         0.47         0.0960        0.29
gp_scenario_48         0.59         0.5100        0.57
gp_scenario_49         0.69         0.7100        0.76
gp_scenario_50         0.80         0.7200        0.83
gp_scenario_51         0.57         0.7400        0.77
gp_scenario_52         0.90         0.6500        0.79
gp_scenario_53         0.57         0.4300        0.61
gp_scenario_54         0.56         0.6000        0.56
gp_scenario_55         0.62         0.3400        0.48
gp_scenario_56         0.60         0.6400        0.69
gp_scenario_57         0.52         0.5100        0.48
gp_scenario_58         0.52         0.0110        0.31
gp_scenario_59         0.63         0.4300        0.70
gp_scenario_60         0.89         0.7600        0.88
gp_scenario_61         0.70         0.6500        0.73
gp_scenario_62         0.54         0.3600        0.44
gp_scenario_63         0.78         0.5000        0.66
gp_scenario_64         0.63         0.7000        0.73
gp_scenario_65         0.64         0.5300        0.66
gp_scenario_66         0.65         0.6600        0.72
gp_scenario_67         0.65         0.6100        0.76
gp_scenario_68         0.62         0.4900        0.60
gp_scenario_69         0.66         0.5900        0.68
gp_scenario_70         0.55         0.3600        0.40
gp_scenario_71         0.72         0.6800        0.80
gp_scenario_72         0.82         0.6300        0.74
gp_scenario_73         0.25         0.4300        0.46
gp_scenario_74         0.50         0.5100        0.56
gp_scenario_75         0.70         0.4300        0.61
gp_scenario_76         0.71         0.4200        0.51
gp_scenario_77         0.58         0.5100        0.53
gp_scenario_78         0.55         0.3700        0.48
gp_scenario_79         0.75         0.8200        0.92
gp_scenario_80         0.68         0.6700        0.74
gp_scenario_81         0.64         0.5400        0.54
gp_scenario_82         0.63         0.4200        0.53
gp_scenario_83         0.60         0.4300        0.57
gp_scenario_84         0.54         0.7400        0.79
gp_scenario_85         0.68         0.6300        0.72
gp_scenario_86         0.84         0.5500        0.82
gp_scenario_87         0.52         0.5900        0.59
gp_scenario_88         0.46         0.4600        0.51
gp_scenario_89         0.58         0.5500        0.66
gp_scenario_90         0.63         0.4000        0.53
gp_scenario_91         0.74         0.8400        0.85
gp_scenario_92         0.67         0.5100        0.63
gp_scenario_93         0.56         0.4800        0.58
gp_scenario_94         0.53         0.3200        0.40
gp_scenario_95         0.54         0.3100        0.49
gp_scenario_96         0.78         0.7100        0.83
gp_scenario_97         0.56         0.4300        0.50
gp_scenario_98         0.51         0.5500        0.57
gp_scenario_99         0.79         0.6400        0.79
gp_scenario_100        0.62         0.3600        0.50
h2_median              0.63         0.5400        0.62
h2_iqr                 0.16         0.2200        0.22
