[1] "using pine_env"
Le chargement a nécessité le package : Matrix

Attachement du package : ‘tidyr’

Les objets suivants sont masqués depuis ‘package:Matrix’:

    expand, pack, unpack

Le chargement a nécessité le package : foreach
Le chargement a nécessité le package : iterators
Le chargement a nécessité le package : parallel
Le chargement a nécessité le package : rngtools
This build of rgl does not include OpenGL functions.  Use
 rglwidget() to display results, e.g. via options(rgl.printRglwidget = TRUE).
Le chargement a nécessité le package : Rcpp
Le chargement a nécessité le package : zigg
Le chargement a nécessité le package : RcppParallel

Attachement du package : ‘RcppParallel’

L'objet suivant est masqué depuis ‘package:Rcpp’:

    LdFlags


Rfast: 2.1.5.1
 ___ __ __ __ __    __ __ __ __ __ _             _               __ __ __ __ __     __ __ __ __ __ __   
|  __ __ __ __  |  |  __ __ __ __ _/            / \             |  __ __ __ __ /   /__ __ _   _ __ __\  
| |           | |  | |                         / _ \            | |                        / /          
| |           | |  | |                        / / \ \           | |                       / /          
| |           | |  | |                       / /   \ \          | |                      / /          
| |__ __ __ __| |  | |__ __ __ __           / /     \ \         | |__ __ __ __ _        / /__/\          
|    __ __ __ __|  |  __ __ __ __|         / /__ _ __\ \        |_ __ __ __ _   |      / ___  /           
|   \              | |                    / _ _ _ _ _ _ \                     | |      \/  / /       
| |\ \             | |                   / /           \ \                    | |         / /          
| | \ \            | |                  / /             \ \                   | |        / /          
| |  \ \           | |                 / /               \ \                  | |       / /          
| |   \ \__ __ _   | |                / /                 \ \     _ __ __ __ _| |      / /          
|_|    \__ __ __\  |_|               /_/                   \_\   /_ __ __ __ ___|      \/             team

Attachement du package : ‘Rfast’

Les objets suivants sont masqués depuis ‘package:robustbase’:

    colMedians, rowMedians

L'objet suivant est masqué depuis ‘package:data.table’:

    transpose

Le chargement a nécessité le package : lattice

Attachement du package : ‘plotly’

L'objet suivant est masqué depuis ‘package:ggplot2’:

    last_plot

L'objet suivant est masqué depuis ‘package:MASS’:

    select

L'objet suivant est masqué depuis ‘package:stats’:

    filter

L'objet suivant est masqué depuis ‘package:graphics’:

    layout


Attachement du package : ‘dplyr’

L'objet suivant est masqué depuis ‘package:Rfast’:

    nth

Les objets suivants sont masqués depuis ‘package:data.table’:

    between, first, last

L'objet suivant est masqué depuis ‘package:MASS’:

    select

Les objets suivants sont masqués depuis ‘package:stats’:

    filter, lag

Les objets suivants sont masqués depuis ‘package:base’:

    intersect, setdiff, setequal, union


Attachement du package : ‘kernlab’

L'objet suivant est masqué depuis ‘package:ggplot2’:

    alpha

Le chargement a nécessité le package : corpcor

Attachement du package : ‘corpcor’

L'objet suivant est masqué depuis ‘package:matrixcalc’:

    is.positive.definite

Loaded glmnet 4.1-8

Loaded mixOmics 6.31.5
Thank you for using mixOmics!
Tutorials: http://mixomics.org
Bookdown vignette: https://mixomicsteam.github.io/Bookdown
Questions, issues: Follow the prompts at http://mixomics.org/contact-us
Cite us:  citation('mixOmics')

[1] "kernel: linear"
[1] "trait: I"
                RF_wiser SVR_wiser GBLUP_wiser RKHS_wiser LASSO_wiser
gp_scenario_1      0.560     0.460     0.46000     0.3200          NA
gp_scenario_2      0.300     0.270     0.30000     0.2300     -0.0170
gp_scenario_3      0.130     0.320     0.21000     0.0410      0.0210
gp_scenario_4      0.730     0.610     0.63000     0.4400          NA
gp_scenario_5      0.510     0.480     0.50000     0.4200          NA
gp_scenario_6      0.380     0.300     0.21000     0.0920          NA
gp_scenario_7      0.300     0.380     0.32000     0.2000      0.2800
gp_scenario_8      0.450     0.270     0.12000    -0.0110          NA
gp_scenario_9      0.450     0.400     0.39000     0.3000          NA
gp_scenario_10     0.300     0.330     0.26000     0.2200      0.0330
gp_scenario_11     0.390     0.330     0.34000     0.3000          NA
gp_scenario_12     0.420     0.360     0.30000     0.1700      0.3000
gp_scenario_13     0.550     0.480     0.46000     0.2800      0.1900
gp_scenario_14     0.790     0.670     0.59000     0.5800          NA
gp_scenario_15     0.230     0.390     0.40000     0.3300      0.0220
gp_scenario_16     0.320     0.210     0.22000     0.0660     -0.0020
gp_scenario_17     0.054     0.220     0.17000     0.0840          NA
gp_scenario_18     0.180     0.190     0.19000     0.1400      0.1800
gp_scenario_19     0.450     0.310     0.18000     0.0570     -0.0310
gp_scenario_20     0.310     0.300     0.18000     0.1000      0.1400
gp_scenario_21     0.190     0.340     0.16000     0.1400      0.1200
gp_scenario_22     0.680     0.760     0.77000     0.7100      0.2100
gp_scenario_23     0.650     0.450     0.39000     0.2500          NA
gp_scenario_24     0.330     0.320     0.39000     0.1300      0.1700
gp_scenario_25     0.410     0.340     0.27000     0.1100          NA
gp_scenario_26     0.480     0.480     0.38000     0.3200      0.0670
gp_scenario_27     0.480     0.210     0.32000     0.1800          NA
gp_scenario_28     0.670     0.630     0.58000     0.4500          NA
gp_scenario_29     0.081     0.180     0.25000     0.1300     -0.1900
gp_scenario_30     0.320     0.230     0.08200     0.0540      0.0140
gp_scenario_31    -0.060     0.130     0.15000     0.0097     -0.1400
gp_scenario_32     0.470     0.360     0.33000     0.2900     -0.1300
gp_scenario_33     0.470     0.530     0.47000     0.4700      0.1100
gp_scenario_34     0.720     0.670     0.62000     0.5500          NA
gp_scenario_35     0.054     0.160     0.12000     0.0270     -0.2000
gp_scenario_36     0.530     0.400     0.31000     0.1100      0.1100
gp_scenario_37     0.410     0.410     0.37000     0.1800          NA
gp_scenario_38     0.400     0.320     0.31000     0.2000      0.1500
gp_scenario_39     0.610     0.480     0.45000     0.3500      0.2000
gp_scenario_40     0.650     0.530     0.50000     0.4500      0.3800
gp_scenario_41     0.660     0.570     0.53000     0.4500      0.3000
gp_scenario_42     0.540     0.500     0.48000     0.3600      0.1000
gp_scenario_43     0.410     0.340     0.26000     0.2200     -0.1300
gp_scenario_44     0.035     0.270     0.28000     0.0880      0.1100
gp_scenario_45     0.600     0.640     0.64000     0.5600          NA
gp_scenario_46     0.410     0.290     0.26000     0.1400     -0.0180
gp_scenario_47     0.280     0.430     0.38000     0.1800          NA
gp_scenario_48     0.360     0.270     0.23000     0.1800      0.1100
gp_scenario_49     0.420     0.430     0.41000     0.3900     -0.0087
gp_scenario_50     0.430     0.370     0.22000     0.0510     -0.1700
gp_scenario_51     0.670     0.570     0.52000     0.3200     -0.1300
gp_scenario_52     0.058     0.210     0.09400     0.0049     -0.0890
gp_scenario_53     0.370     0.370     0.34000     0.2700      0.2600
gp_scenario_54     0.210     0.210     0.21000     0.0930     -0.0920
gp_scenario_55     0.350     0.440     0.39000     0.2500      0.0460
gp_scenario_56     0.290     0.190     0.05600    -0.1300      0.0045
gp_scenario_57     0.280     0.200     0.13000    -0.0450     -0.2300
gp_scenario_58     0.350     0.350     0.35000     0.2600          NA
gp_scenario_59     0.590     0.580     0.50000     0.4400          NA
gp_scenario_60     0.440     0.360     0.35000     0.2500      0.2700
gp_scenario_61     0.590     0.560     0.50000     0.3900      0.2400
gp_scenario_62     0.560     0.560     0.44000     0.4400      0.0990
gp_scenario_63     0.540     0.500     0.47000     0.3600      0.2900
gp_scenario_64     0.380     0.480     0.42000     0.2900      0.2000
gp_scenario_65     0.410     0.320     0.31000     0.1300      0.0730
gp_scenario_66     0.370     0.380     0.35000     0.1900          NA
gp_scenario_67     0.410     0.420     0.41000     0.3300      0.1200
gp_scenario_68     0.380     0.410     0.28000     0.2000      0.1100
gp_scenario_69     0.450     0.370     0.23000     0.1400      0.0360
gp_scenario_70     0.350     0.200     0.18000     0.0880          NA
gp_scenario_71     0.700     0.590     0.54000     0.4400          NA
gp_scenario_72     0.600     0.600     0.53000     0.4500          NA
gp_scenario_73     0.037     0.340     0.28000     0.0380      0.0440
gp_scenario_74     0.036     0.240     0.18000    -0.0170     -0.1800
gp_scenario_75     0.500     0.580     0.53000     0.5100          NA
gp_scenario_76     0.440     0.590     0.52000     0.4000      0.2100
gp_scenario_77    -0.055    -0.019    -0.08400    -0.1400     -0.1000
gp_scenario_78     0.280     0.280     0.18000     0.0910     -0.1700
gp_scenario_79     0.590     0.470     0.50000     0.3700          NA
gp_scenario_80     0.570     0.590     0.60000     0.6000          NA
gp_scenario_81     0.260     0.510     0.44000     0.4100     -0.0580
gp_scenario_82     0.350     0.390     0.35000     0.2300      0.1600
gp_scenario_83     0.630     0.530     0.51000     0.4000      0.2400
gp_scenario_84     0.420     0.440     0.35000     0.2000     -0.1300
gp_scenario_85     0.650     0.570     0.54000     0.4900      0.3800
gp_scenario_86     0.410     0.400     0.26000     0.1800      0.1100
gp_scenario_87     0.200     0.200     0.20000     0.0054      0.1400
gp_scenario_88     0.024     0.410     0.30000     0.2700      0.0890
gp_scenario_89     0.740     0.640     0.62000     0.5800          NA
gp_scenario_90     0.580     0.540     0.55000     0.4300          NA
gp_scenario_91     0.580     0.620     0.58000     0.5600          NA
gp_scenario_92     0.490     0.460     0.43000     0.3500      0.3400
gp_scenario_93     0.460     0.150     0.00046    -0.0068          NA
gp_scenario_94     0.019     0.039     0.02100    -0.1100      0.0420
gp_scenario_95     0.350     0.420     0.37000     0.2500      0.0830
gp_scenario_96     0.580     0.480     0.47000     0.2800      0.2600
gp_scenario_97     0.280     0.270     0.23000     0.1100          NA
gp_scenario_98     0.300     0.360     0.38000     0.2400          NA
gp_scenario_99     0.320     0.320     0.22000     0.1500     -0.1800
gp_scenario_100    0.300     0.310     0.18000     0.1400     -0.1300
pa_median          0.410     0.380     0.35000     0.2300      0.0860
pa_iqr             0.250     0.200     0.25000     0.2600      0.2200
                RF_ls_means SVR_ls_means GBLUP_ls_means RKHS_ls_means
gp_scenario_1        0.3200       0.3000         0.1700        0.1200
gp_scenario_2       -0.0650      -0.0450         0.0200       -0.0220
gp_scenario_3        0.0051       0.1100         0.0430       -0.1400
gp_scenario_4        0.4900       0.4100         0.2800        0.2100
gp_scenario_5        0.1900       0.1300         0.0550        0.0240
gp_scenario_6        0.0770       0.0980         0.0710        0.0032
gp_scenario_7        0.0970       0.1500         0.0980        0.0220
gp_scenario_8        0.1300       0.3000         0.1100        0.0310
gp_scenario_9        0.2900       0.2400         0.1200        0.1100
gp_scenario_10       0.1400       0.0680        -0.0210       -0.1100
gp_scenario_11       0.3400       0.2900         0.2000        0.1800
gp_scenario_12       0.1100       0.0062        -0.0490       -0.1400
gp_scenario_13       0.1100       0.3300         0.2100        0.0850
gp_scenario_14       0.4900       0.4100         0.2600        0.2200
gp_scenario_15      -0.0110      -0.0400        -0.0380       -0.1700
gp_scenario_16       0.2000       0.2400         0.2200        0.1500
gp_scenario_17      -0.0260       0.0590        -0.0410       -0.1300
gp_scenario_18      -0.2200      -0.0500        -0.0580       -0.1200
gp_scenario_19       0.1600       0.0450        -0.1300       -0.1500
gp_scenario_20       0.1700      -0.0500        -0.1400       -0.2400
gp_scenario_21      -0.1800      -0.1900        -0.3100       -0.3500
gp_scenario_22       0.2900       0.3700         0.3000        0.2300
gp_scenario_23       0.5200       0.3700         0.1500        0.0840
gp_scenario_24       0.2700       0.3000         0.2700        0.1000
gp_scenario_25       0.1900       0.1600         0.1100       -0.0054
gp_scenario_26       0.2100       0.2600         0.1300        0.0480
gp_scenario_27       0.3400       0.2400         0.1600        0.1200
gp_scenario_28       0.5000       0.3700         0.2200        0.2000
gp_scenario_29       0.1300       0.0610         0.0810       -0.1300
gp_scenario_30       0.1800       0.1600         0.0550       -0.0850
gp_scenario_31      -0.0310      -0.0390        -0.0180       -0.0300
gp_scenario_32      -0.0410       0.0048        -0.0590       -0.1200
gp_scenario_33       0.2400       0.3200         0.2400        0.2300
gp_scenario_34       0.5200       0.6000         0.4600        0.4000
gp_scenario_35       0.0084      -0.0150        -0.0340       -0.1500
gp_scenario_36       0.2500       0.1800         0.0590       -0.0400
gp_scenario_37       0.1700       0.1800         0.0670       -0.1200
gp_scenario_38       0.1300       0.0920         0.0730       -0.0410
gp_scenario_39       0.3600       0.3200         0.2700        0.2400
gp_scenario_40       0.1700       0.1900         0.0700        0.0160
gp_scenario_41       0.3100       0.2500         0.1900        0.1600
gp_scenario_42       0.4200       0.3800         0.2900        0.2100
gp_scenario_43       0.0019      -0.0540        -0.1200       -0.1800
gp_scenario_44       0.2300       0.0610         0.0960       -0.0180
gp_scenario_45       0.4000       0.3600         0.2500        0.1700
gp_scenario_46       0.1200       0.0110        -0.0280       -0.0840
gp_scenario_47       0.2100       0.3400         0.2700        0.1600
gp_scenario_48       0.1000       0.0170        -0.0960       -0.1900
gp_scenario_49       0.2100       0.2200         0.1800        0.0910
gp_scenario_50       0.1400       0.0700        -0.0850       -0.1900
gp_scenario_51       0.2700       0.2200         0.0300       -0.1100
gp_scenario_52      -0.1500      -0.1200        -0.1800       -0.3300
gp_scenario_53       0.0410       0.0750         0.0520        0.0300
gp_scenario_54       0.3000       0.2900         0.2600        0.2100
gp_scenario_55       0.1100       0.0970         0.0580       -0.0760
gp_scenario_56       0.1000       0.0590        -0.0460       -0.2300
gp_scenario_57      -0.0190       0.0630         0.0640       -0.1400
gp_scenario_58       0.2900       0.1000         0.0280        0.0310
gp_scenario_59       0.3600       0.2600         0.1400        0.0780
gp_scenario_60       0.3400       0.2700         0.1900        0.1700
gp_scenario_61       0.3200       0.3500         0.2400        0.1800
gp_scenario_62       0.2300       0.1200         0.0045       -0.0510
gp_scenario_63       0.4100       0.4300         0.3700        0.3100
gp_scenario_64       0.0750       0.1800         0.1300        0.0940
gp_scenario_65       0.0380      -0.0390        -0.0540       -0.2500
gp_scenario_66      -0.0690      -0.0180        -0.0660       -0.2300
gp_scenario_67       0.1100       0.1200         0.1300        0.0082
gp_scenario_68      -0.0620       0.1300        -0.0032       -0.2000
gp_scenario_69       0.0330       0.0690        -0.0760       -0.0900
gp_scenario_70      -0.1600      -0.1100        -0.0700       -0.1800
gp_scenario_71       0.3500       0.2800         0.1100        0.0750
gp_scenario_72       0.2600       0.3100         0.1500       -0.0073
gp_scenario_73       0.0740       0.0860         0.0770       -0.1200
gp_scenario_74       0.1000       0.1900         0.0960        0.0250
gp_scenario_75       0.2600       0.2700         0.2300        0.2100
gp_scenario_76      -0.0450       0.2000         0.1400        0.0890
gp_scenario_77      -0.1200      -0.1200        -0.1500       -0.1900
gp_scenario_78       0.3700       0.2000         0.1700        0.0290
gp_scenario_79       0.3800       0.3500         0.2400        0.1800
gp_scenario_80       0.3900       0.3700         0.3300        0.3200
gp_scenario_81       0.0320       0.0750         0.0190       -0.0770
gp_scenario_82       0.2200       0.2100         0.1200        0.0360
gp_scenario_83       0.3900       0.3500         0.2500        0.1400
gp_scenario_84       0.0700      -0.0015        -0.0520       -0.2400
gp_scenario_85       0.4300       0.3100         0.1800        0.1400
gp_scenario_86      -0.0730      -0.0790        -0.1400       -0.2100
gp_scenario_87       0.0210       0.0170         0.0330       -0.1400
gp_scenario_88       0.1500       0.1700         0.0770        0.0150
gp_scenario_89       0.3200       0.2800         0.1400        0.0540
gp_scenario_90       0.4300       0.4400         0.3500        0.2900
gp_scenario_91       0.2600       0.4000         0.2800        0.2300
gp_scenario_92       0.2300       0.2600         0.1900        0.1500
gp_scenario_93       0.0410      -0.1700        -0.3100       -0.2700
gp_scenario_94      -0.2900      -0.1400        -0.1200       -0.2700
gp_scenario_95       0.2900       0.2400         0.1800        0.0950
gp_scenario_96       0.4900       0.3200         0.1800        0.1000
gp_scenario_97       0.2200       0.2300         0.0980       -0.0018
gp_scenario_98       0.2100       0.1900         0.1500        0.0760
gp_scenario_99       0.1500       0.0710        -0.0190       -0.0870
gp_scenario_100     -0.1000       0.0150        -0.0930       -0.1300
pa_median            0.1800       0.1800         0.0960        0.0160
pa_iqr               0.2600       0.2300         0.2100        0.2600
                LASSO_ls_means RF_blups SVR_blups GBLUP_blups RKHS_blups
gp_scenario_1          -0.1400    0.580    0.5100      0.5300     0.4200
gp_scenario_2           0.1200    0.220    0.2000      0.2500     0.1800
gp_scenario_3               NA    0.095    0.2800      0.2300     0.0770
gp_scenario_4               NA    0.480    0.3500      0.3800     0.2300
gp_scenario_5               NA    0.540    0.4400      0.4300     0.3600
gp_scenario_6               NA    0.360    0.2500      0.2000     0.1100
gp_scenario_7               NA    0.360    0.3300      0.3200     0.1800
gp_scenario_8               NA    0.510    0.3600      0.2900     0.1400
gp_scenario_9               NA    0.380    0.3300      0.3100     0.2800
gp_scenario_10              NA    0.240    0.2400      0.1700     0.1300
gp_scenario_11              NA    0.430    0.4000      0.3900     0.3300
gp_scenario_12              NA    0.370    0.3500      0.3200     0.2200
gp_scenario_13         -0.0880    0.550    0.4800      0.5000     0.3800
gp_scenario_14              NA    0.630    0.5600      0.5000     0.4700
gp_scenario_15              NA    0.180    0.2400      0.2500     0.1700
gp_scenario_16         -0.0920    0.350    0.2500      0.3000     0.1900
gp_scenario_17         -0.2100    0.087    0.1500      0.0720     0.0270
gp_scenario_18              NA    0.056    0.0960      0.0910     0.0650
gp_scenario_19         -0.1800    0.380    0.3500      0.2900     0.1300
gp_scenario_20          0.0240    0.360    0.2700      0.1700     0.1200
gp_scenario_21         -0.3800    0.210    0.2400      0.1100     0.1100
gp_scenario_22              NA    0.660    0.7300      0.7300     0.6800
gp_scenario_23              NA    0.490    0.2600      0.2000     0.0630
gp_scenario_24              NA    0.430    0.3700      0.4500     0.2200
gp_scenario_25              NA    0.270    0.1600      0.1100    -0.0220
gp_scenario_26         -0.0580    0.410    0.3900      0.3400     0.2400
gp_scenario_27         -0.2400    0.360    0.2100      0.2000     0.1100
gp_scenario_28         -0.1300    0.520    0.4500      0.4000     0.3600
gp_scenario_29              NA    0.110    0.1400      0.2300     0.1200
gp_scenario_30         -0.2300    0.210    0.1700      0.0310     0.0011
gp_scenario_31              NA    0.120    0.0900      0.1200     0.0092
gp_scenario_32              NA    0.360    0.2300      0.1800     0.1500
gp_scenario_33              NA    0.470    0.5600      0.4900     0.5000
gp_scenario_34              NA    0.540    0.6000      0.5500     0.5300
gp_scenario_35              NA    0.130    0.0700      0.0600    -0.0190
gp_scenario_36         -0.2400    0.420    0.3700      0.3600     0.1400
gp_scenario_37         -0.1200    0.330    0.2800      0.2400     0.0720
gp_scenario_38          0.0160    0.330    0.2900      0.2900     0.2100
gp_scenario_39              NA    0.410    0.3700      0.3600     0.3100
gp_scenario_40              NA    0.510    0.3800      0.3000     0.2300
gp_scenario_41          0.0860    0.520    0.5000      0.4800     0.4100
gp_scenario_42              NA    0.400    0.4700      0.4700     0.3400
gp_scenario_43         -0.1800    0.230    0.1600      0.0960     0.0570
gp_scenario_44              NA    0.140    0.1600      0.1800    -0.0078
gp_scenario_45         -0.0600    0.620    0.5300      0.5200     0.5100
gp_scenario_46              NA    0.210    0.2500      0.2400     0.0970
gp_scenario_47              NA    0.290    0.3800      0.3900     0.1900
gp_scenario_48         -0.1700    0.200    0.0700      0.1000     0.0420
gp_scenario_49              NA    0.330    0.4300      0.3600     0.3700
gp_scenario_50              NA    0.540    0.4100      0.3300     0.2000
gp_scenario_51              NA    0.530    0.4400      0.4400     0.2600
gp_scenario_52              NA   -0.021    0.0410     -0.0043    -0.1400
gp_scenario_53              NA    0.270    0.3300      0.3100     0.2700
gp_scenario_54              NA    0.190    0.2200      0.2400     0.1500
gp_scenario_55              NA    0.300    0.4100      0.3600     0.2400
gp_scenario_56              NA    0.090    0.0860     -0.0250    -0.2000
gp_scenario_57         -0.4300    0.094    0.1400      0.1700    -0.0400
gp_scenario_58              NA    0.310    0.2900      0.2500     0.2400
gp_scenario_59         -0.1500    0.510    0.4400      0.3700     0.3000
gp_scenario_60              NA    0.340    0.3400      0.3200     0.2800
gp_scenario_61         -0.1800    0.450    0.4000      0.3600     0.2400
gp_scenario_62         -0.0450    0.450    0.4800      0.4000     0.3800
gp_scenario_63              NA    0.460    0.4800      0.4700     0.3500
gp_scenario_64         -0.1900    0.290    0.4300      0.4000     0.3100
gp_scenario_65              NA    0.290    0.1300      0.1200    -0.0300
gp_scenario_66              NA    0.320    0.1800      0.2100     0.0460
gp_scenario_67              NA    0.240    0.2900      0.3100     0.1800
gp_scenario_68         -0.2300    0.420    0.3700      0.2800     0.1800
gp_scenario_69         -0.1900    0.430    0.4200      0.3200     0.2900
gp_scenario_70              NA    0.210   -0.0066      0.0053    -0.0410
gp_scenario_71              NA    0.560    0.4700      0.4000     0.3600
gp_scenario_72          0.0097    0.470    0.5000      0.4600     0.3800
gp_scenario_73              NA    0.280    0.2600      0.2600     0.0930
gp_scenario_74         -0.1400    0.140    0.2500      0.2100     0.0061
gp_scenario_75              NA    0.500    0.4500      0.4600     0.4300
gp_scenario_76              NA    0.430    0.6200      0.5500     0.4400
gp_scenario_77              NA   -0.041   -0.1100     -0.1600    -0.1900
gp_scenario_78          0.2200    0.280    0.2600      0.2500     0.0920
gp_scenario_79              NA    0.480    0.4400      0.4500     0.3800
gp_scenario_80              NA    0.440    0.4800      0.4800     0.5000
gp_scenario_81         -0.3200    0.310    0.3700      0.3300     0.2500
gp_scenario_82              NA    0.360    0.4100      0.4000     0.3000
gp_scenario_83              NA    0.560    0.5100      0.4400     0.3600
gp_scenario_84         -0.1700    0.470    0.4100      0.3700     0.1900
gp_scenario_85         -0.1600    0.440    0.3500      0.3200     0.2700
gp_scenario_86         -0.2600    0.280    0.2300      0.1600     0.0880
gp_scenario_87              NA    0.140    0.1400      0.1500    -0.0320
gp_scenario_88         -0.3000    0.310    0.4200      0.3200     0.3100
gp_scenario_89          0.0970    0.560    0.4900      0.5000     0.4800
gp_scenario_90              NA    0.590    0.5100      0.5200     0.4000
gp_scenario_91              NA    0.560    0.5600      0.5400     0.5400
gp_scenario_92         -0.0770    0.390    0.3300      0.3100     0.2600
gp_scenario_93              NA    0.400    0.1300      0.0170    -0.0430
gp_scenario_94              NA   -0.022    0.0390      0.0660    -0.0640
gp_scenario_95              NA    0.240    0.4000      0.3600     0.2200
gp_scenario_96              NA    0.470    0.3800      0.3600     0.2500
gp_scenario_97         -0.2500    0.280    0.2300      0.1300     0.0230
gp_scenario_98              NA    0.240    0.2500      0.2600     0.1300
gp_scenario_99              NA    0.160    0.1300      0.0620     0.0570
gp_scenario_100        -0.1900    0.380    0.2800      0.2200     0.1600
pa_median              -0.1600    0.360    0.3400      0.3100     0.2000
pa_iqr                  0.1600    0.230    0.2000      0.2000     0.2300
                LASSO_blups RF_blups_pca SVR_blups_pca GBLUP_blups_pca
gp_scenario_1            NA      0.39000        0.3800          0.3000
gp_scenario_2       1.7e-01      0.12000        0.1700          0.1600
gp_scenario_3       4.2e-02      0.08400        0.2200          0.1400
gp_scenario_4            NA      0.22000        0.2400          0.2000
gp_scenario_5       2.4e-01      0.38000        0.3000          0.2400
gp_scenario_6       1.8e-01      0.19000        0.1100          0.0410
gp_scenario_7       1.0e-01      0.33000        0.3100          0.2300
gp_scenario_8       5.2e-02      0.25000        0.3000          0.1700
gp_scenario_9            NA      0.24000        0.2400          0.2100
gp_scenario_10     -2.0e-01      0.03500        0.0091         -0.0540
gp_scenario_11      3.3e-02      0.34000        0.2800          0.2100
gp_scenario_12           NA      0.32000        0.3500          0.2800
gp_scenario_13      1.1e-01      0.39000        0.3400          0.3100
gp_scenario_14      2.1e-03      0.46000        0.3900          0.2600
gp_scenario_15     -1.0e-01      0.13000        0.2200          0.2200
gp_scenario_16      9.9e-02      0.44000        0.2800          0.2700
gp_scenario_17           NA      0.28000        0.1700          0.0450
gp_scenario_18      1.0e-01     -0.07100        0.0019         -0.0200
gp_scenario_19     -3.9e-02      0.31000        0.2100          0.1300
gp_scenario_20      8.7e-02      0.20000        0.1900          0.1100
gp_scenario_21     -1.2e-01      0.07200        0.0520         -0.0330
gp_scenario_22           NA      0.46000        0.6000          0.5500
gp_scenario_23           NA      0.23000        0.1200         -0.0086
gp_scenario_24           NA      0.45000        0.4000          0.3800
gp_scenario_25     -5.1e-05      0.21000        0.0910          0.0230
gp_scenario_26      2.8e-01      0.28000        0.2500          0.1700
gp_scenario_27           NA      0.23000        0.0520         -0.0290
gp_scenario_28           NA      0.36000        0.4000          0.3100
gp_scenario_29      1.5e-01      0.06700        0.0550          0.1400
gp_scenario_30      6.5e-02      0.14000        0.0730         -0.0290
gp_scenario_31     -9.9e-02      0.12000        0.1600          0.1500
gp_scenario_32     -2.1e-01      0.21000        0.1300          0.0470
gp_scenario_33     -2.2e-01      0.21000        0.3200          0.2100
gp_scenario_34           NA      0.43000        0.4700          0.3800
gp_scenario_35     -1.2e-01      0.22000        0.0780          0.0200
gp_scenario_36      1.9e-01      0.30000        0.3400          0.2300
gp_scenario_37           NA      0.31000        0.2200          0.1400
gp_scenario_38           NA      0.22000        0.2100          0.1500
gp_scenario_39           NA      0.32000        0.2700          0.2000
gp_scenario_40           NA      0.25000        0.2200          0.0940
gp_scenario_41      1.2e-01      0.24000        0.3200          0.2600
gp_scenario_42           NA      0.44000        0.4300          0.3800
gp_scenario_43     -1.5e-01      0.13000        0.0150         -0.0540
gp_scenario_44      7.9e-02      0.27000        0.3200          0.2500
gp_scenario_45           NA      0.40000        0.3500          0.2800
gp_scenario_46     -3.4e-02      0.13000        0.1800          0.1300
gp_scenario_47           NA      0.36000        0.4400          0.3800
gp_scenario_48           NA      0.11000       -0.0380          0.0093
gp_scenario_49           NA      0.21000        0.3400          0.2700
gp_scenario_50     -8.5e-02      0.44000        0.2900          0.2100
gp_scenario_51      1.4e-01      0.37000        0.1500          0.1100
gp_scenario_52     -1.3e-01     -0.13000       -0.0014         -0.0470
gp_scenario_53      8.6e-02      0.19000        0.2800          0.2400
gp_scenario_54     -1.1e-01      0.16000        0.1800          0.1300
gp_scenario_55      4.2e-02      0.24000        0.4100          0.3200
gp_scenario_56     -2.4e-02      0.15000        0.1000          0.0140
gp_scenario_57     -2.5e-01     -0.00500        0.1200          0.1100
gp_scenario_58           NA      0.36000        0.2400          0.1900
gp_scenario_59      2.4e-02      0.32000        0.2600          0.1400
gp_scenario_60      1.1e-01      0.00900        0.1500          0.0650
gp_scenario_61           NA      0.29000        0.2300          0.1500
gp_scenario_62      4.0e-03      0.33000        0.2800          0.2200
gp_scenario_63      2.4e-01      0.32000        0.3700          0.3100
gp_scenario_64      2.1e-01      0.33000        0.4700          0.4100
gp_scenario_65      1.6e-02      0.20000        0.0790          0.0280
gp_scenario_66           NA      0.28000        0.0390          0.0490
gp_scenario_67           NA      0.26000        0.3200          0.2800
gp_scenario_68     -5.1e-02      0.10000        0.0330         -0.1100
gp_scenario_69     -1.5e-02      0.57000        0.4100          0.3400
gp_scenario_70     -1.0e-01     -0.05500       -0.1200         -0.1500
gp_scenario_71      4.1e-02      0.43000        0.3700          0.2500
gp_scenario_72           NA      0.33000        0.2700          0.2200
gp_scenario_73     -6.7e-03      0.26000        0.3200          0.2600
gp_scenario_74     -1.4e-01      0.12000        0.2700          0.1900
gp_scenario_75           NA      0.40000        0.2800          0.3000
gp_scenario_76           NA      0.33000        0.4200          0.2900
gp_scenario_77     -1.1e-01      0.07500        0.0530         -0.0290
gp_scenario_78     -1.2e-01      0.26000        0.3000          0.2200
gp_scenario_79           NA      0.36000        0.3200          0.2800
gp_scenario_80     -1.4e-01      0.26000        0.2800          0.2500
gp_scenario_81      2.1e-01      0.28000        0.2700          0.2100
gp_scenario_82      1.9e-01      0.34000        0.3600          0.3100
gp_scenario_83      9.7e-02      0.49000        0.4400          0.3100
gp_scenario_84      1.1e-01      0.44000        0.3700          0.2500
gp_scenario_85           NA      0.17000        0.1400          0.0860
gp_scenario_86      3.1e-04      0.26000        0.2000          0.1200
gp_scenario_87     -1.2e-02      0.01700        0.1700          0.1500
gp_scenario_88      9.5e-02      0.38000        0.4000          0.2800
gp_scenario_89           NA      0.33000        0.2100          0.1900
gp_scenario_90      1.1e-01      0.34000        0.3400          0.2600
gp_scenario_91      2.5e-01      0.36000        0.3600          0.3000
gp_scenario_92      3.2e-01      0.33000        0.2600          0.2000
gp_scenario_93     -2.0e-03      0.34000        0.0770         -0.0460
gp_scenario_94     -7.9e-02      0.00007        0.0190         -0.0130
gp_scenario_95           NA      0.29000        0.4200          0.3300
gp_scenario_96      1.7e-01      0.25000        0.2500          0.1700
gp_scenario_97     -3.5e-02      0.14000        0.0600         -0.0490
gp_scenario_98     -2.8e-01      0.28000        0.2600          0.2000
gp_scenario_99     -2.5e-02      0.04000       -0.0072         -0.0930
gp_scenario_100    -1.8e-01      0.22000        0.1400          0.0640
pa_median           1.6e-02      0.26000        0.2600          0.2000
pa_iqr              2.1e-01      0.17000        0.2000          0.2000
                RKHS_blups_pca LASSO_blups_pca
gp_scenario_1          0.20000              NA
gp_scenario_2          0.05300              NA
gp_scenario_3         -0.00740        -0.20000
gp_scenario_4          0.05400        -0.04200
gp_scenario_5          0.17000              NA
gp_scenario_6         -0.03200         0.13000
gp_scenario_7          0.10000         0.12000
gp_scenario_8          0.04900        -0.06600
gp_scenario_9          0.17000              NA
gp_scenario_10        -0.20000        -0.24000
gp_scenario_11         0.14000              NA
gp_scenario_12         0.22000              NA
gp_scenario_13         0.20000         0.14000
gp_scenario_14         0.18000        -0.02200
gp_scenario_15         0.16000        -0.09900
gp_scenario_16         0.20000              NA
gp_scenario_17         0.00076              NA
gp_scenario_18        -0.07600        -0.16000
gp_scenario_19         0.02300        -0.11000
gp_scenario_20         0.03600        -0.03500
gp_scenario_21        -0.11000        -0.39000
gp_scenario_22         0.48000              NA
gp_scenario_23        -0.12000        -0.09400
gp_scenario_24         0.30000         0.00420
gp_scenario_25        -0.12000         0.05300
gp_scenario_26         0.05500              NA
gp_scenario_27        -0.15000        -0.14000
gp_scenario_28         0.29000              NA
gp_scenario_29         0.02000        -0.05400
gp_scenario_30        -0.07100              NA
gp_scenario_31         0.04300        -0.19000
gp_scenario_32         0.00420              NA
gp_scenario_33         0.16000        -0.20000
gp_scenario_34         0.34000              NA
gp_scenario_35        -0.11000         0.02800
gp_scenario_36         0.06000        -0.06400
gp_scenario_37         0.01800              NA
gp_scenario_38         0.06800        -0.20000
gp_scenario_39         0.15000              NA
gp_scenario_40        -0.02500              NA
gp_scenario_41         0.16000        -0.06600
gp_scenario_42         0.31000              NA
gp_scenario_43        -0.13000        -0.26000
gp_scenario_44         0.15000              NA
gp_scenario_45         0.17000              NA
gp_scenario_46         0.01600         0.00570
gp_scenario_47         0.30000        -0.09400
gp_scenario_48        -0.11000              NA
gp_scenario_49         0.28000        -0.21000
gp_scenario_50         0.06000        -0.00810
gp_scenario_51        -0.13000         0.05300
gp_scenario_52        -0.17000        -0.27000
gp_scenario_53         0.16000         0.02300
gp_scenario_54         0.03600        -0.18000
gp_scenario_55         0.27000        -0.08100
gp_scenario_56        -0.12000         0.00032
gp_scenario_57        -0.09200              NA
gp_scenario_58         0.23000              NA
gp_scenario_59        -0.00460              NA
gp_scenario_60        -0.02300              NA
gp_scenario_61         0.01700              NA
gp_scenario_62         0.13000              NA
gp_scenario_63         0.22000        -0.06600
gp_scenario_64         0.38000         0.12000
gp_scenario_65        -0.15000        -0.11000
gp_scenario_66        -0.16000              NA
gp_scenario_67         0.23000              NA
gp_scenario_68        -0.18000        -0.17000
gp_scenario_69         0.34000              NA
gp_scenario_70        -0.26000              NA
gp_scenario_71         0.22000              NA
gp_scenario_72         0.02200         0.03400
gp_scenario_73         0.15000        -0.12000
gp_scenario_74         0.02800        -0.09800
gp_scenario_75         0.24000              NA
gp_scenario_76         0.08500              NA
gp_scenario_77        -0.12000              NA
gp_scenario_78         0.12000              NA
gp_scenario_79         0.20000              NA
gp_scenario_80         0.17000              NA
gp_scenario_81         0.15000              NA
gp_scenario_82         0.24000         0.16000
gp_scenario_83         0.24000              NA
gp_scenario_84         0.08700         0.08700
gp_scenario_85        -0.00800         0.18000
gp_scenario_86         0.03600              NA
gp_scenario_87        -0.01300        -0.05100
gp_scenario_88         0.21000        -0.03800
gp_scenario_89         0.07000         0.08200
gp_scenario_90         0.11000        -0.16000
gp_scenario_91         0.20000         0.00120
gp_scenario_92         0.14000         0.17000
gp_scenario_93        -0.12000        -0.17000
gp_scenario_94        -0.13000              NA
gp_scenario_95         0.27000        -0.09300
gp_scenario_96         0.04600        -0.04100
gp_scenario_97        -0.14000              NA
gp_scenario_98         0.15000              NA
gp_scenario_99        -0.13000        -0.08400
gp_scenario_100       -0.04000        -0.00087
pa_median              0.06000        -0.06500
pa_iqr                 0.21000         0.16000
                GBLUP_wiser GBLUP_ls_means GBLUP_blups GBLUP_blups_pca
gp_scenario_1          0.62        0.00033     0.33000         0.00033
gp_scenario_2          0.78        0.00140     0.69000         0.00310
gp_scenario_3          0.89        0.28000     0.81000         0.48000
gp_scenario_4          0.45        0.00028     0.52000         0.00097
gp_scenario_5          0.60        0.02400     0.50000         0.00072
gp_scenario_6          0.80        0.00140     0.70000         0.00160
gp_scenario_7          0.75        0.00160     0.65000         0.00076
gp_scenario_8          0.62        0.00028     0.43000         0.00065
gp_scenario_9          0.68        0.00560     0.64000         0.00170
gp_scenario_10         0.82        0.00140     0.71000         0.44000
gp_scenario_11         0.72        0.00038     0.54000         0.00060
gp_scenario_12         0.81        0.36000     0.71000         0.00072
gp_scenario_13         0.66        0.00040     0.48000         0.00067
gp_scenario_14         0.59        0.00026     0.53000         0.00170
gp_scenario_15         0.68        0.37000     0.64000         0.00059
gp_scenario_16         0.76        0.00059     0.64000         0.00091
gp_scenario_17         0.73        0.00160     0.67000         0.00046
gp_scenario_18         0.88        0.48000     0.87000         0.71000
gp_scenario_19         0.57        0.00076     0.41000         0.00250
gp_scenario_20         0.82        0.01000     0.68000         0.00140
gp_scenario_21         0.87        0.55000     0.77000         0.51000
gp_scenario_22         0.33        0.00029     0.00064         0.00021
gp_scenario_23         0.65        0.00041     0.62000         0.00480
gp_scenario_24         0.66        0.00058     0.47000         0.00024
gp_scenario_25         0.83        0.00280     0.86000         0.69000
gp_scenario_26         0.67        0.00051     0.52000         0.00057
gp_scenario_27         0.77        0.00061     0.70000         0.44000
gp_scenario_28         0.57        0.00062     0.56000         0.00038
gp_scenario_29         0.86        0.00490     0.74000         0.00160
gp_scenario_30         0.81        0.14000     0.74000         0.53000
gp_scenario_31         0.76        0.03300     0.71000         0.00170
gp_scenario_32         0.74        0.36000     0.71000         0.00420
gp_scenario_33         0.71        0.00021     0.00520         0.00110
gp_scenario_34         0.48        0.00021     0.29000         0.00034
gp_scenario_35         0.85        0.37000     0.77000         0.00270
gp_scenario_36         0.71        0.00077     0.55000         0.00062
gp_scenario_37         0.74        0.00200     0.66000         0.00094
gp_scenario_38         0.78        0.00810     0.70000         0.00160
gp_scenario_39         0.66        0.00044     0.50000         0.00068
gp_scenario_40         0.63        0.00055     0.63000         0.00270
gp_scenario_41         0.62        0.00050     0.47000         0.00100
gp_scenario_42         0.69        0.00031     0.43000         0.00027
gp_scenario_43         0.82        0.19000     0.83000         0.59000
gp_scenario_44         0.74        0.00140     0.68000         0.00088
gp_scenario_45         0.51        0.00039     0.34000         0.00045
gp_scenario_46         0.81        0.00210     0.71000         0.00270
gp_scenario_47         0.76        0.00067     0.65000         0.00038
gp_scenario_48         0.75        0.00480     0.66000         0.00320
gp_scenario_49         0.72        0.00500     0.62000         0.00072
gp_scenario_50         0.64        0.00088     0.48000         0.00510
gp_scenario_51         0.58        0.00053     0.42000         0.00200
gp_scenario_52         0.81        0.34000     0.74000         0.57000
gp_scenario_53         0.73        0.00120     0.64000         0.00055
gp_scenario_54         0.75        0.00054     0.67000         0.00200
gp_scenario_55         0.73        0.00230     0.61000         0.00043
gp_scenario_56         0.78        0.26000     0.70000         0.33000
gp_scenario_57         0.80        0.01100     0.72000         0.00600
gp_scenario_58         0.80        0.00120     0.79000         0.00064
gp_scenario_59         0.55        0.00037     0.49000         0.00120
gp_scenario_60         0.73        0.00043     0.48000         0.00120
gp_scenario_61         0.58        0.00046     0.51000         0.00130
gp_scenario_62         0.64        0.00049     0.47000         0.00040
gp_scenario_63         0.66        0.00026     0.47000         0.00060
gp_scenario_64         0.72        0.00074     0.55000         0.00030
gp_scenario_65         0.82        0.45000     0.84000         0.64000
gp_scenario_66         0.81        0.30000     0.81000         0.62000
gp_scenario_67         0.70        0.00440     0.58000         0.00038
gp_scenario_68         0.72        0.00160     0.61000         0.29000
gp_scenario_69         0.56        0.00038     0.36000         0.00023
gp_scenario_70         0.76        0.01400     0.70000         0.37000
gp_scenario_71         0.58        0.00065     0.50000         0.00058
gp_scenario_72         0.59        0.00051     0.47000         0.00180
gp_scenario_73         0.77        0.01500     0.70000         0.00190
gp_scenario_74         0.84        0.00096     0.72000         0.00110
gp_scenario_75         0.58        0.00042     0.45000         0.00045
gp_scenario_76         0.61        0.00046     0.41000         0.00072
gp_scenario_77         0.83        0.16000     0.79000         0.48000
gp_scenario_78         0.87        0.00790     0.71000         0.00090
gp_scenario_79         0.58        0.00038     0.45000         0.00058
gp_scenario_80         0.36        0.00028     0.17000         0.00045
gp_scenario_81         0.73        0.00170     0.66000         0.00076
gp_scenario_82         0.73        0.00290     0.59000         0.00053
gp_scenario_83         0.67        0.00050     0.55000         0.00043
gp_scenario_84         0.74        0.31000     0.57000         0.00077
gp_scenario_85         0.59        0.00027     0.65000         0.52000
gp_scenario_86         0.76        0.46000     0.72000         0.00290
gp_scenario_87         0.85        0.32000     0.80000         0.00340
gp_scenario_88         0.73        0.00072     0.56000         0.00040
gp_scenario_89         0.48        0.00038     0.00370         0.00150
gp_scenario_90         0.58        0.00027     0.45000         0.00100
gp_scenario_91         0.62        0.00035     0.38000         0.00062
gp_scenario_92         0.73        0.00054     0.72000         0.00083
gp_scenario_93         0.68        0.00087     0.54000         0.00290
gp_scenario_94         0.84        0.40000     0.78000         0.43000
gp_scenario_95         0.71        0.00140     0.56000         0.00029
gp_scenario_96         0.73        0.00040     0.61000         0.00390
gp_scenario_97         0.73        0.00053     0.66000         0.07200
gp_scenario_98         0.66        0.00073     0.60000         0.00043
gp_scenario_99         0.80        0.35000     0.80000         0.59000
gp_scenario_100        0.83        0.00870     0.68000         0.00140
h2_median              0.73        0.00092     0.62000         0.00110
h2_iqr                 0.16        0.00860     0.22000         0.00270
