[1] "using pine_env"
Le chargement a nécessité le package : Matrix

Attachement du package : ‘tidyr’

Les objets suivants sont masqués depuis ‘package:Matrix’:

    expand, pack, unpack

Le chargement a nécessité le package : foreach
Le chargement a nécessité le package : iterators
Le chargement a nécessité le package : parallel
Le chargement a nécessité le package : rngtools
This build of rgl does not include OpenGL functions.  Use
 rglwidget() to display results, e.g. via options(rgl.printRglwidget = TRUE).
Le chargement a nécessité le package : Rcpp
Le chargement a nécessité le package : RcppZiggurat
Le chargement a nécessité le package : RcppParallel

Attachement du package : ‘RcppParallel’

L'objet suivant est masqué depuis ‘package:Rcpp’:

    LdFlags


Rfast: 2.1.0
 ___ __ __ __ __    __ __ __ __ __ _             _               __ __ __ __ __     __ __ __ __ __ __   
|  __ __ __ __  |  |  __ __ __ __ _/            / \             |  __ __ __ __ /   /__ __ _   _ __ __\  
| |           | |  | |                         / _ \            | |                        / /          
| |           | |  | |                        / / \ \           | |                       / /          
| |           | |  | |                       / /   \ \          | |                      / /          
| |__ __ __ __| |  | |__ __ __ __           / /     \ \         | |__ __ __ __ _        / /__/\          
|    __ __ __ __|  |  __ __ __ __|         / /__ _ __\ \        |_ __ __ __ _   |      / ___  /           
|   \              | |                    / _ _ _ _ _ _ \                     | |      \/  / /       
| |\ \             | |                   / /           \ \                    | |         / /          
| | \ \            | |                  / /             \ \                   | |        / /          
| |  \ \           | |                 / /               \ \                  | |       / /          
| |   \ \__ __ _   | |                / /                 \ \     _ __ __ __ _| |      / /          
|_|    \__ __ __\  |_|               /_/                   \_\   /_ __ __ __ ___|      \/             team

Attachement du package : ‘Rfast’

Les objets suivants sont masqués depuis ‘package:robustbase’:

    colMedians, rowMedians

L'objet suivant est masqué depuis ‘package:data.table’:

    transpose

Le chargement a nécessité le package : lattice

Attachement du package : ‘plotly’

L'objet suivant est masqué depuis ‘package:ggplot2’:

    last_plot

L'objet suivant est masqué depuis ‘package:MASS’:

    select

L'objet suivant est masqué depuis ‘package:stats’:

    filter

L'objet suivant est masqué depuis ‘package:graphics’:

    layout


Attachement du package : ‘dplyr’

L'objet suivant est masqué depuis ‘package:Rfast’:

    nth

Les objets suivants sont masqués depuis ‘package:data.table’:

    between, first, last

L'objet suivant est masqué depuis ‘package:MASS’:

    select

Les objets suivants sont masqués depuis ‘package:stats’:

    filter, lag

Les objets suivants sont masqués depuis ‘package:base’:

    intersect, setdiff, setequal, union


Attachement du package : ‘kernlab’

L'objet suivant est masqué depuis ‘package:ggplot2’:

    alpha

Le chargement a nécessité le package : corpcor

Attachement du package : ‘corpcor’

L'objet suivant est masqué depuis ‘package:matrixcalc’:

    is.positive.definite

Loaded glmnet 4.1-8

Loaded mixOmics 6.25.1
Thank you for using mixOmics!
Tutorials: http://mixomics.org
Bookdown vignette: https://mixomicsteam.github.io/Bookdown
Questions, issues: Follow the prompts at http://mixomics.org/contact-us
Cite us:  citation('mixOmics')

[1] "kernel: linear"
[1] "trait: I"
Growing trees.. Progress: 95%. Estimated remaining time: 1 seconds.
Growing trees.. Progress: 99%. Estimated remaining time: 0 seconds.
Growing trees.. Progress: 97%. Estimated remaining time: 1 seconds.
Growing trees.. Progress: 98%. Estimated remaining time: 0 seconds.
$opt_results
   whitening_method alpha_ prediction_method    mean_pa white_reg_combination
1           ZCA-cor   0.01                rf 0.30372721          ZCA-cor/0.01
7           ZCA-cor   0.01               svr 0.33065835          ZCA-cor/0.01
16          ZCA-cor   0.10             gblup 0.08475895           ZCA-cor/0.1
22          ZCA-cor   0.10              rkhs 0.08476947           ZCA-cor/0.1
29          PCA-cor   0.10             lasso 0.18682673           PCA-cor/0.1

$opt_alpha_
[1] 0.01

$opt_whitening_method
[1] "ZCA-cor"

[1] "Execution time for wiser computation of I with linear kernel : 16"
[1] "x_mat_tilde_mult_xi_test[1:10]: 9.25531756269804e-10, 9.6398119348029e-09, -7.9275332674246e-10, 4.11526139380836e-09, -3.33843040234774e-10"
[1] "mean of x_mat_tilde_mult_xi_test: 5.57840877094765e-10"
[1] "median of x_mat_tilde_mult_xi_test: 2.72719304821381e-11"
                RF_wiser SVR_wiser GBLUP_wiser RKHS_wiser LASSO_wiser
gp_scenario_1      0.560     0.460     0.46000     0.3200          NA
gp_scenario_2      0.290     0.270     0.30000     0.2300     -0.0089
gp_scenario_3      0.140     0.320     0.21000     0.0410     -0.0280
gp_scenario_4      0.700     0.610     0.63000     0.4400          NA
gp_scenario_5      0.540     0.480     0.50000     0.4200          NA
gp_scenario_6      0.380     0.300     0.21000     0.0920          NA
gp_scenario_7      0.350     0.380     0.32000     0.2000          NA
gp_scenario_8      0.400     0.280     0.12000    -0.0110      0.0240
gp_scenario_9      0.420     0.410     0.39000     0.3000          NA
gp_scenario_10     0.360     0.330     0.26000     0.2200     -0.0130
gp_scenario_11     0.390     0.330     0.34000     0.3000          NA
gp_scenario_12     0.460     0.360     0.30000     0.1700      0.2000
gp_scenario_13     0.460     0.480     0.46000     0.2800      0.1900
gp_scenario_14     0.790     0.670     0.59000     0.5800          NA
gp_scenario_15     0.210     0.390     0.40000     0.3300      0.0021
gp_scenario_16     0.280     0.210     0.22000     0.0660     -0.0020
gp_scenario_17     0.100     0.230     0.17000     0.0840          NA
gp_scenario_18     0.081     0.180     0.19000     0.1400      0.1900
gp_scenario_19     0.450     0.310     0.18000     0.0570          NA
gp_scenario_20     0.340     0.300     0.18000     0.1000      0.1400
gp_scenario_21     0.180     0.340     0.16000     0.1400      0.1200
gp_scenario_22     0.690     0.760     0.77000     0.7100          NA
gp_scenario_23     0.630     0.440     0.39000     0.2500          NA
gp_scenario_24     0.340     0.320     0.39000     0.1300      0.1700
gp_scenario_25     0.390     0.340     0.27000     0.1100          NA
gp_scenario_26     0.520     0.480     0.38000     0.3200      0.0670
gp_scenario_27     0.440     0.210     0.32000     0.1800      0.1700
gp_scenario_28     0.660     0.630     0.58000     0.4500          NA
gp_scenario_29     0.120     0.170     0.25000     0.1300     -0.0520
gp_scenario_30     0.320     0.230     0.08200     0.0540      0.0350
gp_scenario_31    -0.029     0.130     0.15000     0.0097     -0.1400
gp_scenario_32     0.470     0.360     0.33000     0.2900     -0.1300
gp_scenario_33     0.460     0.530     0.47000     0.4700      0.1300
gp_scenario_34     0.700     0.680     0.62000     0.5500          NA
gp_scenario_35     0.120     0.160     0.12000     0.0270     -0.2100
gp_scenario_36     0.490     0.400     0.31000     0.1100      0.1100
gp_scenario_37     0.430     0.400     0.37000     0.1800     -0.1800
gp_scenario_38     0.400     0.320     0.31000     0.2000      0.1500
gp_scenario_39     0.590     0.480     0.45000     0.3500      0.2800
gp_scenario_40     0.600     0.530     0.50000     0.4500      0.2300
gp_scenario_41     0.650     0.570     0.53000     0.4500      0.3000
gp_scenario_42     0.560     0.500     0.48000     0.3600          NA
gp_scenario_43     0.390     0.340     0.26000     0.2200     -0.1200
gp_scenario_44     0.071     0.270     0.28000     0.0880      0.1000
gp_scenario_45     0.630     0.640     0.64000     0.5600      0.2400
gp_scenario_46     0.420     0.290     0.26000     0.1400     -0.0180
gp_scenario_47     0.320     0.430     0.38000     0.1800          NA
gp_scenario_48     0.340     0.270     0.23000     0.1800          NA
gp_scenario_49     0.390     0.430     0.41000     0.3900      0.2300
gp_scenario_50     0.430     0.370     0.22000     0.0510      0.0900
gp_scenario_51     0.700     0.570     0.52000     0.3200     -0.1300
gp_scenario_52     0.120     0.210     0.09400     0.0049     -0.1500
gp_scenario_53     0.360     0.370     0.34000     0.2700      0.1100
gp_scenario_54     0.130     0.200     0.21000     0.0930     -0.0650
gp_scenario_55     0.390     0.440     0.39000     0.2500      0.0140
gp_scenario_56     0.280     0.190     0.05600    -0.1300      0.0049
gp_scenario_57     0.290     0.200     0.13000    -0.0450     -0.0170
gp_scenario_58     0.350     0.350     0.35000     0.2600      0.1600
gp_scenario_59     0.610     0.580     0.50000     0.4400          NA
gp_scenario_60     0.480     0.370     0.35000     0.2500      0.2800
gp_scenario_61     0.600     0.560     0.50000     0.3900      0.2400
gp_scenario_62     0.600     0.560     0.44000     0.4400      0.0990
gp_scenario_63     0.510     0.500     0.47000     0.3600      0.2800
gp_scenario_64     0.360     0.480     0.42000     0.2900      0.3100
gp_scenario_65     0.400     0.320     0.31000     0.1300      0.0600
gp_scenario_66     0.430     0.380     0.35000     0.1900          NA
gp_scenario_67     0.470     0.420     0.41000     0.3300      0.1500
gp_scenario_68     0.370     0.410     0.28000     0.2000      0.0830
gp_scenario_69     0.410     0.370     0.23000     0.1400      0.0480
gp_scenario_70     0.360     0.200     0.18000     0.0880     -0.0790
gp_scenario_71     0.720     0.590     0.54000     0.4400          NA
gp_scenario_72     0.610     0.600     0.53000     0.4500          NA
gp_scenario_73     0.080     0.340     0.28000     0.0380      0.0380
gp_scenario_74     0.047     0.240     0.18000    -0.0170     -0.2100
gp_scenario_75     0.510     0.580     0.53000     0.5100          NA
gp_scenario_76     0.480     0.590     0.52000     0.4000      0.2100
gp_scenario_77    -0.035    -0.020    -0.08400    -0.1400     -0.1100
gp_scenario_78     0.220     0.280     0.18000     0.0910     -0.2200
gp_scenario_79     0.560     0.470     0.50000     0.3700          NA
gp_scenario_80     0.560     0.590     0.60000     0.6000          NA
gp_scenario_81     0.300     0.510     0.44000     0.4100     -0.0580
gp_scenario_82     0.350     0.390     0.35000     0.2300      0.1900
gp_scenario_83     0.630     0.540     0.51000     0.4000      0.1800
gp_scenario_84     0.420     0.440     0.35000     0.2000      0.2100
gp_scenario_85     0.680     0.570     0.54000     0.4900      0.4000
gp_scenario_86     0.430     0.400     0.26000     0.1800      0.1100
gp_scenario_87     0.180     0.200     0.20000     0.0054      0.1300
gp_scenario_88     0.058     0.410     0.30000     0.2700      0.0750
gp_scenario_89     0.740     0.640     0.62000     0.5800          NA
gp_scenario_90     0.610     0.540     0.55000     0.4300          NA
gp_scenario_91     0.570     0.620     0.58000     0.5600          NA
gp_scenario_92     0.530     0.460     0.43000     0.3500      0.3700
gp_scenario_93     0.430     0.150     0.00046    -0.0068      0.0460
gp_scenario_94    -0.018     0.042     0.02100    -0.1100      0.0720
gp_scenario_95     0.280     0.420     0.37000     0.2500      0.2000
gp_scenario_96     0.570     0.480     0.47000     0.2800      0.2600
gp_scenario_97     0.270     0.270     0.23000     0.1100          NA
gp_scenario_98     0.370     0.360     0.38000     0.2400          NA
gp_scenario_99     0.290     0.320     0.22000     0.1500      0.0250
gp_scenario_100    0.310     0.310     0.18000     0.1400     -0.1300
pa_median          0.400     0.380     0.35000     0.2300      0.0860
pa_iqr             0.260     0.200     0.25000     0.2600      0.2100
                RF_ls_means SVR_ls_means GBLUP_ls_means RKHS_ls_means
gp_scenario_1        0.3000      0.30000         0.1700        0.1200
gp_scenario_2       -0.0320     -0.04400         0.0200       -0.0220
gp_scenario_3        0.0110      0.11000         0.0430       -0.1400
gp_scenario_4        0.4500      0.41000         0.2800        0.2100
gp_scenario_5        0.2400      0.13000         0.0550        0.0240
gp_scenario_6        0.1200      0.09800         0.0710        0.0032
gp_scenario_7        0.0780      0.15000         0.0980        0.0220
gp_scenario_8        0.2200      0.30000         0.1100        0.0310
gp_scenario_9        0.3700      0.24000         0.1200        0.1100
gp_scenario_10       0.1300      0.06800        -0.0210       -0.1100
gp_scenario_11       0.3500      0.29000         0.2000        0.1800
gp_scenario_12       0.0930      0.00530        -0.0490       -0.1400
gp_scenario_13       0.1300      0.33000         0.2100        0.0850
gp_scenario_14       0.5300      0.42000         0.2600        0.2200
gp_scenario_15      -0.0260     -0.04000        -0.0380       -0.1700
gp_scenario_16       0.1800      0.24000         0.2200        0.1500
gp_scenario_17      -0.0280      0.06000        -0.0410       -0.1300
gp_scenario_18      -0.1300     -0.05000        -0.0580       -0.1200
gp_scenario_19       0.1700      0.04700        -0.1300       -0.1500
gp_scenario_20       0.1400     -0.05000        -0.1400       -0.2400
gp_scenario_21      -0.1300     -0.19000        -0.3100       -0.3500
gp_scenario_22       0.2900      0.37000         0.3000        0.2300
gp_scenario_23       0.5300      0.36000         0.1500        0.0840
gp_scenario_24       0.2600      0.30000         0.2700        0.1000
gp_scenario_25       0.1700      0.16000         0.1100       -0.0054
gp_scenario_26       0.1800      0.26000         0.1300        0.0480
gp_scenario_27       0.2500      0.24000         0.1600        0.1200
gp_scenario_28       0.4900      0.37000         0.2200        0.2000
gp_scenario_29       0.1100      0.06000         0.0810       -0.1300
gp_scenario_30       0.1800      0.16000         0.0550       -0.0850
gp_scenario_31      -0.0270     -0.03900        -0.0180       -0.0300
gp_scenario_32      -0.0130      0.00500        -0.0590       -0.1200
gp_scenario_33       0.2600      0.33000         0.2400        0.2300
gp_scenario_34       0.5000      0.60000         0.4600        0.4000
gp_scenario_35      -0.0530     -0.01500        -0.0340       -0.1500
gp_scenario_36       0.2500      0.18000         0.0590       -0.0400
gp_scenario_37       0.2100      0.18000         0.0670       -0.1200
gp_scenario_38       0.1200      0.09200         0.0730       -0.0410
gp_scenario_39       0.3900      0.32000         0.2700        0.2400
gp_scenario_40       0.1100      0.19000         0.0700        0.0160
gp_scenario_41       0.3600      0.25000         0.1900        0.1600
gp_scenario_42       0.3600      0.38000         0.2900        0.2100
gp_scenario_43       0.0370     -0.05500        -0.1200       -0.1800
gp_scenario_44       0.2100      0.05800         0.0960       -0.0180
gp_scenario_45       0.3800      0.36000         0.2500        0.1700
gp_scenario_46       0.2000      0.01100        -0.0280       -0.0840
gp_scenario_47       0.2700      0.34000         0.2700        0.1600
gp_scenario_48       0.0330      0.01700        -0.0960       -0.1900
gp_scenario_49       0.2000      0.22000         0.1800        0.0910
gp_scenario_50       0.1200      0.07000        -0.0850       -0.1900
gp_scenario_51       0.3300      0.22000         0.0300       -0.1100
gp_scenario_52      -0.1700     -0.12000        -0.1800       -0.3300
gp_scenario_53       0.0600      0.07500         0.0520        0.0300
gp_scenario_54       0.1800      0.29000         0.2600        0.2100
gp_scenario_55       0.1800      0.09700         0.0580       -0.0760
gp_scenario_56       0.1100      0.05900        -0.0460       -0.2300
gp_scenario_57      -0.0290      0.06300         0.0640       -0.1400
gp_scenario_58       0.2400      0.10000         0.0280        0.0310
gp_scenario_59       0.3300      0.26000         0.1400        0.0780
gp_scenario_60       0.3000      0.27000         0.1900        0.1700
gp_scenario_61       0.3100      0.35000         0.2400        0.1800
gp_scenario_62       0.1100      0.12000         0.0045       -0.0510
gp_scenario_63       0.3700      0.43000         0.3700        0.3100
gp_scenario_64       0.0630      0.18000         0.1300        0.0940
gp_scenario_65      -0.0260     -0.03900        -0.0540       -0.2500
gp_scenario_66      -0.0380     -0.01800        -0.0660       -0.2300
gp_scenario_67       0.1500      0.12000         0.1300        0.0082
gp_scenario_68      -0.0140      0.13000        -0.0032       -0.2000
gp_scenario_69       0.0590      0.07000        -0.0760       -0.0900
gp_scenario_70      -0.0770     -0.10000        -0.0700       -0.1800
gp_scenario_71       0.3600      0.28000         0.1100        0.0750
gp_scenario_72       0.2500      0.31000         0.1500       -0.0073
gp_scenario_73       0.0770      0.08600         0.0770       -0.1200
gp_scenario_74       0.1100      0.19000         0.0960        0.0250
gp_scenario_75       0.2900      0.27000         0.2300        0.2100
gp_scenario_76      -0.0320      0.20000         0.1400        0.0890
gp_scenario_77      -0.1700     -0.12000        -0.1500       -0.1900
gp_scenario_78       0.3400      0.20000         0.1700        0.0290
gp_scenario_79       0.3500      0.34000         0.2400        0.1800
gp_scenario_80       0.4100      0.36000         0.3300        0.3200
gp_scenario_81       0.0160      0.07500         0.0190       -0.0770
gp_scenario_82       0.2100      0.21000         0.1200        0.0360
gp_scenario_83       0.3700      0.35000         0.2500        0.1400
gp_scenario_84       0.0650     -0.00084        -0.0520       -0.2400
gp_scenario_85       0.4600      0.31000         0.1800        0.1400
gp_scenario_86      -0.0079     -0.07900        -0.1400       -0.2100
gp_scenario_87       0.0580      0.01800         0.0330       -0.1400
gp_scenario_88       0.1600      0.17000         0.0770        0.0150
gp_scenario_89       0.3100      0.28000         0.1400        0.0540
gp_scenario_90       0.4300      0.44000         0.3500        0.2900
gp_scenario_91       0.3100      0.40000         0.2800        0.2300
gp_scenario_92       0.2500      0.26000         0.1900        0.1500
gp_scenario_93      -0.0520     -0.17000        -0.3100       -0.2700
gp_scenario_94      -0.3000     -0.14000        -0.1200       -0.2700
gp_scenario_95       0.2500      0.24000         0.1800        0.0950
gp_scenario_96       0.4800      0.32000         0.1800        0.1000
gp_scenario_97       0.1900      0.23000         0.0980       -0.0018
gp_scenario_98       0.2000      0.19000         0.1500        0.0760
gp_scenario_99       0.0720      0.06800        -0.0190       -0.0870
gp_scenario_100     -0.0150      0.01800        -0.0930       -0.1300
pa_median            0.1800      0.18000         0.0960        0.0160
pa_iqr               0.2400      0.23000         0.2100        0.2600
                LASSO_ls_means
gp_scenario_1          -0.1400
gp_scenario_2               NA
gp_scenario_3               NA
gp_scenario_4           0.0210
gp_scenario_5               NA
gp_scenario_6               NA
gp_scenario_7          -0.0250
gp_scenario_8               NA
gp_scenario_9               NA
gp_scenario_10              NA
gp_scenario_11              NA
gp_scenario_12              NA
gp_scenario_13              NA
gp_scenario_14              NA
gp_scenario_15              NA
gp_scenario_16         -0.0920
gp_scenario_17         -0.2000
gp_scenario_18              NA
gp_scenario_19              NA
gp_scenario_20          0.0240
gp_scenario_21         -0.3800
gp_scenario_22              NA
gp_scenario_23              NA
gp_scenario_24              NA
gp_scenario_25              NA
gp_scenario_26         -0.0580
gp_scenario_27         -0.2400
gp_scenario_28         -0.1700
gp_scenario_29              NA
gp_scenario_30         -0.2300
gp_scenario_31              NA
gp_scenario_32              NA
gp_scenario_33              NA
gp_scenario_34              NA
gp_scenario_35              NA
gp_scenario_36         -0.2400
gp_scenario_37              NA
gp_scenario_38              NA
gp_scenario_39              NA
gp_scenario_40              NA
gp_scenario_41          0.0860
gp_scenario_42              NA
gp_scenario_43         -0.1600
gp_scenario_44              NA
gp_scenario_45         -0.0710
gp_scenario_46              NA
gp_scenario_47         -0.0230
gp_scenario_48         -0.1600
gp_scenario_49              NA
gp_scenario_50              NA
gp_scenario_51              NA
gp_scenario_52              NA
gp_scenario_53              NA
gp_scenario_54              NA
gp_scenario_55         -0.0330
gp_scenario_56              NA
gp_scenario_57         -0.4300
gp_scenario_58              NA
gp_scenario_59         -0.1500
gp_scenario_60         -0.0770
gp_scenario_61         -0.1800
gp_scenario_62              NA
gp_scenario_63              NA
gp_scenario_64         -0.1800
gp_scenario_65              NA
gp_scenario_66              NA
gp_scenario_67              NA
gp_scenario_68         -0.2300
gp_scenario_69         -0.1900
gp_scenario_70              NA
gp_scenario_71              NA
gp_scenario_72              NA
gp_scenario_73              NA
gp_scenario_74         -0.1400
gp_scenario_75              NA
gp_scenario_76              NA
gp_scenario_77              NA
gp_scenario_78              NA
gp_scenario_79         -0.0500
gp_scenario_80          0.0034
gp_scenario_81         -0.3200
gp_scenario_82              NA
gp_scenario_83              NA
gp_scenario_84         -0.1100
gp_scenario_85              NA
gp_scenario_86         -0.2600
gp_scenario_87              NA
gp_scenario_88         -0.2100
gp_scenario_89              NA
gp_scenario_90              NA
gp_scenario_91              NA
gp_scenario_92         -0.0720
gp_scenario_93         -0.0540
gp_scenario_94              NA
gp_scenario_95              NA
gp_scenario_96              NA
gp_scenario_97         -0.3300
gp_scenario_98              NA
gp_scenario_99              NA
gp_scenario_100        -0.1400
pa_median              -0.1500
pa_iqr                  0.1600
                GBLUP_wiser GBLUP_ls_means
gp_scenario_1          0.62        0.00033
gp_scenario_2          0.78        0.00140
gp_scenario_3          0.89        0.28000
gp_scenario_4          0.45        0.00028
gp_scenario_5          0.60        0.02400
gp_scenario_6          0.80        0.00140
gp_scenario_7          0.75        0.00160
gp_scenario_8          0.62        0.00028
gp_scenario_9          0.68        0.00560
gp_scenario_10         0.82        0.00140
gp_scenario_11         0.72        0.00038
gp_scenario_12         0.81        0.36000
gp_scenario_13         0.66        0.00040
gp_scenario_14         0.59        0.00026
gp_scenario_15         0.68        0.37000
gp_scenario_16         0.76        0.00059
gp_scenario_17         0.73        0.00160
gp_scenario_18         0.88        0.48000
gp_scenario_19         0.57        0.00076
gp_scenario_20         0.82        0.01000
gp_scenario_21         0.87        0.55000
gp_scenario_22         0.33        0.00029
gp_scenario_23         0.65        0.00041
gp_scenario_24         0.66        0.00058
gp_scenario_25         0.83        0.00280
gp_scenario_26         0.67        0.00051
gp_scenario_27         0.77        0.00061
gp_scenario_28         0.57        0.00062
gp_scenario_29         0.86        0.00490
gp_scenario_30         0.81        0.14000
gp_scenario_31         0.76        0.03300
gp_scenario_32         0.74        0.36000
gp_scenario_33         0.71        0.00021
gp_scenario_34         0.48        0.00021
gp_scenario_35         0.85        0.37000
gp_scenario_36         0.71        0.00077
gp_scenario_37         0.74        0.00200
gp_scenario_38         0.78        0.00810
gp_scenario_39         0.66        0.00044
gp_scenario_40         0.63        0.00055
gp_scenario_41         0.62        0.00050
gp_scenario_42         0.69        0.00031
gp_scenario_43         0.82        0.19000
gp_scenario_44         0.74        0.00140
gp_scenario_45         0.51        0.00039
gp_scenario_46         0.81        0.00210
gp_scenario_47         0.76        0.00067
gp_scenario_48         0.75        0.00480
gp_scenario_49         0.72        0.00500
gp_scenario_50         0.64        0.00088
gp_scenario_51         0.58        0.00053
gp_scenario_52         0.81        0.34000
gp_scenario_53         0.73        0.00120
gp_scenario_54         0.75        0.00054
gp_scenario_55         0.73        0.00230
gp_scenario_56         0.78        0.26000
gp_scenario_57         0.80        0.01100
gp_scenario_58         0.80        0.00120
gp_scenario_59         0.55        0.00037
gp_scenario_60         0.73        0.00043
gp_scenario_61         0.58        0.00046
gp_scenario_62         0.64        0.00049
gp_scenario_63         0.66        0.00026
gp_scenario_64         0.72        0.00074
gp_scenario_65         0.82        0.45000
gp_scenario_66         0.81        0.30000
gp_scenario_67         0.70        0.00440
gp_scenario_68         0.72        0.00160
gp_scenario_69         0.56        0.00038
gp_scenario_70         0.76        0.01400
gp_scenario_71         0.58        0.00065
gp_scenario_72         0.59        0.00051
gp_scenario_73         0.77        0.01500
gp_scenario_74         0.84        0.00096
gp_scenario_75         0.58        0.00042
gp_scenario_76         0.61        0.00046
gp_scenario_77         0.83        0.16000
gp_scenario_78         0.87        0.00790
gp_scenario_79         0.58        0.00038
gp_scenario_80         0.36        0.00028
gp_scenario_81         0.73        0.00170
gp_scenario_82         0.73        0.00290
gp_scenario_83         0.67        0.00050
gp_scenario_84         0.74        0.31000
gp_scenario_85         0.59        0.00027
gp_scenario_86         0.76        0.46000
gp_scenario_87         0.85        0.32000
gp_scenario_88         0.73        0.00072
gp_scenario_89         0.48        0.00038
gp_scenario_90         0.58        0.00027
gp_scenario_91         0.62        0.00035
gp_scenario_92         0.73        0.00054
gp_scenario_93         0.68        0.00087
gp_scenario_94         0.84        0.40000
gp_scenario_95         0.71        0.00140
gp_scenario_96         0.73        0.00040
gp_scenario_97         0.73        0.00053
gp_scenario_98         0.66        0.00073
gp_scenario_99         0.80        0.35000
gp_scenario_100        0.83        0.00870
h2_median              0.73        0.00092
h2_iqr                 0.16        0.00860
