[1] "using pine_env"
Le chargement a nécessité le package : Matrix

Attachement du package : ‘tidyr’

Les objets suivants sont masqués depuis ‘package:Matrix’:

    expand, pack, unpack

Le chargement a nécessité le package : foreach
Le chargement a nécessité le package : iterators
Le chargement a nécessité le package : parallel
Le chargement a nécessité le package : rngtools
This build of rgl does not include OpenGL functions.  Use
 rglwidget() to display results, e.g. via options(rgl.printRglwidget = TRUE).
Le chargement a nécessité le package : Rcpp
Le chargement a nécessité le package : RcppZiggurat
Le chargement a nécessité le package : RcppParallel

Attachement du package : ‘RcppParallel’

L'objet suivant est masqué depuis ‘package:Rcpp’:

    LdFlags


Rfast: 2.1.0
 ___ __ __ __ __    __ __ __ __ __ _             _               __ __ __ __ __     __ __ __ __ __ __   
|  __ __ __ __  |  |  __ __ __ __ _/            / \             |  __ __ __ __ /   /__ __ _   _ __ __\  
| |           | |  | |                         / _ \            | |                        / /          
| |           | |  | |                        / / \ \           | |                       / /          
| |           | |  | |                       / /   \ \          | |                      / /          
| |__ __ __ __| |  | |__ __ __ __           / /     \ \         | |__ __ __ __ _        / /__/\          
|    __ __ __ __|  |  __ __ __ __|         / /__ _ __\ \        |_ __ __ __ _   |      / ___  /           
|   \              | |                    / _ _ _ _ _ _ \                     | |      \/  / /       
| |\ \             | |                   / /           \ \                    | |         / /          
| | \ \            | |                  / /             \ \                   | |        / /          
| |  \ \           | |                 / /               \ \                  | |       / /          
| |   \ \__ __ _   | |                / /                 \ \     _ __ __ __ _| |      / /          
|_|    \__ __ __\  |_|               /_/                   \_\   /_ __ __ __ ___|      \/             team

Attachement du package : ‘Rfast’

Les objets suivants sont masqués depuis ‘package:robustbase’:

    colMedians, rowMedians

L'objet suivant est masqué depuis ‘package:data.table’:

    transpose

Le chargement a nécessité le package : lattice

Attachement du package : ‘plotly’

L'objet suivant est masqué depuis ‘package:ggplot2’:

    last_plot

L'objet suivant est masqué depuis ‘package:MASS’:

    select

L'objet suivant est masqué depuis ‘package:stats’:

    filter

L'objet suivant est masqué depuis ‘package:graphics’:

    layout


Attachement du package : ‘dplyr’

L'objet suivant est masqué depuis ‘package:Rfast’:

    nth

Les objets suivants sont masqués depuis ‘package:data.table’:

    between, first, last

L'objet suivant est masqué depuis ‘package:MASS’:

    select

Les objets suivants sont masqués depuis ‘package:stats’:

    filter, lag

Les objets suivants sont masqués depuis ‘package:base’:

    intersect, setdiff, setequal, union


Attachement du package : ‘kernlab’

L'objet suivant est masqué depuis ‘package:ggplot2’:

    alpha

Le chargement a nécessité le package : corpcor

Attachement du package : ‘corpcor’

L'objet suivant est masqué depuis ‘package:matrixcalc’:

    is.positive.definite

Loaded glmnet 4.1-8

Loaded mixOmics 6.25.1
Thank you for using mixOmics!
Tutorials: http://mixomics.org
Bookdown vignette: https://mixomicsteam.github.io/Bookdown
Questions, issues: Follow the prompts at http://mixomics.org/contact-us
Cite us:  citation('mixOmics')

[1] "kernel: linear"
[1] "trait: T6"
                RF_wiser SVR_wiser GBLUP_wiser RKHS_wiser LASSO_wiser
gp_scenario_1   -1.3e-01   0.04400       0.037     0.0190      0.0400
gp_scenario_2    3.2e-01   0.38000       0.340     0.3400          NA
gp_scenario_3    3.0e-01   0.18000       0.086     0.1700          NA
gp_scenario_4   -3.2e-02  -0.00820       0.044     0.0710      0.3400
gp_scenario_5    9.0e-02   0.04100       0.081     0.1200      0.2500
gp_scenario_6   -2.5e-02  -0.05500      -0.003     0.0160      0.0430
gp_scenario_7    2.1e-01   0.31000       0.290     0.3400          NA
gp_scenario_8    1.5e-01   0.12000       0.160     0.1300      0.1700
gp_scenario_9    2.8e-01   0.51000       0.490     0.4500          NA
gp_scenario_10  -2.6e-01  -0.18000      -0.150    -0.1700     -0.2100
gp_scenario_11   3.9e-02   0.10000       0.057     0.0760          NA
gp_scenario_12   1.4e-01   0.37000       0.370     0.4100          NA
gp_scenario_13  -2.8e-01  -0.23000      -0.190    -0.1000     -0.0120
gp_scenario_14   1.3e-01   0.24000       0.270     0.1900          NA
gp_scenario_15  -7.5e-02  -0.05200      -0.077    -0.0760     -0.0140
gp_scenario_16   3.5e-01   0.38000       0.330     0.3700      0.1600
gp_scenario_17   1.0e-01   0.14000       0.170     0.1500          NA
gp_scenario_18   3.3e-01   0.37000       0.330     0.4500          NA
gp_scenario_19  -1.3e-01  -0.01100      -0.045    -0.0480     -0.0430
gp_scenario_20  -9.7e-02  -0.09600      -0.034    -0.0130      0.1600
gp_scenario_21   2.0e-01   0.22000       0.250     0.1900          NA
gp_scenario_22   1.1e-01   0.16000       0.160     0.2300      0.0950
gp_scenario_23   2.6e-01   0.31000       0.320     0.3200      0.4300
gp_scenario_24   1.6e-01   0.21000       0.150     0.1500      0.1100
gp_scenario_25   9.1e-02   0.12000       0.061     0.1200      0.0950
gp_scenario_26   2.0e-01   0.20000       0.250     0.3500      0.1900
gp_scenario_27   1.5e-01   0.26000       0.270     0.2900          NA
gp_scenario_28   2.4e-01   0.28000       0.310     0.2400      0.0950
gp_scenario_29   3.9e-01   0.40000       0.460     0.4600          NA
gp_scenario_30  -1.4e-01  -0.08100      -0.110    -0.1000     -0.0480
gp_scenario_31   2.5e-01   0.35000       0.370     0.3200      0.2600
gp_scenario_32  -4.4e-03   0.16000       0.140     0.1200          NA
gp_scenario_33   1.7e-01   0.25000       0.270     0.2600      0.0650
gp_scenario_34  -9.4e-05   0.11000       0.170     0.2500      0.3800
gp_scenario_35   1.6e-01   0.17000       0.130     0.2600      0.2400
gp_scenario_36  -5.9e-04  -0.10000      -0.011     0.0160      0.2100
gp_scenario_37   2.1e-01   0.38000       0.330     0.3900      0.0770
gp_scenario_38   2.3e-01   0.19000       0.180     0.1400          NA
gp_scenario_39   2.4e-01   0.28000       0.230     0.2900          NA
gp_scenario_40  -2.3e-02   0.20000       0.210     0.1800      0.0820
gp_scenario_41   1.1e-02  -0.01300      -0.010     0.0670      0.0980
gp_scenario_42   1.1e-01   0.24000       0.230     0.2400     -0.0086
gp_scenario_43  -1.5e-01  -0.07000      -0.058    -0.0800     -0.0950
gp_scenario_44   2.8e-01   0.36000       0.370     0.4300          NA
gp_scenario_45   6.6e-02   0.23000       0.260     0.2300      0.2100
gp_scenario_46   9.6e-03   0.00026       0.018     0.1900      0.2900
gp_scenario_47   3.3e-01   0.38000       0.430     0.3300      0.3500
gp_scenario_48   2.3e-01   0.35000       0.330     0.3300      0.0640
gp_scenario_49  -1.1e-01  -0.02600      -0.021    -0.0380          NA
gp_scenario_50   4.5e-02   0.23000       0.200     0.2300      0.0310
gp_scenario_51   6.8e-02   0.26000       0.290     0.3300      0.1600
gp_scenario_52   2.3e-01   0.28000       0.310     0.3000      0.4000
gp_scenario_53   1.4e-01   0.25000       0.220     0.1800          NA
gp_scenario_54   3.0e-01   0.37000       0.330     0.3400      0.2300
gp_scenario_55   1.7e-01   0.27000       0.250     0.3900          NA
gp_scenario_56   1.3e-01   0.16000       0.110     0.2300     -0.0130
gp_scenario_57   1.8e-01   0.21000       0.230     0.2700      0.1500
gp_scenario_58   2.5e-01   0.27000       0.280     0.2100      0.0280
gp_scenario_59   8.1e-02   0.12000       0.140     0.2500      0.1800
gp_scenario_60  -2.3e-01  -0.12000      -0.110    -0.1300     -0.0610
gp_scenario_61   8.5e-02   0.14000       0.160     0.2000      0.1300
gp_scenario_62   3.1e-01   0.40000       0.500     0.5400      0.3500
gp_scenario_63  -3.0e-02   0.11000       0.140     0.1000          NA
gp_scenario_64  -7.2e-02   0.06500       0.039     0.0120     -0.0510
gp_scenario_65   1.5e-02   0.06300       0.063     0.0610      0.0230
gp_scenario_66   2.2e-01   0.35000       0.340     0.4000          NA
gp_scenario_67  -1.4e-01  -0.04000      -0.032    -0.0560     -0.1500
gp_scenario_68   1.5e-01   0.12000       0.130     0.2000      0.4000
gp_scenario_69   2.1e-01   0.33000       0.250     0.3100      0.2200
gp_scenario_70   3.3e-01   0.32000       0.370     0.4200          NA
gp_scenario_71   3.2e-02   0.09300       0.096     0.1000      0.2300
gp_scenario_72  -3.3e-02   0.09500       0.049     0.0580          NA
gp_scenario_73   3.3e-01   0.39000       0.340     0.4800      0.4000
gp_scenario_74   1.8e-01   0.26000       0.370     0.4700      0.1800
gp_scenario_75   1.2e-01   0.11000       0.079     0.0680      0.1300
gp_scenario_76   2.6e-01   0.20000       0.290     0.3600      0.3900
gp_scenario_77   3.6e-01   0.35000       0.320     0.2800          NA
gp_scenario_78   4.1e-01   0.43000       0.450     0.4500     -0.0260
gp_scenario_79  -1.4e-01  -0.09600      -0.110    -0.1100     -0.0680
gp_scenario_80   2.0e-02   0.02200       0.069     0.1700      0.2000
gp_scenario_81   4.0e-01   0.36000       0.470     0.5200      0.5800
gp_scenario_82   9.7e-02   0.17000       0.160     0.2300      0.2400
gp_scenario_83  -1.6e-01  -0.12000      -0.130    -0.0950     -0.0710
gp_scenario_84  -1.3e-01   0.04600       0.036     0.0270     -0.1900
gp_scenario_85   8.0e-02   0.12000       0.071     0.0990          NA
gp_scenario_86   2.2e-01   0.30000       0.340     0.2800      0.2400
gp_scenario_87   2.8e-01   0.27000       0.260     0.2500          NA
gp_scenario_88   4.3e-01   0.42000       0.430     0.4000          NA
gp_scenario_89   9.1e-02   0.28000       0.360     0.3200      0.1500
gp_scenario_90  -2.3e-02   0.11000       0.120     0.1300      0.0500
gp_scenario_91  -2.1e-01  -0.00600       0.023    -0.0240     -0.1600
gp_scenario_92   3.9e-01   0.42000       0.430     0.3700      0.2300
gp_scenario_93   3.3e-01   0.39000       0.400     0.4500          NA
gp_scenario_94   4.0e-02   0.19000       0.220     0.2200      0.0100
gp_scenario_95   2.7e-01   0.32000       0.370     0.4500      0.4100
gp_scenario_96  -1.5e-01   0.04700       0.066     0.0098      0.0810
gp_scenario_97   1.1e-01   0.24000       0.260     0.2100          NA
gp_scenario_98  -1.7e-01   0.11000       0.190     0.3100     -0.3000
gp_scenario_99  -1.4e-01  -0.03600      -0.008     0.1000      0.1600
gp_scenario_100  3.4e-01   0.40000       0.430     0.3600      0.2600
pa_median        1.2e-01   0.20000       0.200     0.2300      0.1300
pa_iqr           2.5e-01   0.25000       0.270     0.2400      0.2200
                RF_ls_means SVR_ls_means GBLUP_ls_means RKHS_ls_means
gp_scenario_1      -0.01400      0.05500         0.0620        0.0530
gp_scenario_2       0.27000      0.41000         0.4100        0.3900
gp_scenario_3       0.07300      0.03600        -0.0032        0.0880
gp_scenario_4      -0.16000     -0.00410         0.0230       -0.0430
gp_scenario_5      -0.01200     -0.07500        -0.0710       -0.0690
gp_scenario_6      -0.12000     -0.10000        -0.0280       -0.1200
gp_scenario_7       0.18000      0.22000         0.1800        0.2200
gp_scenario_8       0.08500      0.13000         0.1200        0.0990
gp_scenario_9       0.23000      0.43000         0.4400        0.4500
gp_scenario_10     -0.14000     -0.08800        -0.0540       -0.0950
gp_scenario_11     -0.08400     -0.09500        -0.1100       -0.0870
gp_scenario_12      0.14000      0.29000         0.3100        0.3200
gp_scenario_13     -0.24000     -0.05900        -0.0720        0.0620
gp_scenario_14      0.17000      0.28000         0.2600        0.2000
gp_scenario_15     -0.06000     -0.09600        -0.1200       -0.1100
gp_scenario_16      0.39000      0.38000         0.3000        0.3500
gp_scenario_17     -0.03500      0.10000         0.1200        0.0680
gp_scenario_18      0.29000      0.39000         0.4100        0.4900
gp_scenario_19     -0.09800     -0.01300        -0.0130       -0.0110
gp_scenario_20     -0.06400     -0.05800        -0.0620       -0.0400
gp_scenario_21      0.14000      0.14000         0.1400        0.1200
gp_scenario_22      0.04500      0.14000         0.1300        0.1600
gp_scenario_23      0.16000      0.26000         0.2700        0.2400
gp_scenario_24      0.21000      0.18000         0.1900        0.1500
gp_scenario_25     -0.05400     -0.00490        -0.0530        0.0140
gp_scenario_26      0.23000      0.23000         0.3100        0.3700
gp_scenario_27      0.06500      0.20000         0.2300        0.2300
gp_scenario_28      0.10000      0.19000         0.2100        0.1200
gp_scenario_29      0.26000      0.37000         0.3800        0.3500
gp_scenario_30     -0.15000     -0.12000        -0.1400       -0.1200
gp_scenario_31      0.12000      0.28000         0.2700        0.2900
gp_scenario_32     -0.02500      0.05200         0.0770        0.0450
gp_scenario_33      0.11000      0.16000         0.1700        0.1700
gp_scenario_34      0.05900      0.17000         0.1800        0.2000
gp_scenario_35     -0.01100      0.00190        -0.0110        0.0710
gp_scenario_36      0.06100      0.08900         0.1300        0.0600
gp_scenario_37      0.24000      0.31000         0.2600        0.3200
gp_scenario_38     -0.05000     -0.01900        -0.0190       -0.0460
gp_scenario_39      0.17000      0.14000         0.1200        0.1600
gp_scenario_40     -0.00033      0.15000         0.2000        0.1400
gp_scenario_41     -0.07600     -0.08700        -0.0670       -0.0220
gp_scenario_42      0.00660      0.05400         0.0300        0.0810
gp_scenario_43     -0.08800     -0.01700         0.0076       -0.0370
gp_scenario_44      0.15000      0.29000         0.3100        0.3100
gp_scenario_45      0.05600      0.23000         0.2300        0.2300
gp_scenario_46     -0.09900      0.02500         0.0077        0.1600
gp_scenario_47      0.23000      0.18000         0.1800        0.1300
gp_scenario_48      0.21000      0.37000         0.3500        0.3600
gp_scenario_49     -0.00950      0.09800         0.1400        0.0830
gp_scenario_50      0.22000      0.25000         0.2700        0.2700
gp_scenario_51      0.07600      0.26000         0.2400        0.2600
gp_scenario_52      0.15000      0.23000         0.2600        0.2300
gp_scenario_53     -0.00092      0.00210        -0.0100       -0.0410
gp_scenario_54      0.11000      0.28000         0.2600        0.2100
gp_scenario_55      0.02100      0.17000         0.2100        0.3000
gp_scenario_56      0.03000      0.02300        -0.0100        0.1100
gp_scenario_57      0.06200      0.19000         0.1900        0.2100
gp_scenario_58      0.04200      0.10000         0.0990        0.0750
gp_scenario_59     -0.02300      0.04300         0.0510        0.1600
gp_scenario_60     -0.11000     -0.02200         0.0021       -0.0400
gp_scenario_61     -0.05900      0.02600         0.0740        0.0610
gp_scenario_62      0.30000      0.42000         0.4500        0.4700
gp_scenario_63     -0.04900      0.08700         0.1100        0.0460
gp_scenario_64     -0.02400      0.02000         0.0260        0.0200
gp_scenario_65     -0.09300      0.09000         0.1000        0.0930
gp_scenario_66      0.39000      0.37000         0.4000        0.4500
gp_scenario_67     -0.11000     -0.09300        -0.0600       -0.0880
gp_scenario_68      0.14000      0.12000         0.1200        0.2000
gp_scenario_69     -0.00290      0.15000         0.1200        0.1500
gp_scenario_70      0.18000      0.29000         0.2800        0.2800
gp_scenario_71      0.05400      0.07300         0.0790        0.0730
gp_scenario_72     -0.06800      0.05800         0.0270        0.0690
gp_scenario_73      0.28000      0.30000         0.2900        0.4000
gp_scenario_74     -0.03500      0.22000         0.3000        0.3800
gp_scenario_75     -0.06400      0.04800         0.0540        0.0021
gp_scenario_76      0.11000      0.18000         0.2500        0.2800
gp_scenario_77      0.24000      0.25000         0.2700        0.2500
gp_scenario_78      0.14000      0.25000         0.2800        0.2500
gp_scenario_79     -0.16000     -0.12000        -0.1200       -0.1200
gp_scenario_80     -0.03100      0.06400         0.0510        0.0810
gp_scenario_81      0.14000      0.28000         0.3500        0.3800
gp_scenario_82      0.17000      0.18000         0.1800        0.2700
gp_scenario_83     -0.23000     -0.18000        -0.1800       -0.1500
gp_scenario_84     -0.19000     -0.05300        -0.0350       -0.0480
gp_scenario_85     -0.07400     -0.02400        -0.0150       -0.0130
gp_scenario_86      0.12000      0.18000         0.2200        0.1300
gp_scenario_87      0.01100      0.12000         0.1100        0.1000
gp_scenario_88      0.17000      0.18000         0.2000        0.1700
gp_scenario_89      0.14000      0.28000         0.3400        0.2600
gp_scenario_90     -0.02100      0.07900         0.0710        0.0990
gp_scenario_91     -0.14000      0.00064         0.0580        0.0140
gp_scenario_92      0.20000      0.27000         0.2700        0.2100
gp_scenario_93      0.24000      0.33000         0.3300        0.3200
gp_scenario_94      0.11000      0.20000         0.2400        0.2000
gp_scenario_95      0.27000      0.22000         0.2700        0.3500
gp_scenario_96     -0.11000      0.01000         0.0600       -0.0170
gp_scenario_97      0.13000      0.13000         0.1400        0.1400
gp_scenario_98      0.01600      0.18000         0.1900        0.3000
gp_scenario_99     -0.10000     -0.01200         0.0280        0.0840
gp_scenario_100     0.35000      0.47000         0.4800        0.4100
pa_median           0.05500      0.14000         0.1400        0.1400
pa_iqr              0.22000      0.23000         0.2400        0.2200
                LASSO_ls_means RF_blups SVR_blups GBLUP_blups RKHS_blups
gp_scenario_1          0.09000 -0.21000   -0.1800     -0.1700    -0.1900
gp_scenario_2               NA  0.32000    0.3900      0.3800     0.3700
gp_scenario_3         -0.02800  0.15000    0.0500      0.0037     0.0059
gp_scenario_4               NA -0.23000   -0.1500     -0.1600    -0.2400
gp_scenario_5          0.25000 -0.00710   -0.0480     -0.0260    -0.0350
gp_scenario_6          0.08000 -0.21000   -0.2000     -0.2200    -0.2700
gp_scenario_7               NA  0.13000    0.1700      0.1700     0.1500
gp_scenario_8               NA  0.10000    0.1800      0.2000     0.1900
gp_scenario_9               NA  0.27000    0.4600      0.4500     0.4100
gp_scenario_10              NA -0.32000   -0.2500     -0.1600    -0.2100
gp_scenario_11        -0.04500  0.01400    0.0250     -0.0260     0.0038
gp_scenario_12              NA  0.13000    0.2300      0.2300     0.1900
gp_scenario_13         0.25000 -0.36000   -0.2000     -0.2300    -0.2300
gp_scenario_14              NA  0.25000    0.2700      0.2600     0.2100
gp_scenario_15        -0.07800 -0.18000   -0.2600     -0.2400    -0.2500
gp_scenario_16              NA  0.47000    0.4300      0.4200     0.4300
gp_scenario_17              NA  0.04100    0.1000      0.1400     0.0620
gp_scenario_18         0.09300  0.25000    0.2000      0.2000     0.1800
gp_scenario_19        -0.12000 -0.07300    0.0210     -0.0360    -0.0330
gp_scenario_20         0.02200 -0.20000   -0.2100     -0.2500    -0.2700
gp_scenario_21         0.12000  0.09200    0.1600      0.1400     0.1100
gp_scenario_22              NA  0.14000    0.1700      0.1700     0.1800
gp_scenario_23         0.25000  0.28000    0.2300      0.2700     0.2400
gp_scenario_24              NA  0.07500    0.2000      0.1700     0.0940
gp_scenario_25              NA -0.02800    0.0520     -0.0150     0.0032
gp_scenario_26              NA -0.03700    0.1100      0.0720     0.0560
gp_scenario_27              NA  0.06700    0.1900      0.1700     0.1200
gp_scenario_28              NA  0.24000    0.3100      0.3100     0.2000
gp_scenario_29              NA  0.30000    0.3400      0.3500     0.3200
gp_scenario_30        -0.14000 -0.26000   -0.3000     -0.3000    -0.2800
gp_scenario_31              NA  0.24000    0.2600      0.2800     0.2900
gp_scenario_32              NA -0.22000   -0.0460     -0.0300    -0.0750
gp_scenario_33         0.08400  0.11000    0.1800      0.1900     0.1800
gp_scenario_34         0.36000  0.04300    0.1200      0.0870     0.0540
gp_scenario_35         0.00025 -0.14000   -0.1200     -0.1600    -0.1800
gp_scenario_36              NA  0.05800   -0.0390      0.0380    -0.0660
gp_scenario_37              NA  0.09400    0.3200      0.3200     0.3200
gp_scenario_38        -0.06100  0.01800   -0.0066      0.0073    -0.0930
gp_scenario_39              NA  0.21000    0.2100      0.2000     0.2500
gp_scenario_40         0.16000 -0.03300    0.1300      0.1700     0.0920
gp_scenario_41              NA -0.23000   -0.1600     -0.1700    -0.1800
gp_scenario_42         0.07400 -0.04600    0.0840      0.0570     0.0440
gp_scenario_43              NA -0.31000   -0.1300     -0.0610    -0.1600
gp_scenario_44              NA  0.25000    0.3400      0.3300     0.3100
gp_scenario_45              NA  0.14000    0.1700      0.2100     0.1500
gp_scenario_46              NA -0.11000   -0.0065     -0.0480    -0.0310
gp_scenario_47              NA  0.27000    0.2600      0.2900     0.2700
gp_scenario_48              NA  0.18000    0.2700      0.2600     0.2300
gp_scenario_49        -0.10000 -0.28000   -0.1200     -0.0510    -0.1100
gp_scenario_50              NA  0.13000    0.2500      0.2000     0.1500
gp_scenario_51              NA -0.15000    0.1100      0.1300     0.1000
gp_scenario_52         0.16000  0.00370    0.0890      0.1100     0.0910
gp_scenario_53              NA  0.03100    0.1600      0.1100     0.0590
gp_scenario_54         0.01400  0.17000    0.3100      0.2600     0.2500
gp_scenario_55              NA  0.12000    0.2300      0.2400     0.2200
gp_scenario_56              NA  0.10000    0.0610      0.0290     0.0410
gp_scenario_57         0.12000  0.08100    0.1800      0.1700     0.1500
gp_scenario_58              NA  0.06800    0.2000      0.1800     0.1300
gp_scenario_59              NA -0.29000   -0.1100     -0.1100    -0.1200
gp_scenario_60              NA -0.32000   -0.1500     -0.0980    -0.1700
gp_scenario_61         0.16000 -0.10000    0.0460      0.0240    -0.0320
gp_scenario_62              NA  0.24000    0.3100      0.3300     0.3100
gp_scenario_63              NA -0.00780    0.1300      0.1500     0.1000
gp_scenario_64         0.09200 -0.16000   -0.0430     -0.0390    -0.0640
gp_scenario_65              NA -0.17000    0.0260      0.0800    -0.0380
gp_scenario_66              NA  0.22000    0.2800      0.2800     0.2700
gp_scenario_67        -0.15000 -0.17000   -0.1300     -0.0890    -0.1400
gp_scenario_68         0.23000 -0.01700   -0.0084     -0.0270    -0.0360
gp_scenario_69              NA  0.02400    0.2400      0.2000     0.2200
gp_scenario_70         0.18000  0.28000    0.3300      0.3500     0.3400
gp_scenario_71              NA  0.09400    0.0610      0.0690     0.0740
gp_scenario_72              NA -0.06600   -0.0780     -0.0750    -0.1100
gp_scenario_73              NA  0.24000    0.2800      0.2500     0.2500
gp_scenario_74         0.09900  0.01400    0.1500      0.1200     0.0860
gp_scenario_75        -0.00480 -0.00063    0.1200      0.0910     0.0120
gp_scenario_76              NA  0.04400    0.0600      0.0670     0.0110
gp_scenario_77              NA  0.16000    0.3200      0.2900     0.2800
gp_scenario_78         0.03500  0.08100    0.2500      0.2900     0.2600
gp_scenario_79        -0.09200 -0.40000   -0.2300     -0.2000    -0.2200
gp_scenario_80              NA -0.13000   -0.0800     -0.1400    -0.1400
gp_scenario_81              NA -0.06900    0.1400      0.0900    -0.0098
gp_scenario_82         0.11000  0.11000    0.2100      0.2100     0.2200
gp_scenario_83              NA -0.23000   -0.2100     -0.2000    -0.2500
gp_scenario_84        -0.20000 -0.28000   -0.0930     -0.0510    -0.1300
gp_scenario_85        -0.12000 -0.03700   -0.0160     -0.0750    -0.0430
gp_scenario_86         0.12000  0.13000    0.1600      0.1400     0.0870
gp_scenario_87              NA  0.15000    0.1900      0.1800     0.1800
gp_scenario_88              NA  0.26000    0.3600      0.3500     0.3400
gp_scenario_89         0.08400  0.03400    0.2000      0.2900     0.2100
gp_scenario_90         0.04300 -0.13000   -0.0320     -0.0130    -0.0490
gp_scenario_91        -0.23000 -0.39000   -0.1200     -0.0550    -0.1500
gp_scenario_92              NA  0.28000    0.3300      0.3200     0.3100
gp_scenario_93              NA  0.28000    0.3800      0.3700     0.3600
gp_scenario_94         0.02700  0.02300    0.0950      0.1100    -0.0170
gp_scenario_95         0.23000  0.08100    0.1300      0.0770     0.0770
gp_scenario_96        -0.11000 -0.11000    0.0550      0.1000    -0.0330
gp_scenario_97        -0.12000  0.19000    0.2400      0.2500     0.2200
gp_scenario_98              NA  0.06400    0.0490      0.0660     0.0970
gp_scenario_99              NA -0.33000   -0.1700     -0.1900    -0.2200
gp_scenario_100             NA  0.33000    0.4500      0.4200     0.3800
pa_median              0.07400  0.04200    0.1200      0.1100     0.0810
pa_iqr                 0.19000  0.28000    0.2700      0.2800     0.2800
                LASSO_blups
gp_scenario_1       -0.0040
gp_scenario_2            NA
gp_scenario_3        0.2000
gp_scenario_4       -0.0650
gp_scenario_5        0.2200
gp_scenario_6       -0.3900
gp_scenario_7       -0.0640
gp_scenario_8        0.1400
gp_scenario_9        0.3500
gp_scenario_10      -0.2200
gp_scenario_11      -0.1100
gp_scenario_12       0.0820
gp_scenario_13      -0.0550
gp_scenario_14           NA
gp_scenario_15      -0.0530
gp_scenario_16           NA
gp_scenario_17           NA
gp_scenario_18       0.1400
gp_scenario_19           NA
gp_scenario_20      -0.2000
gp_scenario_21           NA
gp_scenario_22       0.0490
gp_scenario_23       0.2200
gp_scenario_24           NA
gp_scenario_25      -0.0150
gp_scenario_26           NA
gp_scenario_27           NA
gp_scenario_28       0.2200
gp_scenario_29       0.1900
gp_scenario_30      -0.0980
gp_scenario_31           NA
gp_scenario_32      -0.1300
gp_scenario_33       0.0930
gp_scenario_34       0.2600
gp_scenario_35      -0.0170
gp_scenario_36       0.2800
gp_scenario_37      -0.1800
gp_scenario_38       0.0820
gp_scenario_39       0.0410
gp_scenario_40           NA
gp_scenario_41           NA
gp_scenario_42      -0.0026
gp_scenario_43      -0.1800
gp_scenario_44           NA
gp_scenario_45           NA
gp_scenario_46      -0.1700
gp_scenario_47       0.3500
gp_scenario_48      -0.0370
gp_scenario_49      -0.1900
gp_scenario_50      -0.1300
gp_scenario_51      -0.0510
gp_scenario_52       0.0150
gp_scenario_53           NA
gp_scenario_54       0.1600
gp_scenario_55       0.2000
gp_scenario_56      -0.1500
gp_scenario_57       0.1200
gp_scenario_58           NA
gp_scenario_59           NA
gp_scenario_60      -0.0770
gp_scenario_61           NA
gp_scenario_62       0.1100
gp_scenario_63           NA
gp_scenario_64           NA
gp_scenario_65      -0.2000
gp_scenario_66       0.4000
gp_scenario_67      -0.0900
gp_scenario_68       0.2000
gp_scenario_69      -0.0063
gp_scenario_70       0.3000
gp_scenario_71           NA
gp_scenario_72       0.0610
gp_scenario_73           NA
gp_scenario_74       0.1500
gp_scenario_75       0.1100
gp_scenario_76           NA
gp_scenario_77           NA
gp_scenario_78      -0.0470
gp_scenario_79      -0.2400
gp_scenario_80           NA
gp_scenario_81       0.0380
gp_scenario_82       0.1000
gp_scenario_83      -0.0570
gp_scenario_84      -0.1500
gp_scenario_85           NA
gp_scenario_86       0.1400
gp_scenario_87           NA
gp_scenario_88           NA
gp_scenario_89       0.1100
gp_scenario_90       0.0480
gp_scenario_91      -0.2400
gp_scenario_92       0.1600
gp_scenario_93           NA
gp_scenario_94       0.0330
gp_scenario_95       0.2700
gp_scenario_96       0.0073
gp_scenario_97      -0.1600
gp_scenario_98      -0.1000
gp_scenario_99      -0.1300
gp_scenario_100          NA
pa_median            0.0110
pa_iqr               0.2400
                GBLUP_wiser GBLUP_ls_means GBLUP_blups
gp_scenario_1       0.72000        0.50000     0.44000
gp_scenario_2       0.04200        0.00120     0.00028
gp_scenario_3       0.24000        0.06300     0.00110
gp_scenario_4       0.30000        0.01900     0.37000
gp_scenario_5       0.42000        0.41000     0.00990
gp_scenario_6       0.33000        0.32000     0.45000
gp_scenario_7       0.06400        0.01000     0.00095
gp_scenario_8       0.37000        0.20000     0.00049
gp_scenario_9       0.00630        0.00094     0.00033
gp_scenario_10      0.75000        0.54000     0.49000
gp_scenario_11      0.43000        0.49000     0.01200
gp_scenario_12      0.01100        0.00130     0.00065
gp_scenario_13      0.42000        0.00910     0.32000
gp_scenario_14      0.14000        0.00090     0.00029
gp_scenario_15      0.79000        0.61000     0.49000
gp_scenario_16      0.07900        0.00230     0.00029
gp_scenario_17      0.25000        0.20000     0.00110
gp_scenario_18      0.03800        0.00088     0.00076
gp_scenario_19      0.83000        0.63000     0.35000
gp_scenario_20      0.43000        0.38000     0.51000
gp_scenario_21      0.29000        0.21000     0.00089
gp_scenario_22      0.26000        0.05200     0.00061
gp_scenario_23      0.05000        0.00096     0.00120
gp_scenario_24      0.32000        0.19000     0.00170
gp_scenario_25      0.35000        0.27000     0.00510
gp_scenario_26      0.00400        0.00048     0.00130
gp_scenario_27      0.24000        0.00530     0.00100
gp_scenario_28      0.27000        0.24000     0.00083
gp_scenario_29      0.02000        0.00240     0.00052
gp_scenario_30      0.79000        0.67000     0.53000
gp_scenario_31      0.05700        0.00290     0.00038
gp_scenario_32      0.69000        0.50000     0.35000
gp_scenario_33      0.29000        0.15000     0.00064
gp_scenario_34      0.04000        0.00110     0.00160
gp_scenario_35      0.32000        0.31000     0.12000
gp_scenario_36      0.33000        0.00610     0.00560
gp_scenario_37      0.05100        0.00350     0.00047
gp_scenario_38      0.34000        0.39000     0.18000
gp_scenario_39      0.23000        0.02300     0.00060
gp_scenario_40      0.58000        0.33000     0.01600
gp_scenario_41      0.40000        0.29000     0.33000
gp_scenario_42      0.26000        0.29000     0.00220
gp_scenario_43      0.71000        0.43000     0.22000
gp_scenario_44      0.00270        0.00180     0.00041
gp_scenario_45      0.25000        0.00400     0.00058
gp_scenario_46      0.24000        0.04700     0.11000
gp_scenario_47      0.16000        0.14000     0.00040
gp_scenario_48      0.05200        0.00130     0.00055
gp_scenario_49      0.69000        0.38000     0.25000
gp_scenario_50      0.36000        0.02200     0.00120
gp_scenario_51      0.22000        0.00390     0.00110
gp_scenario_52      0.52000        0.05600     0.25000
gp_scenario_53      0.28000        0.30000     0.00110
gp_scenario_54      0.23000        0.02300     0.00064
gp_scenario_55      0.02700        0.00270     0.00052
gp_scenario_56      0.29000        0.22000     0.00190
gp_scenario_57      0.28000        0.06300     0.00110
gp_scenario_58      0.08900        0.09100     0.00042
gp_scenario_59      0.04800        0.00290     0.14000
gp_scenario_60      0.74000        0.48000     0.34000
gp_scenario_61      0.27000        0.26000     0.03900
gp_scenario_62      0.00140        0.00055     0.00059
gp_scenario_63      0.35000        0.22000     0.00086
gp_scenario_64      0.63000        0.45000     0.02300
gp_scenario_65      0.36000        0.21000     0.00360
gp_scenario_66      0.01200        0.00052     0.00046
gp_scenario_67      0.68000        0.53000     0.32000
gp_scenario_68      0.28000        0.00430     0.05400
gp_scenario_69      0.29000        0.22000     0.00120
gp_scenario_70      0.01100        0.00390     0.00044
gp_scenario_71      0.36000        0.28000     0.00490
gp_scenario_72      0.69000        0.43000     0.21000
gp_scenario_73      0.02400        0.00160     0.00067
gp_scenario_74      0.00150        0.00076     0.00073
gp_scenario_75      0.38000        0.29000     0.00220
gp_scenario_76      0.00085        0.00069     0.00086
gp_scenario_77      0.11000        0.00210     0.00031
gp_scenario_78      0.01600        0.01300     0.00097
gp_scenario_79      0.88000        0.68000     0.58000
gp_scenario_80      0.43000        0.33000     0.19000
gp_scenario_81      0.00052        0.00058     0.00240
gp_scenario_82      0.08300        0.00077     0.00031
gp_scenario_83      0.41000        0.37000     0.00600
gp_scenario_84      0.74000        0.50000     0.09100
gp_scenario_85      0.39000        0.34000     0.04100
gp_scenario_86      0.35000        0.18000     0.12000
gp_scenario_87      0.23000        0.20000     0.00064
gp_scenario_88      0.02000        0.02200     0.00030
gp_scenario_89      0.25000        0.00350     0.00096
gp_scenario_90      0.43000        0.27000     0.09400
gp_scenario_91      0.67000        0.47000     0.34000
gp_scenario_92      0.09700        0.01200     0.00041
gp_scenario_93      0.11000        0.00860     0.00042
gp_scenario_94      0.27000        0.00950     0.00690
gp_scenario_95      0.00500        0.00140     0.00170
gp_scenario_96      0.66000        0.49000     0.05500
gp_scenario_97      0.30000        0.23000     0.00070
gp_scenario_98      0.21000        0.00280     0.00110
gp_scenario_99      0.35000        0.12000     0.40000
gp_scenario_100     0.06400        0.00097     0.00033
h2_median           0.28000        0.07700     0.00120
h2_iqr              0.34000        0.31000     0.11000
