[1] "using pine_env"
Le chargement a nécessité le package : Matrix

Attachement du package : ‘tidyr’

Les objets suivants sont masqués depuis ‘package:Matrix’:

    expand, pack, unpack

Le chargement a nécessité le package : foreach
Le chargement a nécessité le package : iterators
Le chargement a nécessité le package : parallel
Le chargement a nécessité le package : rngtools
This build of rgl does not include OpenGL functions.  Use
 rglwidget() to display results, e.g. via options(rgl.printRglwidget = TRUE).
Le chargement a nécessité le package : Rcpp
Le chargement a nécessité le package : RcppZiggurat
Le chargement a nécessité le package : RcppParallel

Attachement du package : ‘RcppParallel’

L'objet suivant est masqué depuis ‘package:Rcpp’:

    LdFlags


Rfast: 2.1.0
 ___ __ __ __ __    __ __ __ __ __ _             _               __ __ __ __ __     __ __ __ __ __ __   
|  __ __ __ __  |  |  __ __ __ __ _/            / \             |  __ __ __ __ /   /__ __ _   _ __ __\  
| |           | |  | |                         / _ \            | |                        / /          
| |           | |  | |                        / / \ \           | |                       / /          
| |           | |  | |                       / /   \ \          | |                      / /          
| |__ __ __ __| |  | |__ __ __ __           / /     \ \         | |__ __ __ __ _        / /__/\          
|    __ __ __ __|  |  __ __ __ __|         / /__ _ __\ \        |_ __ __ __ _   |      / ___  /           
|   \              | |                    / _ _ _ _ _ _ \                     | |      \/  / /       
| |\ \             | |                   / /           \ \                    | |         / /          
| | \ \            | |                  / /             \ \                   | |        / /          
| |  \ \           | |                 / /               \ \                  | |       / /          
| |   \ \__ __ _   | |                / /                 \ \     _ __ __ __ _| |      / /          
|_|    \__ __ __\  |_|               /_/                   \_\   /_ __ __ __ ___|      \/             team

Attachement du package : ‘Rfast’

Les objets suivants sont masqués depuis ‘package:robustbase’:

    colMedians, rowMedians

L'objet suivant est masqué depuis ‘package:data.table’:

    transpose

Le chargement a nécessité le package : lattice

Attachement du package : ‘plotly’

L'objet suivant est masqué depuis ‘package:ggplot2’:

    last_plot

L'objet suivant est masqué depuis ‘package:MASS’:

    select

L'objet suivant est masqué depuis ‘package:stats’:

    filter

L'objet suivant est masqué depuis ‘package:graphics’:

    layout


Attachement du package : ‘dplyr’

L'objet suivant est masqué depuis ‘package:Rfast’:

    nth

Les objets suivants sont masqués depuis ‘package:data.table’:

    between, first, last

L'objet suivant est masqué depuis ‘package:MASS’:

    select

Les objets suivants sont masqués depuis ‘package:stats’:

    filter, lag

Les objets suivants sont masqués depuis ‘package:base’:

    intersect, setdiff, setequal, union


Attachement du package : ‘kernlab’

L'objet suivant est masqué depuis ‘package:ggplot2’:

    alpha

Le chargement a nécessité le package : corpcor

Attachement du package : ‘corpcor’

L'objet suivant est masqué depuis ‘package:matrixcalc’:

    is.positive.definite

Loaded glmnet 4.1-8

Loaded mixOmics 6.25.1
Thank you for using mixOmics!
Tutorials: http://mixomics.org
Bookdown vignette: https://mixomicsteam.github.io/Bookdown
Questions, issues: Follow the prompts at http://mixomics.org/contact-us
Cite us:  citation('mixOmics')

[1] "kernel: linear"
[1] "trait: I"
                RF_wiser SVR_wiser GBLUP_wiser RKHS_wiser LASSO_wiser
gp_scenario_1      0.570     0.460     0.46000     0.3200          NA
gp_scenario_2      0.320     0.270     0.30000     0.2300     -0.0170
gp_scenario_3      0.140     0.320     0.21000     0.0410      0.0800
gp_scenario_4      0.700     0.610     0.63000     0.4400          NA
gp_scenario_5      0.530     0.480     0.50000     0.4200          NA
gp_scenario_6      0.360     0.300     0.21000     0.0920          NA
gp_scenario_7      0.360     0.380     0.32000     0.2000          NA
gp_scenario_8      0.400     0.280     0.12000    -0.0110     -0.1400
gp_scenario_9      0.420     0.400     0.39000     0.3000          NA
gp_scenario_10     0.340     0.320     0.26000     0.2200          NA
gp_scenario_11     0.380     0.330     0.34000     0.3000          NA
gp_scenario_12     0.410     0.360     0.30000     0.1700          NA
gp_scenario_13     0.500     0.480     0.46000     0.2800      0.1900
gp_scenario_14     0.790     0.680     0.59000     0.5800          NA
gp_scenario_15     0.280     0.390     0.40000     0.3300          NA
gp_scenario_16     0.320     0.210     0.22000     0.0660     -0.0020
gp_scenario_17     0.110     0.230     0.17000     0.0840          NA
gp_scenario_18     0.120     0.190     0.19000     0.1400      0.1900
gp_scenario_19     0.430     0.310     0.18000     0.0570          NA
gp_scenario_20     0.310     0.300     0.18000     0.1000      0.1200
gp_scenario_21     0.200     0.340     0.16000     0.1400      0.1200
gp_scenario_22     0.670     0.770     0.77000     0.7100          NA
gp_scenario_23     0.660     0.450     0.39000     0.2500          NA
gp_scenario_24     0.360     0.320     0.39000     0.1300      0.1800
gp_scenario_25     0.410     0.340     0.27000     0.1100          NA
gp_scenario_26     0.470     0.480     0.38000     0.3200      0.0670
gp_scenario_27     0.460     0.220     0.32000     0.1800          NA
gp_scenario_28     0.690     0.630     0.58000     0.4500          NA
gp_scenario_29     0.096     0.180     0.25000     0.1300     -0.1300
gp_scenario_30     0.320     0.230     0.08200     0.0540      0.0110
gp_scenario_31    -0.019     0.130     0.15000     0.0097     -0.1400
gp_scenario_32     0.420     0.360     0.33000     0.2900     -0.0830
gp_scenario_33     0.490     0.530     0.47000     0.4700      0.0970
gp_scenario_34     0.720     0.670     0.62000     0.5500          NA
gp_scenario_35     0.088     0.160     0.12000     0.0270     -0.2000
gp_scenario_36     0.530     0.400     0.31000     0.1100      0.1100
gp_scenario_37     0.390     0.420     0.37000     0.1800     -0.1800
gp_scenario_38     0.360     0.320     0.31000     0.2000      0.1500
gp_scenario_39     0.620     0.480     0.45000     0.3500      0.3000
gp_scenario_40     0.650     0.530     0.50000     0.4500      0.3800
gp_scenario_41     0.650     0.570     0.53000     0.4500      0.3000
gp_scenario_42     0.550     0.500     0.48000     0.3600      0.1200
gp_scenario_43     0.410     0.340     0.26000     0.2200     -0.1200
gp_scenario_44     0.120     0.270     0.28000     0.0880      0.0900
gp_scenario_45     0.590     0.640     0.64000     0.5600      0.2400
gp_scenario_46     0.400     0.290     0.26000     0.1400     -0.0180
gp_scenario_47     0.310     0.430     0.38000     0.1800          NA
gp_scenario_48     0.370     0.280     0.23000     0.1800          NA
gp_scenario_49     0.440     0.430     0.41000     0.3900     -0.0087
gp_scenario_50     0.500     0.370     0.22000     0.0510     -0.1700
gp_scenario_51     0.690     0.570     0.52000     0.3200     -0.1300
gp_scenario_52     0.120     0.210     0.09400     0.0049     -0.1500
gp_scenario_53     0.370     0.370     0.34000     0.2700          NA
gp_scenario_54     0.170     0.200     0.21000     0.0930     -0.0860
gp_scenario_55     0.380     0.430     0.39000     0.2500      0.0160
gp_scenario_56     0.290     0.190     0.05600    -0.1300      0.0050
gp_scenario_57     0.280     0.200     0.13000    -0.0450     -0.1100
gp_scenario_58     0.360     0.350     0.35000     0.2600      0.1600
gp_scenario_59     0.660     0.580     0.50000     0.4400      0.0580
gp_scenario_60     0.450     0.370     0.35000     0.2500      0.2700
gp_scenario_61     0.590     0.560     0.50000     0.3900      0.2400
gp_scenario_62     0.600     0.560     0.44000     0.4400      0.0990
gp_scenario_63     0.520     0.500     0.47000     0.3600      0.2800
gp_scenario_64     0.370     0.480     0.42000     0.2900      0.3100
gp_scenario_65     0.430     0.320     0.31000     0.1300      0.0660
gp_scenario_66     0.370     0.380     0.35000     0.1900          NA
gp_scenario_67     0.470     0.420     0.41000     0.3300          NA
gp_scenario_68     0.380     0.410     0.28000     0.2000      0.0960
gp_scenario_69     0.400     0.370     0.23000     0.1400      0.0480
gp_scenario_70     0.310     0.200     0.18000     0.0880     -0.0810
gp_scenario_71     0.710     0.590     0.54000     0.4400          NA
gp_scenario_72     0.600     0.600     0.53000     0.4500      0.1500
gp_scenario_73     0.074     0.340     0.28000     0.0380      0.0380
gp_scenario_74     0.018     0.240     0.18000    -0.0170     -0.2400
gp_scenario_75     0.510     0.580     0.53000     0.5100          NA
gp_scenario_76     0.430     0.590     0.52000     0.4000      0.2100
gp_scenario_77    -0.046    -0.021    -0.08400    -0.1400     -0.0900
gp_scenario_78     0.290     0.280     0.18000     0.0910     -0.2400
gp_scenario_79     0.580     0.470     0.50000     0.3700          NA
gp_scenario_80     0.570     0.590     0.60000     0.6000          NA
gp_scenario_81     0.300     0.510     0.44000     0.4100     -0.0580
gp_scenario_82     0.320     0.390     0.35000     0.2300          NA
gp_scenario_83     0.630     0.530     0.51000     0.4000          NA
gp_scenario_84     0.450     0.440     0.35000     0.2000      0.3000
gp_scenario_85     0.670     0.570     0.54000     0.4900      0.3300
gp_scenario_86     0.420     0.400     0.26000     0.1800      0.1100
gp_scenario_87     0.160     0.200     0.20000     0.0054      0.1200
gp_scenario_88     0.034     0.410     0.30000     0.2700      0.1100
gp_scenario_89     0.750     0.640     0.62000     0.5800          NA
gp_scenario_90     0.600     0.540     0.55000     0.4300          NA
gp_scenario_91     0.570     0.620     0.58000     0.5600          NA
gp_scenario_92     0.510     0.460     0.43000     0.3500      0.3600
gp_scenario_93     0.420     0.140     0.00046    -0.0068     -0.0630
gp_scenario_94    -0.047     0.039     0.02100    -0.1100      0.0220
gp_scenario_95     0.260     0.420     0.37000     0.2500          NA
gp_scenario_96     0.560     0.480     0.47000     0.2800      0.2600
gp_scenario_97     0.290     0.270     0.23000     0.1100          NA
gp_scenario_98     0.300     0.360     0.38000     0.2400          NA
gp_scenario_99     0.290     0.320     0.22000     0.1500     -0.1700
gp_scenario_100    0.320     0.310     0.18000     0.1400     -0.0480
pa_median          0.400     0.380     0.35000     0.2300      0.0660
pa_iqr             0.240     0.200     0.25000     0.2600      0.2500
                RF_ls_means SVR_ls_means GBLUP_ls_means RKHS_ls_means
gp_scenario_1        0.3200       0.3000         0.1700        0.1200
gp_scenario_2       -0.0670      -0.0410         0.0200       -0.0220
gp_scenario_3        0.0280       0.1100         0.0430       -0.1400
gp_scenario_4        0.4500       0.4000         0.2800        0.2100
gp_scenario_5        0.2200       0.1300         0.0550        0.0240
gp_scenario_6        0.0770       0.0980         0.0710        0.0032
gp_scenario_7        0.0710       0.1500         0.0980        0.0220
gp_scenario_8        0.2500       0.3000         0.1100        0.0310
gp_scenario_9        0.3100       0.2400         0.1200        0.1100
gp_scenario_10       0.0980       0.0680        -0.0210       -0.1100
gp_scenario_11       0.3400       0.2900         0.2000        0.1800
gp_scenario_12       0.0820       0.0061        -0.0490       -0.1400
gp_scenario_13       0.1600       0.3300         0.2100        0.0850
gp_scenario_14       0.5300       0.4100         0.2600        0.2200
gp_scenario_15      -0.0350      -0.0400        -0.0380       -0.1700
gp_scenario_16       0.2000       0.2400         0.2200        0.1500
gp_scenario_17       0.0480       0.0580        -0.0410       -0.1300
gp_scenario_18      -0.2000      -0.0500        -0.0580       -0.1200
gp_scenario_19       0.1600       0.0460        -0.1300       -0.1500
gp_scenario_20       0.1300      -0.0500        -0.1400       -0.2400
gp_scenario_21      -0.1800      -0.1900        -0.3100       -0.3500
gp_scenario_22       0.3200       0.3700         0.3000        0.2300
gp_scenario_23       0.5000       0.3600         0.1500        0.0840
gp_scenario_24       0.2500       0.3000         0.2700        0.1000
gp_scenario_25       0.1700       0.1600         0.1100       -0.0054
gp_scenario_26       0.2100       0.2600         0.1300        0.0480
gp_scenario_27       0.2900       0.2400         0.1600        0.1200
gp_scenario_28       0.5000       0.3700         0.2200        0.2000
gp_scenario_29       0.0950       0.0640         0.0810       -0.1300
gp_scenario_30       0.2000       0.1600         0.0550       -0.0850
gp_scenario_31      -0.0310      -0.0390        -0.0180       -0.0300
gp_scenario_32      -0.0650       0.0049        -0.0590       -0.1200
gp_scenario_33       0.2600       0.3300         0.2400        0.2300
gp_scenario_34       0.5600       0.6000         0.4600        0.4000
gp_scenario_35      -0.0860      -0.0150        -0.0340       -0.1500
gp_scenario_36       0.2500       0.1800         0.0590       -0.0400
gp_scenario_37       0.1700       0.1800         0.0670       -0.1200
gp_scenario_38       0.1500       0.0920         0.0730       -0.0410
gp_scenario_39       0.3500       0.3200         0.2700        0.2400
gp_scenario_40       0.1600       0.1900         0.0700        0.0160
gp_scenario_41       0.3100       0.2500         0.1900        0.1600
gp_scenario_42       0.4000       0.3800         0.2900        0.2100
gp_scenario_43       0.0550      -0.0540        -0.1200       -0.1800
gp_scenario_44       0.1200       0.0610         0.0960       -0.0180
gp_scenario_45       0.4000       0.3600         0.2500        0.1700
gp_scenario_46       0.1200       0.0110        -0.0280       -0.0840
gp_scenario_47       0.2400       0.3400         0.2700        0.1600
gp_scenario_48       0.0850       0.0160        -0.0960       -0.1900
gp_scenario_49       0.1800       0.2200         0.1800        0.0910
gp_scenario_50       0.1000       0.0700        -0.0850       -0.1900
gp_scenario_51       0.2700       0.2200         0.0300       -0.1100
gp_scenario_52      -0.1800      -0.1200        -0.1800       -0.3300
gp_scenario_53       0.0290       0.0750         0.0520        0.0300
gp_scenario_54       0.2300       0.2900         0.2600        0.2100
gp_scenario_55       0.2300       0.0970         0.0580       -0.0760
gp_scenario_56       0.1000       0.0590        -0.0460       -0.2300
gp_scenario_57       0.0380       0.0630         0.0640       -0.1400
gp_scenario_58       0.1700       0.1000         0.0280        0.0310
gp_scenario_59       0.3400       0.2600         0.1400        0.0780
gp_scenario_60       0.3000       0.2700         0.1900        0.1700
gp_scenario_61       0.3200       0.3500         0.2400        0.1800
gp_scenario_62       0.1800       0.1200         0.0045       -0.0510
gp_scenario_63       0.3800       0.4300         0.3700        0.3100
gp_scenario_64       0.0220       0.1800         0.1300        0.0940
gp_scenario_65      -0.0210      -0.0400        -0.0540       -0.2500
gp_scenario_66      -0.0690      -0.0180        -0.0660       -0.2300
gp_scenario_67       0.1200       0.1200         0.1300        0.0082
gp_scenario_68       0.0048       0.1300        -0.0032       -0.2000
gp_scenario_69      -0.0320       0.0730        -0.0760       -0.0900
gp_scenario_70      -0.0860      -0.1100        -0.0700       -0.1800
gp_scenario_71       0.3500       0.2800         0.1100        0.0750
gp_scenario_72       0.2400       0.3100         0.1500       -0.0073
gp_scenario_73       0.1100       0.0850         0.0770       -0.1200
gp_scenario_74       0.1900       0.1900         0.0960        0.0250
gp_scenario_75       0.2700       0.2700         0.2300        0.2100
gp_scenario_76      -0.0450       0.2000         0.1400        0.0890
gp_scenario_77      -0.2000      -0.1200        -0.1500       -0.1900
gp_scenario_78       0.4000       0.2000         0.1700        0.0290
gp_scenario_79       0.3800       0.3400         0.2400        0.1800
gp_scenario_80       0.3700       0.3600         0.3300        0.3200
gp_scenario_81       0.0320       0.0750         0.0190       -0.0770
gp_scenario_82       0.2200       0.2100         0.1200        0.0360
gp_scenario_83       0.3500       0.3600         0.2500        0.1400
gp_scenario_84       0.1000      -0.0012        -0.0520       -0.2400
gp_scenario_85       0.3100       0.3100         0.1800        0.1400
gp_scenario_86      -0.0730      -0.0790        -0.1400       -0.2100
gp_scenario_87       0.0230       0.0190         0.0330       -0.1400
gp_scenario_88       0.1300       0.1700         0.0770        0.0150
gp_scenario_89       0.3300       0.2800         0.1400        0.0540
gp_scenario_90       0.4100       0.4400         0.3500        0.2900
gp_scenario_91       0.2600       0.4000         0.2800        0.2300
gp_scenario_92       0.2400       0.2700         0.1900        0.1500
gp_scenario_93      -0.0510      -0.1700        -0.3100       -0.2700
gp_scenario_94      -0.2700      -0.1400        -0.1200       -0.2700
gp_scenario_95       0.2400       0.2400         0.1800        0.0950
gp_scenario_96       0.4900       0.3200         0.1800        0.1000
gp_scenario_97       0.1800       0.2300         0.0980       -0.0018
gp_scenario_98       0.2300       0.1900         0.1500        0.0760
gp_scenario_99       0.1100       0.0700        -0.0190       -0.0870
gp_scenario_100      0.0170       0.0170        -0.0930       -0.1300
pa_median            0.1800       0.1800         0.0960        0.0160
pa_iqr               0.2600       0.2300         0.2100        0.2600
                LASSO_ls_means RF_blups SVR_blups GBLUP_blups RKHS_blups
gp_scenario_1          -0.1400    0.470    0.3800      0.3000    0.20000
gp_scenario_2               NA    0.170    0.1700      0.1600    0.05300
gp_scenario_3               NA    0.097    0.2200      0.1400   -0.00740
gp_scenario_4           0.0200    0.170    0.2400      0.2000    0.05400
gp_scenario_5               NA    0.340    0.3000      0.2400    0.17000
gp_scenario_6               NA    0.190    0.1100      0.0410   -0.03200
gp_scenario_7          -0.0270    0.350    0.3100      0.2300    0.10000
gp_scenario_8               NA    0.290    0.3000      0.1700    0.04900
gp_scenario_9               NA    0.330    0.2500      0.2100    0.17000
gp_scenario_10              NA    0.066    0.0100     -0.0540   -0.20000
gp_scenario_11              NA    0.310    0.2800      0.2100    0.14000
gp_scenario_12              NA    0.440    0.3500      0.2800    0.22000
gp_scenario_13              NA    0.350    0.3400      0.3100    0.20000
gp_scenario_14              NA    0.430    0.3900      0.2600    0.18000
gp_scenario_15              NA    0.120    0.2200      0.2200    0.16000
gp_scenario_16         -0.0920    0.420    0.2800      0.2700    0.20000
gp_scenario_17         -0.1900    0.200    0.1700      0.0450    0.00076
gp_scenario_18              NA   -0.051    0.0022     -0.0200   -0.07600
gp_scenario_19              NA    0.320    0.2100      0.1300    0.02300
gp_scenario_20         -0.0290    0.210    0.1900      0.1100    0.03600
gp_scenario_21         -0.3800    0.078    0.0510     -0.0330   -0.11000
gp_scenario_22         -0.1300    0.520    0.6000      0.5500    0.48000
gp_scenario_23              NA    0.170    0.1200     -0.0086   -0.12000
gp_scenario_24              NA    0.430    0.4000      0.3800    0.30000
gp_scenario_25              NA    0.180    0.0900      0.0230   -0.12000
gp_scenario_26         -0.0580    0.240    0.2500      0.1700    0.05500
gp_scenario_27         -0.2300    0.150    0.0520     -0.0290   -0.15000
gp_scenario_28         -0.1100    0.400    0.4000      0.3100    0.29000
gp_scenario_29              NA    0.059    0.0530      0.1400    0.02000
gp_scenario_30         -0.1000    0.130    0.0740     -0.0290   -0.07100
gp_scenario_31              NA    0.220    0.1600      0.1500    0.04300
gp_scenario_32              NA    0.230    0.1300      0.0470    0.00420
gp_scenario_33              NA    0.200    0.3300      0.2100    0.16000
gp_scenario_34              NA    0.420    0.4600      0.3800    0.34000
gp_scenario_35              NA    0.130    0.0780      0.0200   -0.11000
gp_scenario_36         -0.2400    0.210    0.3400      0.2300    0.06000
gp_scenario_37              NA    0.290    0.2200      0.1400    0.01800
gp_scenario_38          0.0420    0.240    0.2100      0.1500    0.06800
gp_scenario_39              NA    0.280    0.2700      0.2000    0.15000
gp_scenario_40              NA    0.250    0.2200      0.0940   -0.02500
gp_scenario_41          0.0860    0.260    0.3200      0.2600    0.16000
gp_scenario_42              NA    0.420    0.4300      0.3800    0.31000
gp_scenario_43         -0.1800    0.098    0.0140     -0.0540   -0.13000
gp_scenario_44              NA    0.270    0.3200      0.2500    0.15000
gp_scenario_45         -0.0600    0.430    0.3500      0.2800    0.17000
gp_scenario_46              NA    0.140    0.1800      0.1300    0.01600
gp_scenario_47              NA    0.370    0.4400      0.3800    0.30000
gp_scenario_48         -0.1800    0.100   -0.0400      0.0093   -0.11000
gp_scenario_49              NA    0.280    0.3400      0.2700    0.28000
gp_scenario_50              NA    0.350    0.2900      0.2100    0.06000
gp_scenario_51              NA    0.340    0.1500      0.1100   -0.13000
gp_scenario_52         -0.2200   -0.130   -0.0016     -0.0470   -0.17000
gp_scenario_53          0.0860    0.200    0.2800      0.2400    0.16000
gp_scenario_54              NA    0.200    0.1800      0.1300    0.03600
gp_scenario_55              NA    0.250    0.4100      0.3200    0.27000
gp_scenario_56              NA    0.120    0.1000      0.0140   -0.12000
gp_scenario_57         -0.4400    0.064    0.1200      0.1100   -0.09200
gp_scenario_58              NA    0.320    0.2500      0.1900    0.23000
gp_scenario_59              NA    0.360    0.2600      0.1400   -0.00460
gp_scenario_60              NA    0.093    0.1600      0.0650   -0.02300
gp_scenario_61         -0.1800    0.250    0.2300      0.1500    0.01700
gp_scenario_62              NA    0.320    0.2800      0.2200    0.13000
gp_scenario_63              NA    0.360    0.3700      0.3100    0.22000
gp_scenario_64          0.0064    0.380    0.4700      0.4100    0.38000
gp_scenario_65              NA    0.190    0.0790      0.0280   -0.15000
gp_scenario_66              NA    0.170    0.0370      0.0490   -0.16000
gp_scenario_67              NA    0.280    0.3200      0.2800    0.23000
gp_scenario_68         -0.2300    0.100    0.0360     -0.1100   -0.18000
gp_scenario_69         -0.2000    0.430    0.4200      0.3400    0.34000
gp_scenario_70              NA   -0.061   -0.1200     -0.1500   -0.26000
gp_scenario_71              NA    0.410    0.3700      0.2500    0.22000
gp_scenario_72         -0.0086    0.290    0.2700      0.2200    0.02200
gp_scenario_73              NA    0.300    0.3200      0.2600    0.15000
gp_scenario_74              NA    0.110    0.2700      0.1900    0.02800
gp_scenario_75              NA    0.340    0.2900      0.3000    0.24000
gp_scenario_76              NA    0.320    0.4200      0.2900    0.08500
gp_scenario_77              NA    0.085    0.0530     -0.0290   -0.12000
gp_scenario_78          0.1600    0.260    0.3000      0.2200    0.12000
gp_scenario_79              NA    0.380    0.3200      0.2800    0.20000
gp_scenario_80         -0.0094    0.190    0.2800      0.2500    0.17000
gp_scenario_81         -0.3200    0.260    0.2700      0.2100    0.15000
gp_scenario_82              NA    0.300    0.3600      0.3100    0.24000
gp_scenario_83              NA    0.510    0.4400      0.3100    0.24000
gp_scenario_84         -0.1700    0.390    0.3700      0.2500    0.08700
gp_scenario_85              NA    0.130    0.1400      0.0860   -0.00800
gp_scenario_86         -0.2600    0.260    0.2000      0.1200    0.03600
gp_scenario_87              NA    0.052    0.1700      0.1500   -0.01300
gp_scenario_88         -0.0490    0.380    0.4000      0.2800    0.21000
gp_scenario_89              NA    0.340    0.2100      0.1900    0.07000
gp_scenario_90              NA    0.380    0.3400      0.2600    0.11000
gp_scenario_91              NA    0.320    0.3600      0.3000    0.20000
gp_scenario_92         -0.1400    0.360    0.2600      0.2000    0.14000
gp_scenario_93         -0.0550    0.330    0.0770     -0.0460   -0.12000
gp_scenario_94              NA    0.043    0.0200     -0.0130   -0.13000
gp_scenario_95              NA    0.320    0.4200      0.3300    0.27000
gp_scenario_96              NA    0.270    0.2500      0.1700    0.04600
gp_scenario_97         -0.3200    0.180    0.0600     -0.0490   -0.14000
gp_scenario_98              NA    0.270    0.2600      0.2000    0.15000
gp_scenario_99              NA    0.070   -0.0060     -0.0930   -0.13000
gp_scenario_100        -0.1300    0.150    0.1400      0.0640   -0.04000
pa_median              -0.1300    0.260    0.2600      0.2000    0.06000
pa_iqr                  0.1800    0.180    0.2000      0.2000    0.21000
                LASSO_blups
gp_scenario_1            NA
gp_scenario_2            NA
gp_scenario_3      -0.24000
gp_scenario_4      -0.04200
gp_scenario_5            NA
gp_scenario_6       0.13000
gp_scenario_7            NA
gp_scenario_8      -0.06800
gp_scenario_9            NA
gp_scenario_10     -0.28000
gp_scenario_11           NA
gp_scenario_12           NA
gp_scenario_13           NA
gp_scenario_14           NA
gp_scenario_15     -0.15000
gp_scenario_16           NA
gp_scenario_17           NA
gp_scenario_18     -0.17000
gp_scenario_19     -0.05800
gp_scenario_20     -0.04600
gp_scenario_21     -0.37000
gp_scenario_22           NA
gp_scenario_23           NA
gp_scenario_24      0.04200
gp_scenario_25      0.08500
gp_scenario_26     -0.11000
gp_scenario_27     -0.16000
gp_scenario_28           NA
gp_scenario_29     -0.01500
gp_scenario_30      0.03200
gp_scenario_31     -0.12000
gp_scenario_32           NA
gp_scenario_33     -0.13000
gp_scenario_34           NA
gp_scenario_35      0.05400
gp_scenario_36     -0.00530
gp_scenario_37           NA
gp_scenario_38     -0.19000
gp_scenario_39           NA
gp_scenario_40           NA
gp_scenario_41     -0.06700
gp_scenario_42           NA
gp_scenario_43     -0.24000
gp_scenario_44           NA
gp_scenario_45           NA
gp_scenario_46     -0.00800
gp_scenario_47           NA
gp_scenario_48           NA
gp_scenario_49     -0.22000
gp_scenario_50           NA
gp_scenario_51           NA
gp_scenario_52     -0.30000
gp_scenario_53           NA
gp_scenario_54     -0.10000
gp_scenario_55     -0.08100
gp_scenario_56           NA
gp_scenario_57           NA
gp_scenario_58           NA
gp_scenario_59           NA
gp_scenario_60           NA
gp_scenario_61           NA
gp_scenario_62           NA
gp_scenario_63     -0.06500
gp_scenario_64           NA
gp_scenario_65     -0.06500
gp_scenario_66      0.10000
gp_scenario_67           NA
gp_scenario_68     -0.19000
gp_scenario_69           NA
gp_scenario_70           NA
gp_scenario_71           NA
gp_scenario_72           NA
gp_scenario_73     -0.12000
gp_scenario_74     -0.13000
gp_scenario_75           NA
gp_scenario_76           NA
gp_scenario_77           NA
gp_scenario_78           NA
gp_scenario_79           NA
gp_scenario_80           NA
gp_scenario_81     -0.01500
gp_scenario_82      0.17000
gp_scenario_83           NA
gp_scenario_84           NA
gp_scenario_85           NA
gp_scenario_86     -0.15000
gp_scenario_87     -0.13000
gp_scenario_88     -0.04600
gp_scenario_89           NA
gp_scenario_90     -0.25000
gp_scenario_91      0.00120
gp_scenario_92      0.18000
gp_scenario_93           NA
gp_scenario_94           NA
gp_scenario_95           NA
gp_scenario_96     -0.04600
gp_scenario_97           NA
gp_scenario_98           NA
gp_scenario_99      0.00031
gp_scenario_100    -0.02300
pa_median          -0.06700
pa_iqr              0.14000
                GBLUP_wiser GBLUP_ls_means GBLUP_blups
gp_scenario_1          0.62        0.00033     0.00033
gp_scenario_2          0.78        0.00140     0.00310
gp_scenario_3          0.89        0.28000     0.48000
gp_scenario_4          0.45        0.00028     0.00097
gp_scenario_5          0.60        0.02400     0.00072
gp_scenario_6          0.80        0.00140     0.00160
gp_scenario_7          0.75        0.00160     0.00076
gp_scenario_8          0.62        0.00028     0.00065
gp_scenario_9          0.68        0.00560     0.00170
gp_scenario_10         0.82        0.00140     0.44000
gp_scenario_11         0.72        0.00038     0.00060
gp_scenario_12         0.81        0.36000     0.00072
gp_scenario_13         0.66        0.00040     0.00067
gp_scenario_14         0.59        0.00026     0.00170
gp_scenario_15         0.68        0.37000     0.00059
gp_scenario_16         0.76        0.00059     0.00091
gp_scenario_17         0.73        0.00160     0.00046
gp_scenario_18         0.88        0.48000     0.71000
gp_scenario_19         0.57        0.00076     0.00250
gp_scenario_20         0.82        0.01000     0.00140
gp_scenario_21         0.87        0.55000     0.51000
gp_scenario_22         0.33        0.00029     0.00021
gp_scenario_23         0.65        0.00041     0.00480
gp_scenario_24         0.66        0.00058     0.00024
gp_scenario_25         0.83        0.00280     0.69000
gp_scenario_26         0.67        0.00051     0.00057
gp_scenario_27         0.77        0.00061     0.44000
gp_scenario_28         0.57        0.00062     0.00038
gp_scenario_29         0.86        0.00490     0.00160
gp_scenario_30         0.81        0.14000     0.53000
gp_scenario_31         0.76        0.03300     0.00170
gp_scenario_32         0.74        0.36000     0.00420
gp_scenario_33         0.71        0.00021     0.00110
gp_scenario_34         0.48        0.00021     0.00034
gp_scenario_35         0.85        0.37000     0.00270
gp_scenario_36         0.71        0.00077     0.00062
gp_scenario_37         0.74        0.00200     0.00094
gp_scenario_38         0.78        0.00810     0.00160
gp_scenario_39         0.66        0.00044     0.00068
gp_scenario_40         0.63        0.00055     0.00270
gp_scenario_41         0.62        0.00050     0.00100
gp_scenario_42         0.69        0.00031     0.00027
gp_scenario_43         0.82        0.19000     0.59000
gp_scenario_44         0.74        0.00140     0.00088
gp_scenario_45         0.51        0.00039     0.00045
gp_scenario_46         0.81        0.00210     0.00270
gp_scenario_47         0.76        0.00067     0.00038
gp_scenario_48         0.75        0.00480     0.00320
gp_scenario_49         0.72        0.00500     0.00072
gp_scenario_50         0.64        0.00088     0.00510
gp_scenario_51         0.58        0.00053     0.00200
gp_scenario_52         0.81        0.34000     0.57000
gp_scenario_53         0.73        0.00120     0.00055
gp_scenario_54         0.75        0.00054     0.00200
gp_scenario_55         0.73        0.00230     0.00043
gp_scenario_56         0.78        0.26000     0.33000
gp_scenario_57         0.80        0.01100     0.00600
gp_scenario_58         0.80        0.00120     0.00064
gp_scenario_59         0.55        0.00037     0.00120
gp_scenario_60         0.73        0.00043     0.00120
gp_scenario_61         0.58        0.00046     0.00130
gp_scenario_62         0.64        0.00049     0.00040
gp_scenario_63         0.66        0.00026     0.00060
gp_scenario_64         0.72        0.00074     0.00030
gp_scenario_65         0.82        0.45000     0.64000
gp_scenario_66         0.81        0.30000     0.62000
gp_scenario_67         0.70        0.00440     0.00038
gp_scenario_68         0.72        0.00160     0.29000
gp_scenario_69         0.56        0.00038     0.00023
gp_scenario_70         0.76        0.01400     0.37000
gp_scenario_71         0.58        0.00065     0.00058
gp_scenario_72         0.59        0.00051     0.00180
gp_scenario_73         0.77        0.01500     0.00190
gp_scenario_74         0.84        0.00096     0.00110
gp_scenario_75         0.58        0.00042     0.00045
gp_scenario_76         0.61        0.00046     0.00072
gp_scenario_77         0.83        0.16000     0.48000
gp_scenario_78         0.87        0.00790     0.00090
gp_scenario_79         0.58        0.00038     0.00058
gp_scenario_80         0.36        0.00028     0.00045
gp_scenario_81         0.73        0.00170     0.00076
gp_scenario_82         0.73        0.00290     0.00053
gp_scenario_83         0.67        0.00050     0.00043
gp_scenario_84         0.74        0.31000     0.00077
gp_scenario_85         0.59        0.00027     0.52000
gp_scenario_86         0.76        0.46000     0.00290
gp_scenario_87         0.85        0.32000     0.00340
gp_scenario_88         0.73        0.00072     0.00040
gp_scenario_89         0.48        0.00038     0.00150
gp_scenario_90         0.58        0.00027     0.00100
gp_scenario_91         0.62        0.00035     0.00062
gp_scenario_92         0.73        0.00054     0.00083
gp_scenario_93         0.68        0.00087     0.00290
gp_scenario_94         0.84        0.40000     0.43000
gp_scenario_95         0.71        0.00140     0.00029
gp_scenario_96         0.73        0.00040     0.00390
gp_scenario_97         0.73        0.00053     0.07200
gp_scenario_98         0.66        0.00073     0.00043
gp_scenario_99         0.80        0.35000     0.59000
gp_scenario_100        0.83        0.00870     0.00140
h2_median              0.73        0.00092     0.00110
h2_iqr                 0.16        0.00860     0.00270
